
> sports-organisation-frontend@1.0.0 test
> vitest run


[1m[46m RUN [49m[22m [36mv4.1.3 [39m[90m/Users/nkasozi/Documents/GitHub/SportsOrganisationManagementSystem/frontend[39m

 [32m✓[39m src/lib/presentation/logic/competitionResultsWorkspaceControllerDependencies.test.ts [2m([22m[2m1 test[22m[2m)[22m[32m 40[2mms[22m[39m
 [32m✓[39m src/lib/presentation/logic/competitionResultsPageControllerDependencies.test.ts [2m([22m[2m1 test[22m[2m)[22m[32m 41[2mms[22m[39m
 [32m✓[39m src/lib/adapters/iam/localAuthenticationSessionKey.test.ts [2m([22m[2m4 tests[22m[2m)[22m[32m 60[2mms[22m[39m
 [32m✓[39m src/lib/presentation/logic/matchReportPageDependencies.test.ts [2m([22m[2m1 test[22m[2m)[22m[32m 33[2mms[22m[39m
 [32m✓[39m src/lib/infrastructure/sync/seedPermissionsBuilders.test.ts [2m([22m[2m3 tests[22m[2m)[22m[32m 12[2mms[22m[39m
 [32m✓[39m src/lib/core/usecases/OrganizationUseCases.test.ts [2m([22m[2m18 tests[22m[2m)[22m[32m 18[2mms[22m[39m
 [32m✓[39m src/lib/infrastructure/cache/AuthCache.test.ts [2m([22m[2m14 tests[22m[2m)[22m[32m 26[2mms[22m[39m
 [32m✓[39m src/lib/presentation/logic/dashboardPageLogic.test.ts [2m([22m[2m23 tests[22m[2m)[22m[32m 35[2mms[22m[39m
[90mstdout[2m | src/lib/adapters/iam/LocalAuthenticationAdapter.test.ts[2m > [22m[2mLocalAuthenticationAdapter[2m > [22m[2mgenerate_token[2m > [22m[2mshould generate a valid JWT-like token
[22m[39m[Auth] Token generated {
  event: [32m'token_generated'[39m,
  user_id: [32m'test-user-123'[39m,
  role: [32m'super_admin'[39m
}

[90mstdout[2m | src/lib/adapters/iam/LocalAuthenticationAdapter.test.ts[2m > [22m[2mLocalAuthenticationAdapter[2m > [22m[2mgenerate_token[2m > [22m[2mshould include issued_at and expires_at in the payload
[22m[39m[Auth] Token generated {
  event: [32m'token_generated'[39m,
  user_id: [32m'test-user-123'[39m,
  role: [32m'super_admin'[39m
}

[90mstdout[2m | src/lib/adapters/iam/LocalAuthenticationAdapter.test.ts[2m > [22m[2mLocalAuthenticationAdapter[2m > [22m[2mgenerate_token[2m > [22m[2mshould set expiry to 7 days from now
[22m[39m[Auth] Token generated {
  event: [32m'token_generated'[39m,
  user_id: [32m'test-user-123'[39m,
  role: [32m'super_admin'[39m
}

[90mstdout[2m | src/lib/adapters/iam/LocalAuthenticationAdapter.test.ts[2m > [22m[2mLocalAuthenticationAdapter[2m > [22m[2mgenerate_token[2m > [22m[2mshould generate token with three parts separated by dots
[22m[39m[Auth] Token generated {
  event: [32m'token_generated'[39m,
  user_id: [32m'test-user-123'[39m,
  role: [32m'super_admin'[39m
}

[90mstdout[2m | src/lib/adapters/iam/LocalAuthenticationAdapter.test.ts[2m > [22m[2mLocalAuthenticationAdapter[2m > [22m[2mverify_token[2m > [22m[2mshould verify a valid token successfully
[22m[39m[Auth] Token generated {
  event: [32m'token_generated'[39m,
  user_id: [32m'test-user-123'[39m,
  role: [32m'super_admin'[39m
}

[90mstdout[2m | src/lib/adapters/iam/LocalAuthenticationAdapter.test.ts[2m > [22m[2mLocalAuthenticationAdapter[2m > [22m[2mverify_token[2m > [22m[2mshould verify a valid token successfully
[22m[39m[Auth] Token verified { event: [32m'token_verified'[39m, user_id: [32m'test-user-123'[39m }

[90mstdout[2m | src/lib/adapters/iam/LocalAuthenticationAdapter.test.ts[2m > [22m[2mLocalAuthenticationAdapter[2m > [22m[2mverify_token[2m > [22m[2mshould verify public viewer tokens without loading a system user
[22m[39m[Auth] Token generated {
  event: [32m'token_generated'[39m,
  user_id: [32m'public-viewer'[39m,
  role: [32m'public_viewer'[39m
}

[90mstdout[2m | src/lib/adapters/iam/LocalAuthenticationAdapter.test.ts[2m > [22m[2mLocalAuthenticationAdapter[2m > [22m[2mverify_token[2m > [22m[2mshould verify public viewer tokens without loading a system user
[22m[39m[Auth] Token verified {
  event: [32m'token_verified'[39m,
  user_id: [32m'public-viewer'[39m,
  role: [32m'public_viewer'[39m
}

[90mstdout[2m | src/lib/adapters/iam/LocalAuthenticationAdapter.test.ts[2m > [22m[2mLocalAuthenticationAdapter[2m > [22m[2mverify_token[2m > [22m[2mshould detect tampered token
[22m[39m[Auth] Token generated {
  event: [32m'token_generated'[39m,
  user_id: [32m'test-user-123'[39m,
  role: [32m'super_admin'[39m
}

[90mstderr[2m | src/lib/adapters/iam/LocalAuthenticationAdapter.test.ts[2m > [22m[2mLocalAuthenticationAdapter[2m > [22m[2mverify_token[2m > [22m[2mshould detect tampered token
[22m[39m[Auth] Token signature verification failed { event: [32m'token_tampered'[39m }

[90mstdout[2m | src/lib/adapters/iam/LocalAuthenticationAdapter.test.ts[2m > [22m[2mLocalAuthenticationAdapter[2m > [22m[2mverify_token[2m > [22m[2mshould detect expired token
[22m[39m[Auth] Token generated {
  event: [32m'token_generated'[39m,
  user_id: [32m'test-user-123'[39m,
  role: [32m'super_admin'[39m
}

[90mstdout[2m | src/lib/adapters/iam/LocalAuthenticationAdapter.test.ts[2m > [22m[2mLocalAuthenticationAdapter[2m > [22m[2mverify_token[2m > [22m[2mshould detect expired token
[22m[39m[Auth] Token generated {
  event: [32m'token_generated'[39m,
  user_id: [32m'test-user-123'[39m,
  role: [32m'super_admin'[39m
}

 [32m✓[39m src/lib/presentation/stores/authInitialize.test.ts [2m([22m[2m6 tests[22m[2m)[22m[33m 389[2mms[22m[39m
     [33m[2m✓[22m[39m returns immediately when auth is already initialized [33m 359[2mms[22m[39m
[90mstderr[2m | src/lib/adapters/iam/LocalAuthenticationAdapter.test.ts[2m > [22m[2mLocalAuthenticationAdapter[2m > [22m[2mverify_token[2m > [22m[2mshould detect expired token
[22m[39m[Auth] Token signature verification failed { event: [32m'token_tampered'[39m }

 [32m✓[39m src/lib/adapters/iam/LocalAuthenticationAdapter.test.ts [2m([22m[2m10 tests[22m[2m)[22m[32m 28[2mms[22m[39m
[90mstdout[2m | src/lib/presentation/stores/branding.test.ts[2m > [22m[2mbranding[2m > [22m[2mloads organization settings and updates the active theme colors
[22m[39m[BrandingStore] Loaded org settings {
  event: [32m'branding_loaded_from_settings'[39m,
  organization_id: [32m'organization-1'[39m
}

 [32m✓[39m src/lib/presentation/stores/authStoreCore.test.ts [2m([22m[2m6 tests[22m[2m)[22m[32m 59[2mms[22m[39m
[90mstdout[2m | src/lib/presentation/stores/branding.test.ts[2m > [22m[2mbranding[2m > [22m[2mmigrates the current branding into organization settings when none exist
[22m[39m[BrandingStore] Auto-migrated local branding to OrganizationSettings { event: [32m'branding_auto_migrated'[39m, organization_id: [32m'organization-2'[39m }

 [32m✓[39m src/lib/presentation/stores/branding.test.ts [2m([22m[2m3 tests[22m[2m)[22m[32m 68[2mms[22m[39m
 [32m✓[39m src/lib/presentation/stores/syncStore.test.ts [2m([22m[2m5 tests[22m[2m)[22m[32m 79[2mms[22m[39m
 [32m✓[39m src/lib/infrastructure/sync/backgroundSyncService.test.ts [2m([22m[2m46 tests[22m[2m)[22m[32m 29[2mms[22m[39m
 [32m✓[39m src/lib/infrastructure/sync/schemaAlignment.test.ts [2m([22m[2m52 tests[22m[2m)[22m[32m 25[2mms[22m[39m
 [32m✓[39m src/lib/presentation/components/calendar/calendarSubscriptionManagerLogic.test.ts [2m([22m[2m9 tests[22m[2m)[22m[32m 25[2mms[22m[39m
[90mstdout[2m | src/lib/adapters/initialization/organizationDefaultsSeeder.test.ts[2m > [22m[2mseed_default_lookup_entities_for_organization[2m > [22m[2mcalls seed_with_data on the gender repository
[22m[39m[OrganizationDefaults] Starting seeding { event: [32m'org_seeding_start'[39m, organization_id: [32m'org-abc'[39m }
[OrganizationDefaults] Seeding genders { event: [32m'seed_step_start'[39m, step_name: [32m'genders'[39m }

[90mstdout[2m | src/lib/adapters/initialization/organizationDefaultsSeeder.test.ts[2m > [22m[2mseed_default_lookup_entities_for_organization[2m > [22m[2mcalls seed_with_data on the gender repository
[22m[39m[OrganizationDefaults] genders seeded { event: [32m'seed_step_complete'[39m, step_name: [32m'genders'[39m, count: [33m2[39m }

[90mstdout[2m | src/lib/adapters/initialization/organizationDefaultsSeeder.test.ts[2m > [22m[2mseed_default_lookup_entities_for_organization[2m > [22m[2mcalls seed_with_data on the gender repository
[22m[39m[OrganizationDefaults] Seeding identification_types { event: [32m'seed_step_start'[39m, step_name: [32m'identification_types'[39m }

[90mstdout[2m | src/lib/adapters/initialization/organizationDefaultsSeeder.test.ts[2m > [22m[2mseed_default_lookup_entities_for_organization[2m > [22m[2mcalls seed_with_data on the gender repository
[22m[39m[OrganizationDefaults] identification_types seeded {
  event: [32m'seed_step_complete'[39m,
  step_name: [32m'identification_types'[39m,
  count: [33m2[39m
}

[90mstdout[2m | src/lib/adapters/initialization/organizationDefaultsSeeder.test.ts[2m > [22m[2mseed_default_lookup_entities_for_organization[2m > [22m[2mcalls seed_with_data on the gender repository
[22m[39m[OrganizationDefaults] Seeding player_positions { event: [32m'seed_step_start'[39m, step_name: [32m'player_positions'[39m }

[90mstdout[2m | src/lib/adapters/initialization/organizationDefaultsSeeder.test.ts[2m > [22m[2mseed_default_lookup_entities_for_organization[2m > [22m[2mcalls seed_with_data on the gender repository
[22m[39m[OrganizationDefaults] player_positions seeded {
  event: [32m'seed_step_complete'[39m,
  step_name: [32m'player_positions'[39m,
  count: [33m2[39m
}

[90mstdout[2m | src/lib/adapters/initialization/organizationDefaultsSeeder.test.ts[2m > [22m[2mseed_default_lookup_entities_for_organization[2m > [22m[2mcalls seed_with_data on the gender repository
[22m[39m[OrganizationDefaults] Seeding game_official_roles { event: [32m'seed_step_start'[39m, step_name: [32m'game_official_roles'[39m }

[90mstdout[2m | src/lib/adapters/initialization/organizationDefaultsSeeder.test.ts[2m > [22m[2mseed_default_lookup_entities_for_organization[2m > [22m[2mcalls seed_with_data on the gender repository
[22m[39m[OrganizationDefaults] game_official_roles seeded {
  event: [32m'seed_step_complete'[39m,
  step_name: [32m'game_official_roles'[39m,
  count: [33m2[39m
}

[90mstdout[2m | src/lib/adapters/initialization/organizationDefaultsSeeder.test.ts[2m > [22m[2mseed_default_lookup_entities_for_organization[2m > [22m[2mcalls seed_with_data on the gender repository
[22m[39m[OrganizationDefaults] Seeding game_event_types { event: [32m'seed_step_start'[39m, step_name: [32m'game_event_types'[39m }

[90mstdout[2m | src/lib/adapters/initialization/organizationDefaultsSeeder.test.ts[2m > [22m[2mseed_default_lookup_entities_for_organization[2m > [22m[2mcalls seed_with_data on the gender repository
[22m[39m[OrganizationDefaults] game_event_types seeded {
  event: [32m'seed_step_complete'[39m,
  step_name: [32m'game_event_types'[39m,
  count: [33m2[39m
}

[90mstdout[2m | src/lib/adapters/initialization/organizationDefaultsSeeder.test.ts[2m > [22m[2mseed_default_lookup_entities_for_organization[2m > [22m[2mcalls seed_with_data on the gender repository
[22m[39m[OrganizationDefaults] Seeding team_staff_roles { event: [32m'seed_step_start'[39m, step_name: [32m'team_staff_roles'[39m }

[90mstdout[2m | src/lib/adapters/initialization/organizationDefaultsSeeder.test.ts[2m > [22m[2mseed_default_lookup_entities_for_organization[2m > [22m[2mcalls seed_with_data on the gender repository
[22m[39m[OrganizationDefaults] team_staff_roles seeded {
  event: [32m'seed_step_complete'[39m,
  step_name: [32m'team_staff_roles'[39m,
  count: [33m2[39m
}

[90mstdout[2m | src/lib/adapters/initialization/organizationDefaultsSeeder.test.ts[2m > [22m[2mseed_default_lookup_entities_for_organization[2m > [22m[2mcalls seed_with_data on the gender repository
[22m[39m[OrganizationDefaults] Seeding competition_formats { event: [32m'seed_step_start'[39m, step_name: [32m'competition_formats'[39m }

[90mstdout[2m | src/lib/adapters/initialization/organizationDefaultsSeeder.test.ts[2m > [22m[2mseed_default_lookup_entities_for_organization[2m > [22m[2mcalls seed_with_data on the gender repository
[22m[39m[OrganizationDefaults] competition_formats seeded {
  event: [32m'seed_step_complete'[39m,
  step_name: [32m'competition_formats'[39m,
  count: [33m2[39m
}

[90mstdout[2m | src/lib/adapters/initialization/organizationDefaultsSeeder.test.ts[2m > [22m[2mseed_default_lookup_entities_for_organization[2m > [22m[2mcalls seed_with_data on the gender repository
[22m[39m[OrganizationDefaults] All 7 steps completed {
  event: [32m'org_seeding_complete'[39m,
  organization_id: [32m'org-abc'[39m,
  genders_seeded: [33m2[39m,
  identification_types_seeded: [33m2[39m,
  player_positions_seeded: [33m2[39m,
  game_official_roles_seeded: [33m2[39m,
  game_event_types_seeded: [33m2[39m,
  team_staff_roles_seeded: [33m2[39m,
  competition_formats_seeded: [33m2[39m
}

[90mstdout[2m | src/lib/adapters/initialization/organizationDefaultsSeeder.test.ts[2m > [22m[2mseed_default_lookup_entities_for_organization[2m > [22m[2mseeds genders with data that includes the given organization_id
[22m[39m[OrganizationDefaults] Starting seeding { event: [32m'org_seeding_start'[39m, organization_id: [32m'org-abc'[39m }
[OrganizationDefaults] Seeding genders { event: [32m'seed_step_start'[39m, step_name: [32m'genders'[39m }

[90mstdout[2m | src/lib/adapters/initialization/organizationDefaultsSeeder.test.ts[2m > [22m[2mseed_default_lookup_entities_for_organization[2m > [22m[2mseeds genders with data that includes the given organization_id
[22m[39m[OrganizationDefaults] genders seeded { event: [32m'seed_step_complete'[39m, step_name: [32m'genders'[39m, count: [33m2[39m }

[90mstdout[2m | src/lib/adapters/initialization/organizationDefaultsSeeder.test.ts[2m > [22m[2mseed_default_lookup_entities_for_organization[2m > [22m[2mseeds genders with data that includes the given organization_id
[22m[39m[OrganizationDefaults] Seeding identification_types { event: [32m'seed_step_start'[39m, step_name: [32m'identification_types'[39m }

[90mstdout[2m | src/lib/adapters/initialization/organizationDefaultsSeeder.test.ts[2m > [22m[2mseed_default_lookup_entities_for_organization[2m > [22m[2mseeds genders with data that includes the given organization_id
[22m[39m[OrganizationDefaults] identification_types seeded {
  event: [32m'seed_step_complete'[39m,
  step_name: [32m'identification_types'[39m,
  count: [33m2[39m
}

[90mstdout[2m | src/lib/adapters/initialization/organizationDefaultsSeeder.test.ts[2m > [22m[2mseed_default_lookup_entities_for_organization[2m > [22m[2mseeds genders with data that includes the given organization_id
[22m[39m[OrganizationDefaults] Seeding player_positions { event: [32m'seed_step_start'[39m, step_name: [32m'player_positions'[39m }

[90mstdout[2m | src/lib/adapters/initialization/organizationDefaultsSeeder.test.ts[2m > [22m[2mseed_default_lookup_entities_for_organization[2m > [22m[2mseeds genders with data that includes the given organization_id
[22m[39m[OrganizationDefaults] player_positions seeded {
  event: [32m'seed_step_complete'[39m,
  step_name: [32m'player_positions'[39m,
  count: [33m2[39m
}

[90mstdout[2m | src/lib/adapters/initialization/organizationDefaultsSeeder.test.ts[2m > [22m[2mseed_default_lookup_entities_for_organization[2m > [22m[2mseeds genders with data that includes the given organization_id
[22m[39m[OrganizationDefaults] Seeding game_official_roles { event: [32m'seed_step_start'[39m, step_name: [32m'game_official_roles'[39m }

[90mstdout[2m | src/lib/adapters/initialization/organizationDefaultsSeeder.test.ts[2m > [22m[2mseed_default_lookup_entities_for_organization[2m > [22m[2mseeds genders with data that includes the given organization_id
[22m[39m[OrganizationDefaults] game_official_roles seeded {
  event: [32m'seed_step_complete'[39m,
  step_name: [32m'game_official_roles'[39m,
  count: [33m2[39m
}

[90mstdout[2m | src/lib/adapters/initialization/organizationDefaultsSeeder.test.ts[2m > [22m[2mseed_default_lookup_entities_for_organization[2m > [22m[2mseeds genders with data that includes the given organization_id
[22m[39m[OrganizationDefaults] Seeding game_event_types { event: [32m'seed_step_start'[39m, step_name: [32m'game_event_types'[39m }

[90mstdout[2m | src/lib/adapters/initialization/organizationDefaultsSeeder.test.ts[2m > [22m[2mseed_default_lookup_entities_for_organization[2m > [22m[2mseeds genders with data that includes the given organization_id
[22m[39m[OrganizationDefaults] game_event_types seeded {
  event: [32m'seed_step_complete'[39m,
  step_name: [32m'game_event_types'[39m,
  count: [33m2[39m
}

[90mstdout[2m | src/lib/adapters/initialization/organizationDefaultsSeeder.test.ts[2m > [22m[2mseed_default_lookup_entities_for_organization[2m > [22m[2mseeds genders with data that includes the given organization_id
[22m[39m[OrganizationDefaults] Seeding team_staff_roles { event: [32m'seed_step_start'[39m, step_name: [32m'team_staff_roles'[39m }

[90mstdout[2m | src/lib/adapters/initialization/organizationDefaultsSeeder.test.ts[2m > [22m[2mseed_default_lookup_entities_for_organization[2m > [22m[2mseeds genders with data that includes the given organization_id
[22m[39m[OrganizationDefaults] team_staff_roles seeded {
  event: [32m'seed_step_complete'[39m,
  step_name: [32m'team_staff_roles'[39m,
  count: [33m2[39m
}

[90mstdout[2m | src/lib/adapters/initialization/organizationDefaultsSeeder.test.ts[2m > [22m[2mseed_default_lookup_entities_for_organization[2m > [22m[2mseeds genders with data that includes the given organization_id
[22m[39m[OrganizationDefaults] Seeding competition_formats { event: [32m'seed_step_start'[39m, step_name: [32m'competition_formats'[39m }

[90mstdout[2m | src/lib/adapters/initialization/organizationDefaultsSeeder.test.ts[2m > [22m[2mseed_default_lookup_entities_for_organization[2m > [22m[2mseeds genders with data that includes the given organization_id
[22m[39m[OrganizationDefaults] competition_formats seeded {
  event: [32m'seed_step_complete'[39m,
  step_name: [32m'competition_formats'[39m,
  count: [33m2[39m
}

[90mstdout[2m | src/lib/adapters/initialization/organizationDefaultsSeeder.test.ts[2m > [22m[2mseed_default_lookup_entities_for_organization[2m > [22m[2mseeds genders with data that includes the given organization_id
[22m[39m[OrganizationDefaults] All 7 steps completed {
  event: [32m'org_seeding_complete'[39m,
  organization_id: [32m'org-abc'[39m,
  genders_seeded: [33m2[39m,
  identification_types_seeded: [33m2[39m,
  player_positions_seeded: [33m2[39m,
  game_official_roles_seeded: [33m2[39m,
  game_event_types_seeded: [33m2[39m,
  team_staff_roles_seeded: [33m2[39m,
  competition_formats_seeded: [33m2[39m
}

[90mstdout[2m | src/lib/adapters/initialization/organizationDefaultsSeeder.test.ts[2m > [22m[2mseed_default_lookup_entities_for_organization[2m > [22m[2mcalls seed_with_data on the identification type repository
[22m[39m[OrganizationDefaults] Starting seeding { event: [32m'org_seeding_start'[39m, organization_id: [32m'org-abc'[39m }
[OrganizationDefaults] Seeding genders { event: [32m'seed_step_start'[39m, step_name: [32m'genders'[39m }

[90mstdout[2m | src/lib/adapters/initialization/organizationDefaultsSeeder.test.ts[2m > [22m[2mseed_default_lookup_entities_for_organization[2m > [22m[2mcalls seed_with_data on the identification type repository
[22m[39m[OrganizationDefaults] genders seeded { event: [32m'seed_step_complete'[39m, step_name: [32m'genders'[39m, count: [33m2[39m }

[90mstdout[2m | src/lib/adapters/initialization/organizationDefaultsSeeder.test.ts[2m > [22m[2mseed_default_lookup_entities_for_organization[2m > [22m[2mcalls seed_with_data on the identification type repository
[22m[39m[OrganizationDefaults] Seeding identification_types { event: [32m'seed_step_start'[39m, step_name: [32m'identification_types'[39m }

[90mstdout[2m | src/lib/adapters/initialization/organizationDefaultsSeeder.test.ts[2m > [22m[2mseed_default_lookup_entities_for_organization[2m > [22m[2mcalls seed_with_data on the identification type repository
[22m[39m[OrganizationDefaults] identification_types seeded {
  event: [32m'seed_step_complete'[39m,
  step_name: [32m'identification_types'[39m,
  count: [33m2[39m
}

[90mstdout[2m | src/lib/adapters/initialization/organizationDefaultsSeeder.test.ts[2m > [22m[2mseed_default_lookup_entities_for_organization[2m > [22m[2mcalls seed_with_data on the identification type repository
[22m[39m[OrganizationDefaults] Seeding player_positions { event: [32m'seed_step_start'[39m, step_name: [32m'player_positions'[39m }

[90mstdout[2m | src/lib/adapters/initialization/organizationDefaultsSeeder.test.ts[2m > [22m[2mseed_default_lookup_entities_for_organization[2m > [22m[2mcalls seed_with_data on the identification type repository
[22m[39m[OrganizationDefaults] player_positions seeded {
  event: [32m'seed_step_complete'[39m,
  step_name: [32m'player_positions'[39m,
  count: [33m2[39m
}

[90mstdout[2m | src/lib/adapters/initialization/organizationDefaultsSeeder.test.ts[2m > [22m[2mseed_default_lookup_entities_for_organization[2m > [22m[2mcalls seed_with_data on the identification type repository
[22m[39m[OrganizationDefaults] Seeding game_official_roles { event: [32m'seed_step_start'[39m, step_name: [32m'game_official_roles'[39m }

[90mstdout[2m | src/lib/adapters/initialization/organizationDefaultsSeeder.test.ts[2m > [22m[2mseed_default_lookup_entities_for_organization[2m > [22m[2mcalls seed_with_data on the identification type repository
[22m[39m[OrganizationDefaults] game_official_roles seeded {
  event: [32m'seed_step_complete'[39m,
  step_name: [32m'game_official_roles'[39m,
  count: [33m2[39m
}

[90mstdout[2m | src/lib/adapters/initialization/organizationDefaultsSeeder.test.ts[2m > [22m[2mseed_default_lookup_entities_for_organization[2m > [22m[2mcalls seed_with_data on the identification type repository
[22m[39m[OrganizationDefaults] Seeding game_event_types { event: [32m'seed_step_start'[39m, step_name: [32m'game_event_types'[39m }

[90mstdout[2m | src/lib/adapters/initialization/organizationDefaultsSeeder.test.ts[2m > [22m[2mseed_default_lookup_entities_for_organization[2m > [22m[2mcalls seed_with_data on the identification type repository
[22m[39m[OrganizationDefaults] game_event_types seeded {
  event: [32m'seed_step_complete'[39m,
  step_name: [32m'game_event_types'[39m,
  count: [33m2[39m
}

[90mstdout[2m | src/lib/adapters/initialization/organizationDefaultsSeeder.test.ts[2m > [22m[2mseed_default_lookup_entities_for_organization[2m > [22m[2mcalls seed_with_data on the identification type repository
[22m[39m[OrganizationDefaults] Seeding team_staff_roles { event: [32m'seed_step_start'[39m, step_name: [32m'team_staff_roles'[39m }

[90mstdout[2m | src/lib/adapters/initialization/organizationDefaultsSeeder.test.ts[2m > [22m[2mseed_default_lookup_entities_for_organization[2m > [22m[2mcalls seed_with_data on the identification type repository
[22m[39m[OrganizationDefaults] team_staff_roles seeded {
  event: [32m'seed_step_complete'[39m,
  step_name: [32m'team_staff_roles'[39m,
  count: [33m2[39m
}

[90mstdout[2m | src/lib/adapters/initialization/organizationDefaultsSeeder.test.ts[2m > [22m[2mseed_default_lookup_entities_for_organization[2m > [22m[2mcalls seed_with_data on the identification type repository
[22m[39m[OrganizationDefaults] Seeding competition_formats { event: [32m'seed_step_start'[39m, step_name: [32m'competition_formats'[39m }

[90mstdout[2m | src/lib/adapters/initialization/organizationDefaultsSeeder.test.ts[2m > [22m[2mseed_default_lookup_entities_for_organization[2m > [22m[2mcalls seed_with_data on the identification type repository
[22m[39m[OrganizationDefaults] competition_formats seeded {
  event: [32m'seed_step_complete'[39m,
  step_name: [32m'competition_formats'[39m,
  count: [33m2[39m
}

[90mstdout[2m | src/lib/adapters/initialization/organizationDefaultsSeeder.test.ts[2m > [22m[2mseed_default_lookup_entities_for_organization[2m > [22m[2mcalls seed_with_data on the identification type repository
[22m[39m[OrganizationDefaults] All 7 steps completed {
  event: [32m'org_seeding_complete'[39m,
  organization_id: [32m'org-abc'[39m,
  genders_seeded: [33m2[39m,
  identification_types_seeded: [33m2[39m,
  player_positions_seeded: [33m2[39m,
  game_official_roles_seeded: [33m2[39m,
  game_event_types_seeded: [33m2[39m,
  team_staff_roles_seeded: [33m2[39m,
  competition_formats_seeded: [33m2[39m
}

[90mstdout[2m | src/lib/adapters/initialization/organizationDefaultsSeeder.test.ts[2m > [22m[2mseed_default_lookup_entities_for_organization[2m > [22m[2mseeds identification types with data that includes the given organization_id
[22m[39m[OrganizationDefaults] Starting seeding { event: [32m'org_seeding_start'[39m, organization_id: [32m'org-abc'[39m }
[OrganizationDefaults] Seeding genders { event: [32m'seed_step_start'[39m, step_name: [32m'genders'[39m }

[90mstdout[2m | src/lib/adapters/initialization/organizationDefaultsSeeder.test.ts[2m > [22m[2mseed_default_lookup_entities_for_organization[2m > [22m[2mseeds identification types with data that includes the given organization_id
[22m[39m[OrganizationDefaults] genders seeded { event: [32m'seed_step_complete'[39m, step_name: [32m'genders'[39m, count: [33m2[39m }

[90mstdout[2m | src/lib/adapters/initialization/organizationDefaultsSeeder.test.ts[2m > [22m[2mseed_default_lookup_entities_for_organization[2m > [22m[2mseeds identification types with data that includes the given organization_id
[22m[39m[OrganizationDefaults] Seeding identification_types { event: [32m'seed_step_start'[39m, step_name: [32m'identification_types'[39m }

[90mstdout[2m | src/lib/adapters/initialization/organizationDefaultsSeeder.test.ts[2m > [22m[2mseed_default_lookup_entities_for_organization[2m > [22m[2mseeds identification types with data that includes the given organization_id
[22m[39m[OrganizationDefaults] identification_types seeded {
  event: [32m'seed_step_complete'[39m,
  step_name: [32m'identification_types'[39m,
  count: [33m2[39m
}

[90mstdout[2m | src/lib/adapters/initialization/organizationDefaultsSeeder.test.ts[2m > [22m[2mseed_default_lookup_entities_for_organization[2m > [22m[2mseeds identification types with data that includes the given organization_id
[22m[39m[OrganizationDefaults] Seeding player_positions { event: [32m'seed_step_start'[39m, step_name: [32m'player_positions'[39m }

[90mstdout[2m | src/lib/adapters/initialization/organizationDefaultsSeeder.test.ts[2m > [22m[2mseed_default_lookup_entities_for_organization[2m > [22m[2mseeds identification types with data that includes the given organization_id
[22m[39m[OrganizationDefaults] player_positions seeded {
  event: [32m'seed_step_complete'[39m,
  step_name: [32m'player_positions'[39m,
  count: [33m2[39m
}

[90mstdout[2m | src/lib/adapters/initialization/organizationDefaultsSeeder.test.ts[2m > [22m[2mseed_default_lookup_entities_for_organization[2m > [22m[2mseeds identification types with data that includes the given organization_id
[22m[39m[OrganizationDefaults] Seeding game_official_roles { event: [32m'seed_step_start'[39m, step_name: [32m'game_official_roles'[39m }

[90mstdout[2m | src/lib/adapters/initialization/organizationDefaultsSeeder.test.ts[2m > [22m[2mseed_default_lookup_entities_for_organization[2m > [22m[2mseeds identification types with data that includes the given organization_id
[22m[39m[OrganizationDefaults] game_official_roles seeded {
  event: [32m'seed_step_complete'[39m,
  step_name: [32m'game_official_roles'[39m,
  count: [33m2[39m
}

[90mstdout[2m | src/lib/adapters/initialization/organizationDefaultsSeeder.test.ts[2m > [22m[2mseed_default_lookup_entities_for_organization[2m > [22m[2mseeds identification types with data that includes the given organization_id
[22m[39m[OrganizationDefaults] Seeding game_event_types { event: [32m'seed_step_start'[39m, step_name: [32m'game_event_types'[39m }

[90mstdout[2m | src/lib/adapters/initialization/organizationDefaultsSeeder.test.ts[2m > [22m[2mseed_default_lookup_entities_for_organization[2m > [22m[2mseeds identification types with data that includes the given organization_id
[22m[39m[OrganizationDefaults] game_event_types seeded {
  event: [32m'seed_step_complete'[39m,
  step_name: [32m'game_event_types'[39m,
  count: [33m2[39m
}

[90mstdout[2m | src/lib/adapters/initialization/organizationDefaultsSeeder.test.ts[2m > [22m[2mseed_default_lookup_entities_for_organization[2m > [22m[2mseeds identification types with data that includes the given organization_id
[22m[39m[OrganizationDefaults] Seeding team_staff_roles { event: [32m'seed_step_start'[39m, step_name: [32m'team_staff_roles'[39m }

[90mstdout[2m | src/lib/adapters/initialization/organizationDefaultsSeeder.test.ts[2m > [22m[2mseed_default_lookup_entities_for_organization[2m > [22m[2mseeds identification types with data that includes the given organization_id
[22m[39m[OrganizationDefaults] team_staff_roles seeded {
  event: [32m'seed_step_complete'[39m,
  step_name: [32m'team_staff_roles'[39m,
  count: [33m2[39m
}

[90mstdout[2m | src/lib/adapters/initialization/organizationDefaultsSeeder.test.ts[2m > [22m[2mseed_default_lookup_entities_for_organization[2m > [22m[2mseeds identification types with data that includes the given organization_id
[22m[39m[OrganizationDefaults] Seeding competition_formats { event: [32m'seed_step_start'[39m, step_name: [32m'competition_formats'[39m }

[90mstdout[2m | src/lib/adapters/initialization/organizationDefaultsSeeder.test.ts[2m > [22m[2mseed_default_lookup_entities_for_organization[2m > [22m[2mseeds identification types with data that includes the given organization_id
[22m[39m[OrganizationDefaults] competition_formats seeded {
  event: [32m'seed_step_complete'[39m,
  step_name: [32m'competition_formats'[39m,
  count: [33m2[39m
}

[90mstdout[2m | src/lib/adapters/initialization/organizationDefaultsSeeder.test.ts[2m > [22m[2mseed_default_lookup_entities_for_organization[2m > [22m[2mseeds identification types with data that includes the given organization_id
[22m[39m[OrganizationDefaults] All 7 steps completed {
  event: [32m'org_seeding_complete'[39m,
  organization_id: [32m'org-abc'[39m,
  genders_seeded: [33m2[39m,
  identification_types_seeded: [33m2[39m,
  player_positions_seeded: [33m2[39m,
  game_official_roles_seeded: [33m2[39m,
  game_event_types_seeded: [33m2[39m,
  team_staff_roles_seeded: [33m2[39m,
  competition_formats_seeded: [33m2[39m
}

[90mstdout[2m | src/lib/adapters/initialization/organizationDefaultsSeeder.test.ts[2m > [22m[2mseed_default_lookup_entities_for_organization[2m > [22m[2mcalls seed_with_data on the player position repository
[22m[39m[OrganizationDefaults] Starting seeding { event: [32m'org_seeding_start'[39m, organization_id: [32m'org-abc'[39m }
[OrganizationDefaults] Seeding genders { event: [32m'seed_step_start'[39m, step_name: [32m'genders'[39m }

[90mstdout[2m | src/lib/adapters/initialization/organizationDefaultsSeeder.test.ts[2m > [22m[2mseed_default_lookup_entities_for_organization[2m > [22m[2mcalls seed_with_data on the player position repository
[22m[39m[OrganizationDefaults] genders seeded { event: [32m'seed_step_complete'[39m, step_name: [32m'genders'[39m, count: [33m2[39m }

[90mstdout[2m | src/lib/adapters/initialization/organizationDefaultsSeeder.test.ts[2m > [22m[2mseed_default_lookup_entities_for_organization[2m > [22m[2mcalls seed_with_data on the player position repository
[22m[39m[OrganizationDefaults] Seeding identification_types { event: [32m'seed_step_start'[39m, step_name: [32m'identification_types'[39m }

[90mstdout[2m | src/lib/adapters/initialization/organizationDefaultsSeeder.test.ts[2m > [22m[2mseed_default_lookup_entities_for_organization[2m > [22m[2mcalls seed_with_data on the player position repository
[22m[39m[OrganizationDefaults] identification_types seeded {
  event: [32m'seed_step_complete'[39m,
  step_name: [32m'identification_types'[39m,
  count: [33m2[39m
}

[90mstdout[2m | src/lib/adapters/initialization/organizationDefaultsSeeder.test.ts[2m > [22m[2mseed_default_lookup_entities_for_organization[2m > [22m[2mcalls seed_with_data on the player position repository
[22m[39m[OrganizationDefaults] Seeding player_positions { event: [32m'seed_step_start'[39m, step_name: [32m'player_positions'[39m }

[90mstdout[2m | src/lib/adapters/initialization/organizationDefaultsSeeder.test.ts[2m > [22m[2mseed_default_lookup_entities_for_organization[2m > [22m[2mcalls seed_with_data on the player position repository
[22m[39m[OrganizationDefaults] player_positions seeded {
  event: [32m'seed_step_complete'[39m,
  step_name: [32m'player_positions'[39m,
  count: [33m2[39m
}

[90mstdout[2m | src/lib/adapters/initialization/organizationDefaultsSeeder.test.ts[2m > [22m[2mseed_default_lookup_entities_for_organization[2m > [22m[2mcalls seed_with_data on the player position repository
[22m[39m[OrganizationDefaults] Seeding game_official_roles { event: [32m'seed_step_start'[39m, step_name: [32m'game_official_roles'[39m }

[90mstdout[2m | src/lib/adapters/initialization/organizationDefaultsSeeder.test.ts[2m > [22m[2mseed_default_lookup_entities_for_organization[2m > [22m[2mcalls seed_with_data on the player position repository
[22m[39m[OrganizationDefaults] game_official_roles seeded {
  event: [32m'seed_step_complete'[39m,
  step_name: [32m'game_official_roles'[39m,
  count: [33m2[39m
}

[90mstdout[2m | src/lib/adapters/initialization/organizationDefaultsSeeder.test.ts[2m > [22m[2mseed_default_lookup_entities_for_organization[2m > [22m[2mcalls seed_with_data on the player position repository
[22m[39m[OrganizationDefaults] Seeding game_event_types { event: [32m'seed_step_start'[39m, step_name: [32m'game_event_types'[39m }

[90mstdout[2m | src/lib/adapters/initialization/organizationDefaultsSeeder.test.ts[2m > [22m[2mseed_default_lookup_entities_for_organization[2m > [22m[2mcalls seed_with_data on the player position repository
[22m[39m[OrganizationDefaults] game_event_types seeded {
  event: [32m'seed_step_complete'[39m,
  step_name: [32m'game_event_types'[39m,
  count: [33m2[39m
}

[90mstdout[2m | src/lib/adapters/initialization/organizationDefaultsSeeder.test.ts[2m > [22m[2mseed_default_lookup_entities_for_organization[2m > [22m[2mcalls seed_with_data on the player position repository
[22m[39m[OrganizationDefaults] Seeding team_staff_roles { event: [32m'seed_step_start'[39m, step_name: [32m'team_staff_roles'[39m }

[90mstdout[2m | src/lib/adapters/initialization/organizationDefaultsSeeder.test.ts[2m > [22m[2mseed_default_lookup_entities_for_organization[2m > [22m[2mcalls seed_with_data on the player position repository
[22m[39m[OrganizationDefaults] team_staff_roles seeded {
  event: [32m'seed_step_complete'[39m,
  step_name: [32m'team_staff_roles'[39m,
  count: [33m2[39m
}

[90mstdout[2m | src/lib/adapters/initialization/organizationDefaultsSeeder.test.ts[2m > [22m[2mseed_default_lookup_entities_for_organization[2m > [22m[2mcalls seed_with_data on the player position repository
[22m[39m[OrganizationDefaults] Seeding competition_formats { event: [32m'seed_step_start'[39m, step_name: [32m'competition_formats'[39m }

[90mstdout[2m | src/lib/adapters/initialization/organizationDefaultsSeeder.test.ts[2m > [22m[2mseed_default_lookup_entities_for_organization[2m > [22m[2mcalls seed_with_data on the player position repository
[22m[39m[OrganizationDefaults] competition_formats seeded {
  event: [32m'seed_step_complete'[39m,
  step_name: [32m'competition_formats'[39m,
  count: [33m2[39m
}

[90mstdout[2m | src/lib/adapters/initialization/organizationDefaultsSeeder.test.ts[2m > [22m[2mseed_default_lookup_entities_for_organization[2m > [22m[2mcalls seed_with_data on the player position repository
[22m[39m[OrganizationDefaults] All 7 steps completed {
  event: [32m'org_seeding_complete'[39m,
  organization_id: [32m'org-abc'[39m,
  genders_seeded: [33m2[39m,
  identification_types_seeded: [33m2[39m,
  player_positions_seeded: [33m2[39m,
  game_official_roles_seeded: [33m2[39m,
  game_event_types_seeded: [33m2[39m,
  team_staff_roles_seeded: [33m2[39m,
  competition_formats_seeded: [33m2[39m
}

[90mstdout[2m | src/lib/adapters/initialization/organizationDefaultsSeeder.test.ts[2m > [22m[2mseed_default_lookup_entities_for_organization[2m > [22m[2mcalls seed_with_data on the game official role repository
[22m[39m[OrganizationDefaults] Starting seeding { event: [32m'org_seeding_start'[39m, organization_id: [32m'org-abc'[39m }
[OrganizationDefaults] Seeding genders { event: [32m'seed_step_start'[39m, step_name: [32m'genders'[39m }

[90mstdout[2m | src/lib/adapters/initialization/organizationDefaultsSeeder.test.ts[2m > [22m[2mseed_default_lookup_entities_for_organization[2m > [22m[2mcalls seed_with_data on the game official role repository
[22m[39m[OrganizationDefaults] genders seeded { event: [32m'seed_step_complete'[39m, step_name: [32m'genders'[39m, count: [33m2[39m }

[90mstdout[2m | src/lib/adapters/initialization/organizationDefaultsSeeder.test.ts[2m > [22m[2mseed_default_lookup_entities_for_organization[2m > [22m[2mcalls seed_with_data on the game official role repository
[22m[39m[OrganizationDefaults] Seeding identification_types { event: [32m'seed_step_start'[39m, step_name: [32m'identification_types'[39m }

[90mstdout[2m | src/lib/adapters/initialization/organizationDefaultsSeeder.test.ts[2m > [22m[2mseed_default_lookup_entities_for_organization[2m > [22m[2mcalls seed_with_data on the game official role repository
[22m[39m[OrganizationDefaults] identification_types seeded {
  event: [32m'seed_step_complete'[39m,
  step_name: [32m'identification_types'[39m,
  count: [33m2[39m
}

[90mstdout[2m | src/lib/adapters/initialization/organizationDefaultsSeeder.test.ts[2m > [22m[2mseed_default_lookup_entities_for_organization[2m > [22m[2mcalls seed_with_data on the game official role repository
[22m[39m[OrganizationDefaults] Seeding player_positions { event: [32m'seed_step_start'[39m, step_name: [32m'player_positions'[39m }

[90mstdout[2m | src/lib/adapters/initialization/organizationDefaultsSeeder.test.ts[2m > [22m[2mseed_default_lookup_entities_for_organization[2m > [22m[2mcalls seed_with_data on the game official role repository
[22m[39m[OrganizationDefaults] player_positions seeded {
  event: [32m'seed_step_complete'[39m,
  step_name: [32m'player_positions'[39m,
  count: [33m2[39m
}

[90mstdout[2m | src/lib/adapters/initialization/organizationDefaultsSeeder.test.ts[2m > [22m[2mseed_default_lookup_entities_for_organization[2m > [22m[2mcalls seed_with_data on the game official role repository
[22m[39m[OrganizationDefaults] Seeding game_official_roles { event: [32m'seed_step_start'[39m, step_name: [32m'game_official_roles'[39m }

[90mstdout[2m | src/lib/adapters/initialization/organizationDefaultsSeeder.test.ts[2m > [22m[2mseed_default_lookup_entities_for_organization[2m > [22m[2mcalls seed_with_data on the game official role repository
[22m[39m[OrganizationDefaults] game_official_roles seeded {
  event: [32m'seed_step_complete'[39m,
  step_name: [32m'game_official_roles'[39m,
  count: [33m2[39m
}

[90mstdout[2m | src/lib/adapters/initialization/organizationDefaultsSeeder.test.ts[2m > [22m[2mseed_default_lookup_entities_for_organization[2m > [22m[2mcalls seed_with_data on the game official role repository
[22m[39m[OrganizationDefaults] Seeding game_event_types { event: [32m'seed_step_start'[39m, step_name: [32m'game_event_types'[39m }

[90mstdout[2m | src/lib/adapters/initialization/organizationDefaultsSeeder.test.ts[2m > [22m[2mseed_default_lookup_entities_for_organization[2m > [22m[2mcalls seed_with_data on the game official role repository
[22m[39m[OrganizationDefaults] game_event_types seeded {
  event: [32m'seed_step_complete'[39m,
  step_name: [32m'game_event_types'[39m,
  count: [33m2[39m
}

[90mstdout[2m | src/lib/adapters/initialization/organizationDefaultsSeeder.test.ts[2m > [22m[2mseed_default_lookup_entities_for_organization[2m > [22m[2mcalls seed_with_data on the game official role repository
[22m[39m[OrganizationDefaults] Seeding team_staff_roles { event: [32m'seed_step_start'[39m, step_name: [32m'team_staff_roles'[39m }

[90mstdout[2m | src/lib/adapters/initialization/organizationDefaultsSeeder.test.ts[2m > [22m[2mseed_default_lookup_entities_for_organization[2m > [22m[2mcalls seed_with_data on the game official role repository
[22m[39m[OrganizationDefaults] team_staff_roles seeded {
  event: [32m'seed_step_complete'[39m,
  step_name: [32m'team_staff_roles'[39m,
  count: [33m2[39m
}

[90mstdout[2m | src/lib/adapters/initialization/organizationDefaultsSeeder.test.ts[2m > [22m[2mseed_default_lookup_entities_for_organization[2m > [22m[2mcalls seed_with_data on the game official role repository
[22m[39m[OrganizationDefaults] Seeding competition_formats { event: [32m'seed_step_start'[39m, step_name: [32m'competition_formats'[39m }

[90mstdout[2m | src/lib/adapters/initialization/organizationDefaultsSeeder.test.ts[2m > [22m[2mseed_default_lookup_entities_for_organization[2m > [22m[2mcalls seed_with_data on the game official role repository
[22m[39m[OrganizationDefaults] competition_formats seeded {
  event: [32m'seed_step_complete'[39m,
  step_name: [32m'competition_formats'[39m,
  count: [33m2[39m
}

[90mstdout[2m | src/lib/adapters/initialization/organizationDefaultsSeeder.test.ts[2m > [22m[2mseed_default_lookup_entities_for_organization[2m > [22m[2mcalls seed_with_data on the game official role repository
[22m[39m[OrganizationDefaults] All 7 steps completed {
  event: [32m'org_seeding_complete'[39m,
  organization_id: [32m'org-abc'[39m,
  genders_seeded: [33m2[39m,
  identification_types_seeded: [33m2[39m,
  player_positions_seeded: [33m2[39m,
  game_official_roles_seeded: [33m2[39m,
  game_event_types_seeded: [33m2[39m,
  team_staff_roles_seeded: [33m2[39m,
  competition_formats_seeded: [33m2[39m
}

[90mstdout[2m | src/lib/adapters/initialization/organizationDefaultsSeeder.test.ts[2m > [22m[2mseed_default_lookup_entities_for_organization[2m > [22m[2mcalls seed_with_data on the game event type repository
[22m[39m[OrganizationDefaults] Starting seeding { event: [32m'org_seeding_start'[39m, organization_id: [32m'org-abc'[39m }
[OrganizationDefaults] Seeding genders { event: [32m'seed_step_start'[39m, step_name: [32m'genders'[39m }

[90mstdout[2m | src/lib/adapters/initialization/organizationDefaultsSeeder.test.ts[2m > [22m[2mseed_default_lookup_entities_for_organization[2m > [22m[2mcalls seed_with_data on the game event type repository
[22m[39m[OrganizationDefaults] genders seeded { event: [32m'seed_step_complete'[39m, step_name: [32m'genders'[39m, count: [33m2[39m }

[90mstdout[2m | src/lib/adapters/initialization/organizationDefaultsSeeder.test.ts[2m > [22m[2mseed_default_lookup_entities_for_organization[2m > [22m[2mcalls seed_with_data on the game event type repository
[22m[39m[OrganizationDefaults] Seeding identification_types { event: [32m'seed_step_start'[39m, step_name: [32m'identification_types'[39m }

[90mstdout[2m | src/lib/adapters/initialization/organizationDefaultsSeeder.test.ts[2m > [22m[2mseed_default_lookup_entities_for_organization[2m > [22m[2mcalls seed_with_data on the game event type repository
[22m[39m[OrganizationDefaults] identification_types seeded {
  event: [32m'seed_step_complete'[39m,
  step_name: [32m'identification_types'[39m,
  count: [33m2[39m
}

[90mstdout[2m | src/lib/adapters/initialization/organizationDefaultsSeeder.test.ts[2m > [22m[2mseed_default_lookup_entities_for_organization[2m > [22m[2mcalls seed_with_data on the game event type repository
[22m[39m[OrganizationDefaults] Seeding player_positions { event: [32m'seed_step_start'[39m, step_name: [32m'player_positions'[39m }

[90mstdout[2m | src/lib/adapters/initialization/organizationDefaultsSeeder.test.ts[2m > [22m[2mseed_default_lookup_entities_for_organization[2m > [22m[2mcalls seed_with_data on the game event type repository
[22m[39m[OrganizationDefaults] player_positions seeded {
  event: [32m'seed_step_complete'[39m,
  step_name: [32m'player_positions'[39m,
  count: [33m2[39m
}

[90mstdout[2m | src/lib/adapters/initialization/organizationDefaultsSeeder.test.ts[2m > [22m[2mseed_default_lookup_entities_for_organization[2m > [22m[2mcalls seed_with_data on the game event type repository
[22m[39m[OrganizationDefaults] Seeding game_official_roles { event: [32m'seed_step_start'[39m, step_name: [32m'game_official_roles'[39m }

[90mstdout[2m | src/lib/adapters/initialization/organizationDefaultsSeeder.test.ts[2m > [22m[2mseed_default_lookup_entities_for_organization[2m > [22m[2mcalls seed_with_data on the game event type repository
[22m[39m[OrganizationDefaults] game_official_roles seeded {
  event: [32m'seed_step_complete'[39m,
  step_name: [32m'game_official_roles'[39m,
  count: [33m2[39m
}

[90mstdout[2m | src/lib/adapters/initialization/organizationDefaultsSeeder.test.ts[2m > [22m[2mseed_default_lookup_entities_for_organization[2m > [22m[2mcalls seed_with_data on the game event type repository
[22m[39m[OrganizationDefaults] Seeding game_event_types { event: [32m'seed_step_start'[39m, step_name: [32m'game_event_types'[39m }

[90mstdout[2m | src/lib/adapters/initialization/organizationDefaultsSeeder.test.ts[2m > [22m[2mseed_default_lookup_entities_for_organization[2m > [22m[2mcalls seed_with_data on the game event type repository
[22m[39m[OrganizationDefaults] game_event_types seeded {
  event: [32m'seed_step_complete'[39m,
  step_name: [32m'game_event_types'[39m,
  count: [33m2[39m
}

[90mstdout[2m | src/lib/adapters/initialization/organizationDefaultsSeeder.test.ts[2m > [22m[2mseed_default_lookup_entities_for_organization[2m > [22m[2mcalls seed_with_data on the game event type repository
[22m[39m[OrganizationDefaults] Seeding team_staff_roles { event: [32m'seed_step_start'[39m, step_name: [32m'team_staff_roles'[39m }

[90mstdout[2m | src/lib/adapters/initialization/organizationDefaultsSeeder.test.ts[2m > [22m[2mseed_default_lookup_entities_for_organization[2m > [22m[2mcalls seed_with_data on the game event type repository
[22m[39m[OrganizationDefaults] team_staff_roles seeded {
  event: [32m'seed_step_complete'[39m,
  step_name: [32m'team_staff_roles'[39m,
  count: [33m2[39m
}

[90mstdout[2m | src/lib/adapters/initialization/organizationDefaultsSeeder.test.ts[2m > [22m[2mseed_default_lookup_entities_for_organization[2m > [22m[2mcalls seed_with_data on the game event type repository
[22m[39m[OrganizationDefaults] Seeding competition_formats { event: [32m'seed_step_start'[39m, step_name: [32m'competition_formats'[39m }

[90mstdout[2m | src/lib/adapters/initialization/organizationDefaultsSeeder.test.ts[2m > [22m[2mseed_default_lookup_entities_for_organization[2m > [22m[2mcalls seed_with_data on the game event type repository
[22m[39m[OrganizationDefaults] competition_formats seeded {
  event: [32m'seed_step_complete'[39m,
  step_name: [32m'competition_formats'[39m,
  count: [33m2[39m
}

[90mstdout[2m | src/lib/adapters/initialization/organizationDefaultsSeeder.test.ts[2m > [22m[2mseed_default_lookup_entities_for_organization[2m > [22m[2mcalls seed_with_data on the game event type repository
[22m[39m[OrganizationDefaults] All 7 steps completed {
  event: [32m'org_seeding_complete'[39m,
  organization_id: [32m'org-abc'[39m,
  genders_seeded: [33m2[39m,
  identification_types_seeded: [33m2[39m,
  player_positions_seeded: [33m2[39m,
  game_official_roles_seeded: [33m2[39m,
  game_event_types_seeded: [33m2[39m,
  team_staff_roles_seeded: [33m2[39m,
  competition_formats_seeded: [33m2[39m
}

[90mstdout[2m | src/lib/adapters/initialization/organizationDefaultsSeeder.test.ts[2m > [22m[2mseed_default_lookup_entities_for_organization[2m > [22m[2mcalls seed_with_data on the team staff role repository
[22m[39m[OrganizationDefaults] Starting seeding { event: [32m'org_seeding_start'[39m, organization_id: [32m'org-abc'[39m }
[OrganizationDefaults] Seeding genders { event: [32m'seed_step_start'[39m, step_name: [32m'genders'[39m }

[90mstdout[2m | src/lib/adapters/initialization/organizationDefaultsSeeder.test.ts[2m > [22m[2mseed_default_lookup_entities_for_organization[2m > [22m[2mcalls seed_with_data on the team staff role repository
[22m[39m[OrganizationDefaults] genders seeded { event: [32m'seed_step_complete'[39m, step_name: [32m'genders'[39m, count: [33m2[39m }

[90mstdout[2m | src/lib/adapters/initialization/organizationDefaultsSeeder.test.ts[2m > [22m[2mseed_default_lookup_entities_for_organization[2m > [22m[2mcalls seed_with_data on the team staff role repository
[22m[39m[OrganizationDefaults] Seeding identification_types { event: [32m'seed_step_start'[39m, step_name: [32m'identification_types'[39m }

[90mstdout[2m | src/lib/adapters/initialization/organizationDefaultsSeeder.test.ts[2m > [22m[2mseed_default_lookup_entities_for_organization[2m > [22m[2mcalls seed_with_data on the team staff role repository
[22m[39m[OrganizationDefaults] identification_types seeded {
  event: [32m'seed_step_complete'[39m,
  step_name: [32m'identification_types'[39m,
  count: [33m2[39m
}

[90mstdout[2m | src/lib/adapters/initialization/organizationDefaultsSeeder.test.ts[2m > [22m[2mseed_default_lookup_entities_for_organization[2m > [22m[2mcalls seed_with_data on the team staff role repository
[22m[39m[OrganizationDefaults] Seeding player_positions { event: [32m'seed_step_start'[39m, step_name: [32m'player_positions'[39m }

[90mstdout[2m | src/lib/adapters/initialization/organizationDefaultsSeeder.test.ts[2m > [22m[2mseed_default_lookup_entities_for_organization[2m > [22m[2mcalls seed_with_data on the team staff role repository
[22m[39m[OrganizationDefaults] player_positions seeded {
  event: [32m'seed_step_complete'[39m,
  step_name: [32m'player_positions'[39m,
  count: [33m2[39m
}

[90mstdout[2m | src/lib/adapters/initialization/organizationDefaultsSeeder.test.ts[2m > [22m[2mseed_default_lookup_entities_for_organization[2m > [22m[2mcalls seed_with_data on the team staff role repository
[22m[39m[OrganizationDefaults] Seeding game_official_roles { event: [32m'seed_step_start'[39m, step_name: [32m'game_official_roles'[39m }

[90mstdout[2m | src/lib/adapters/initialization/organizationDefaultsSeeder.test.ts[2m > [22m[2mseed_default_lookup_entities_for_organization[2m > [22m[2mcalls seed_with_data on the team staff role repository
[22m[39m[OrganizationDefaults] game_official_roles seeded {
  event: [32m'seed_step_complete'[39m,
  step_name: [32m'game_official_roles'[39m,
  count: [33m2[39m
}

[90mstdout[2m | src/lib/adapters/initialization/organizationDefaultsSeeder.test.ts[2m > [22m[2mseed_default_lookup_entities_for_organization[2m > [22m[2mcalls seed_with_data on the team staff role repository
[22m[39m[OrganizationDefaults] Seeding game_event_types { event: [32m'seed_step_start'[39m, step_name: [32m'game_event_types'[39m }

[90mstdout[2m | src/lib/adapters/initialization/organizationDefaultsSeeder.test.ts[2m > [22m[2mseed_default_lookup_entities_for_organization[2m > [22m[2mcalls seed_with_data on the team staff role repository
[22m[39m[OrganizationDefaults] game_event_types seeded {
  event: [32m'seed_step_complete'[39m,
  step_name: [32m'game_event_types'[39m,
  count: [33m2[39m
}

[90mstdout[2m | src/lib/adapters/initialization/organizationDefaultsSeeder.test.ts[2m > [22m[2mseed_default_lookup_entities_for_organization[2m > [22m[2mcalls seed_with_data on the team staff role repository
[22m[39m[OrganizationDefaults] Seeding team_staff_roles { event: [32m'seed_step_start'[39m, step_name: [32m'team_staff_roles'[39m }

[90mstdout[2m | src/lib/adapters/initialization/organizationDefaultsSeeder.test.ts[2m > [22m[2mseed_default_lookup_entities_for_organization[2m > [22m[2mcalls seed_with_data on the team staff role repository
[22m[39m[OrganizationDefaults] team_staff_roles seeded {
  event: [32m'seed_step_complete'[39m,
  step_name: [32m'team_staff_roles'[39m,
  count: [33m2[39m
}

[90mstdout[2m | src/lib/adapters/initialization/organizationDefaultsSeeder.test.ts[2m > [22m[2mseed_default_lookup_entities_for_organization[2m > [22m[2mcalls seed_with_data on the team staff role repository
[22m[39m[OrganizationDefaults] Seeding competition_formats { event: [32m'seed_step_start'[39m, step_name: [32m'competition_formats'[39m }

[90mstdout[2m | src/lib/adapters/initialization/organizationDefaultsSeeder.test.ts[2m > [22m[2mseed_default_lookup_entities_for_organization[2m > [22m[2mcalls seed_with_data on the team staff role repository
[22m[39m[OrganizationDefaults] competition_formats seeded {
  event: [32m'seed_step_complete'[39m,
  step_name: [32m'competition_formats'[39m,
  count: [33m2[39m
}

[90mstdout[2m | src/lib/adapters/initialization/organizationDefaultsSeeder.test.ts[2m > [22m[2mseed_default_lookup_entities_for_organization[2m > [22m[2mcalls seed_with_data on the team staff role repository
[22m[39m[OrganizationDefaults] All 7 steps completed {
  event: [32m'org_seeding_complete'[39m,
  organization_id: [32m'org-abc'[39m,
  genders_seeded: [33m2[39m,
  identification_types_seeded: [33m2[39m,
  player_positions_seeded: [33m2[39m,
  game_official_roles_seeded: [33m2[39m,
  game_event_types_seeded: [33m2[39m,
  team_staff_roles_seeded: [33m2[39m,
  competition_formats_seeded: [33m2[39m
}

[90mstdout[2m | src/lib/adapters/initialization/organizationDefaultsSeeder.test.ts[2m > [22m[2mseed_default_lookup_entities_for_organization[2m > [22m[2mseeds all six repositories in a single call
[22m[39m[OrganizationDefaults] Starting seeding { event: [32m'org_seeding_start'[39m, organization_id: [32m'org-xyz'[39m }
[OrganizationDefaults] Seeding genders { event: [32m'seed_step_start'[39m, step_name: [32m'genders'[39m }

[90mstdout[2m | src/lib/adapters/initialization/organizationDefaultsSeeder.test.ts[2m > [22m[2mseed_default_lookup_entities_for_organization[2m > [22m[2mseeds all six repositories in a single call
[22m[39m[OrganizationDefaults] genders seeded { event: [32m'seed_step_complete'[39m, step_name: [32m'genders'[39m, count: [33m2[39m }

[90mstdout[2m | src/lib/adapters/initialization/organizationDefaultsSeeder.test.ts[2m > [22m[2mseed_default_lookup_entities_for_organization[2m > [22m[2mseeds all six repositories in a single call
[22m[39m[OrganizationDefaults] Seeding identification_types { event: [32m'seed_step_start'[39m, step_name: [32m'identification_types'[39m }

[90mstdout[2m | src/lib/adapters/initialization/organizationDefaultsSeeder.test.ts[2m > [22m[2mseed_default_lookup_entities_for_organization[2m > [22m[2mseeds all six repositories in a single call
[22m[39m[OrganizationDefaults] identification_types seeded {
  event: [32m'seed_step_complete'[39m,
  step_name: [32m'identification_types'[39m,
  count: [33m2[39m
}

[90mstdout[2m | src/lib/adapters/initialization/organizationDefaultsSeeder.test.ts[2m > [22m[2mseed_default_lookup_entities_for_organization[2m > [22m[2mseeds all six repositories in a single call
[22m[39m[OrganizationDefaults] Seeding player_positions { event: [32m'seed_step_start'[39m, step_name: [32m'player_positions'[39m }

[90mstdout[2m | src/lib/adapters/initialization/organizationDefaultsSeeder.test.ts[2m > [22m[2mseed_default_lookup_entities_for_organization[2m > [22m[2mseeds all six repositories in a single call
[22m[39m[OrganizationDefaults] player_positions seeded {
  event: [32m'seed_step_complete'[39m,
  step_name: [32m'player_positions'[39m,
  count: [33m2[39m
}

[90mstdout[2m | src/lib/adapters/initialization/organizationDefaultsSeeder.test.ts[2m > [22m[2mseed_default_lookup_entities_for_organization[2m > [22m[2mseeds all six repositories in a single call
[22m[39m[OrganizationDefaults] Seeding game_official_roles { event: [32m'seed_step_start'[39m, step_name: [32m'game_official_roles'[39m }

[90mstdout[2m | src/lib/adapters/initialization/organizationDefaultsSeeder.test.ts[2m > [22m[2mseed_default_lookup_entities_for_organization[2m > [22m[2mseeds all six repositories in a single call
[22m[39m[OrganizationDefaults] game_official_roles seeded {
  event: [32m'seed_step_complete'[39m,
  step_name: [32m'game_official_roles'[39m,
  count: [33m2[39m
}

[90mstdout[2m | src/lib/adapters/initialization/organizationDefaultsSeeder.test.ts[2m > [22m[2mseed_default_lookup_entities_for_organization[2m > [22m[2mseeds all six repositories in a single call
[22m[39m[OrganizationDefaults] Seeding game_event_types { event: [32m'seed_step_start'[39m, step_name: [32m'game_event_types'[39m }

[90mstdout[2m | src/lib/adapters/initialization/organizationDefaultsSeeder.test.ts[2m > [22m[2mseed_default_lookup_entities_for_organization[2m > [22m[2mseeds all six repositories in a single call
[22m[39m[OrganizationDefaults] game_event_types seeded {
  event: [32m'seed_step_complete'[39m,
  step_name: [32m'game_event_types'[39m,
  count: [33m2[39m
}

[90mstdout[2m | src/lib/adapters/initialization/organizationDefaultsSeeder.test.ts[2m > [22m[2mseed_default_lookup_entities_for_organization[2m > [22m[2mseeds all six repositories in a single call
[22m[39m[OrganizationDefaults] Seeding team_staff_roles { event: [32m'seed_step_start'[39m, step_name: [32m'team_staff_roles'[39m }

[90mstdout[2m | src/lib/adapters/initialization/organizationDefaultsSeeder.test.ts[2m > [22m[2mseed_default_lookup_entities_for_organization[2m > [22m[2mseeds all six repositories in a single call
[22m[39m[OrganizationDefaults] team_staff_roles seeded {
  event: [32m'seed_step_complete'[39m,
  step_name: [32m'team_staff_roles'[39m,
  count: [33m2[39m
}

 [32m✓[39m src/lib/infrastructure/utils/MatchReportBuilder.test.ts [2m([22m[2m35 tests[22m[2m)[22m[32m 25[2mms[22m[39m
[90mstdout[2m | src/lib/adapters/initialization/organizationDefaultsSeeder.test.ts[2m > [22m[2mseed_default_lookup_entities_for_organization[2m > [22m[2mseeds all six repositories in a single call
[22m[39m[OrganizationDefaults] Seeding competition_formats { event: [32m'seed_step_start'[39m, step_name: [32m'competition_formats'[39m }

[90mstdout[2m | src/lib/adapters/initialization/organizationDefaultsSeeder.test.ts[2m > [22m[2mseed_default_lookup_entities_for_organization[2m > [22m[2mseeds all six repositories in a single call
[22m[39m[OrganizationDefaults] competition_formats seeded {
  event: [32m'seed_step_complete'[39m,
  step_name: [32m'competition_formats'[39m,
  count: [33m2[39m
}

[90mstdout[2m | src/lib/adapters/initialization/organizationDefaultsSeeder.test.ts[2m > [22m[2mseed_default_lookup_entities_for_organization[2m > [22m[2mseeds all six repositories in a single call
[22m[39m[OrganizationDefaults] All 7 steps completed {
  event: [32m'org_seeding_complete'[39m,
  organization_id: [32m'org-xyz'[39m,
  genders_seeded: [33m2[39m,
  identification_types_seeded: [33m2[39m,
  player_positions_seeded: [33m2[39m,
  game_official_roles_seeded: [33m2[39m,
  game_event_types_seeded: [33m2[39m,
  team_staff_roles_seeded: [33m2[39m,
  competition_formats_seeded: [33m2[39m
}

[90mstdout[2m | src/lib/adapters/initialization/organizationDefaultsSeeder.test.ts[2m > [22m[2mseed_default_lookup_entities_for_organization[2m > [22m[2mpasses the correct organization_id to player position seeder
[22m[39m[OrganizationDefaults] Starting seeding { event: [32m'org_seeding_start'[39m, organization_id: [32m'org-positions-test'[39m }
[OrganizationDefaults] Seeding genders { event: [32m'seed_step_start'[39m, step_name: [32m'genders'[39m }

[90mstdout[2m | src/lib/adapters/initialization/organizationDefaultsSeeder.test.ts[2m > [22m[2mseed_default_lookup_entities_for_organization[2m > [22m[2mpasses the correct organization_id to player position seeder
[22m[39m[OrganizationDefaults] genders seeded { event: [32m'seed_step_complete'[39m, step_name: [32m'genders'[39m, count: [33m2[39m }

[90mstdout[2m | src/lib/adapters/initialization/organizationDefaultsSeeder.test.ts[2m > [22m[2mseed_default_lookup_entities_for_organization[2m > [22m[2mpasses the correct organization_id to player position seeder
[22m[39m[OrganizationDefaults] Seeding identification_types { event: [32m'seed_step_start'[39m, step_name: [32m'identification_types'[39m }

[90mstdout[2m | src/lib/adapters/initialization/organizationDefaultsSeeder.test.ts[2m > [22m[2mseed_default_lookup_entities_for_organization[2m > [22m[2mpasses the correct organization_id to player position seeder
[22m[39m[OrganizationDefaults] identification_types seeded {
  event: [32m'seed_step_complete'[39m,
  step_name: [32m'identification_types'[39m,
  count: [33m2[39m
}

[90mstdout[2m | src/lib/adapters/initialization/organizationDefaultsSeeder.test.ts[2m > [22m[2mseed_default_lookup_entities_for_organization[2m > [22m[2mpasses the correct organization_id to player position seeder
[22m[39m[OrganizationDefaults] Seeding player_positions { event: [32m'seed_step_start'[39m, step_name: [32m'player_positions'[39m }

[90mstdout[2m | src/lib/adapters/initialization/organizationDefaultsSeeder.test.ts[2m > [22m[2mseed_default_lookup_entities_for_organization[2m > [22m[2mpasses the correct organization_id to player position seeder
[22m[39m[OrganizationDefaults] player_positions seeded {
  event: [32m'seed_step_complete'[39m,
  step_name: [32m'player_positions'[39m,
  count: [33m2[39m
}

[90mstdout[2m | src/lib/adapters/initialization/organizationDefaultsSeeder.test.ts[2m > [22m[2mseed_default_lookup_entities_for_organization[2m > [22m[2mpasses the correct organization_id to player position seeder
[22m[39m[OrganizationDefaults] Seeding game_official_roles { event: [32m'seed_step_start'[39m, step_name: [32m'game_official_roles'[39m }

[90mstdout[2m | src/lib/adapters/initialization/organizationDefaultsSeeder.test.ts[2m > [22m[2mseed_default_lookup_entities_for_organization[2m > [22m[2mpasses the correct organization_id to player position seeder
[22m[39m[OrganizationDefaults] game_official_roles seeded {
  event: [32m'seed_step_complete'[39m,
  step_name: [32m'game_official_roles'[39m,
  count: [33m2[39m
}

[90mstdout[2m | src/lib/adapters/initialization/organizationDefaultsSeeder.test.ts[2m > [22m[2mseed_default_lookup_entities_for_organization[2m > [22m[2mpasses the correct organization_id to player position seeder
[22m[39m[OrganizationDefaults] Seeding game_event_types { event: [32m'seed_step_start'[39m, step_name: [32m'game_event_types'[39m }

[90mstdout[2m | src/lib/adapters/initialization/organizationDefaultsSeeder.test.ts[2m > [22m[2mseed_default_lookup_entities_for_organization[2m > [22m[2mpasses the correct organization_id to player position seeder
[22m[39m[OrganizationDefaults] game_event_types seeded {
  event: [32m'seed_step_complete'[39m,
  step_name: [32m'game_event_types'[39m,
  count: [33m2[39m
}

[90mstdout[2m | src/lib/adapters/initialization/organizationDefaultsSeeder.test.ts[2m > [22m[2mseed_default_lookup_entities_for_organization[2m > [22m[2mpasses the correct organization_id to player position seeder
[22m[39m[OrganizationDefaults] Seeding team_staff_roles { event: [32m'seed_step_start'[39m, step_name: [32m'team_staff_roles'[39m }

[90mstdout[2m | src/lib/adapters/initialization/organizationDefaultsSeeder.test.ts[2m > [22m[2mseed_default_lookup_entities_for_organization[2m > [22m[2mpasses the correct organization_id to player position seeder
[22m[39m[OrganizationDefaults] team_staff_roles seeded {
  event: [32m'seed_step_complete'[39m,
  step_name: [32m'team_staff_roles'[39m,
  count: [33m2[39m
}

[90mstdout[2m | src/lib/adapters/initialization/organizationDefaultsSeeder.test.ts[2m > [22m[2mseed_default_lookup_entities_for_organization[2m > [22m[2mpasses the correct organization_id to player position seeder
[22m[39m[OrganizationDefaults] Seeding competition_formats { event: [32m'seed_step_start'[39m, step_name: [32m'competition_formats'[39m }

[90mstdout[2m | src/lib/adapters/initialization/organizationDefaultsSeeder.test.ts[2m > [22m[2mseed_default_lookup_entities_for_organization[2m > [22m[2mpasses the correct organization_id to player position seeder
[22m[39m[OrganizationDefaults] competition_formats seeded {
  event: [32m'seed_step_complete'[39m,
  step_name: [32m'competition_formats'[39m,
  count: [33m2[39m
}

[90mstdout[2m | src/lib/adapters/initialization/organizationDefaultsSeeder.test.ts[2m > [22m[2mseed_default_lookup_entities_for_organization[2m > [22m[2mpasses the correct organization_id to player position seeder
[22m[39m[OrganizationDefaults] All 7 steps completed {
  event: [32m'org_seeding_complete'[39m,
  organization_id: [32m'org-positions-test'[39m,
  genders_seeded: [33m2[39m,
  identification_types_seeded: [33m2[39m,
  player_positions_seeded: [33m2[39m,
  game_official_roles_seeded: [33m2[39m,
  game_event_types_seeded: [33m2[39m,
  team_staff_roles_seeded: [33m2[39m,
  competition_formats_seeded: [33m2[39m
}

[90mstdout[2m | src/lib/adapters/initialization/organizationDefaultsSeeder.test.ts[2m > [22m[2mseed_default_lookup_entities_for_organization[2m > [22m[2mpasses the correct organization_id to game event type seeder
[22m[39m[OrganizationDefaults] Starting seeding { event: [32m'org_seeding_start'[39m, organization_id: [32m'org-events-test'[39m }
[OrganizationDefaults] Seeding genders { event: [32m'seed_step_start'[39m, step_name: [32m'genders'[39m }

[90mstdout[2m | src/lib/adapters/initialization/organizationDefaultsSeeder.test.ts[2m > [22m[2mseed_default_lookup_entities_for_organization[2m > [22m[2mpasses the correct organization_id to game event type seeder
[22m[39m[OrganizationDefaults] genders seeded { event: [32m'seed_step_complete'[39m, step_name: [32m'genders'[39m, count: [33m2[39m }

[90mstdout[2m | src/lib/adapters/initialization/organizationDefaultsSeeder.test.ts[2m > [22m[2mseed_default_lookup_entities_for_organization[2m > [22m[2mpasses the correct organization_id to game event type seeder
[22m[39m[OrganizationDefaults] Seeding identification_types { event: [32m'seed_step_start'[39m, step_name: [32m'identification_types'[39m }

[90mstdout[2m | src/lib/adapters/initialization/organizationDefaultsSeeder.test.ts[2m > [22m[2mseed_default_lookup_entities_for_organization[2m > [22m[2mpasses the correct organization_id to game event type seeder
[22m[39m[OrganizationDefaults] identification_types seeded {
  event: [32m'seed_step_complete'[39m,
  step_name: [32m'identification_types'[39m,
  count: [33m2[39m
}

[90mstdout[2m | src/lib/adapters/initialization/organizationDefaultsSeeder.test.ts[2m > [22m[2mseed_default_lookup_entities_for_organization[2m > [22m[2mpasses the correct organization_id to game event type seeder
[22m[39m[OrganizationDefaults] Seeding player_positions { event: [32m'seed_step_start'[39m, step_name: [32m'player_positions'[39m }

[90mstdout[2m | src/lib/adapters/initialization/organizationDefaultsSeeder.test.ts[2m > [22m[2mseed_default_lookup_entities_for_organization[2m > [22m[2mpasses the correct organization_id to game event type seeder
[22m[39m[OrganizationDefaults] player_positions seeded {
  event: [32m'seed_step_complete'[39m,
  step_name: [32m'player_positions'[39m,
  count: [33m2[39m
}

[90mstdout[2m | src/lib/adapters/initialization/organizationDefaultsSeeder.test.ts[2m > [22m[2mseed_default_lookup_entities_for_organization[2m > [22m[2mpasses the correct organization_id to game event type seeder
[22m[39m[OrganizationDefaults] Seeding game_official_roles { event: [32m'seed_step_start'[39m, step_name: [32m'game_official_roles'[39m }

[90mstdout[2m | src/lib/adapters/initialization/organizationDefaultsSeeder.test.ts[2m > [22m[2mseed_default_lookup_entities_for_organization[2m > [22m[2mpasses the correct organization_id to game event type seeder
[22m[39m[OrganizationDefaults] game_official_roles seeded {
  event: [32m'seed_step_complete'[39m,
  step_name: [32m'game_official_roles'[39m,
  count: [33m2[39m
}

[90mstdout[2m | src/lib/adapters/initialization/organizationDefaultsSeeder.test.ts[2m > [22m[2mseed_default_lookup_entities_for_organization[2m > [22m[2mpasses the correct organization_id to game event type seeder
[22m[39m[OrganizationDefaults] Seeding game_event_types { event: [32m'seed_step_start'[39m, step_name: [32m'game_event_types'[39m }

[90mstdout[2m | src/lib/adapters/initialization/organizationDefaultsSeeder.test.ts[2m > [22m[2mseed_default_lookup_entities_for_organization[2m > [22m[2mpasses the correct organization_id to game event type seeder
[22m[39m[OrganizationDefaults] game_event_types seeded {
  event: [32m'seed_step_complete'[39m,
  step_name: [32m'game_event_types'[39m,
  count: [33m2[39m
}

[90mstdout[2m | src/lib/adapters/initialization/organizationDefaultsSeeder.test.ts[2m > [22m[2mseed_default_lookup_entities_for_organization[2m > [22m[2mpasses the correct organization_id to game event type seeder
[22m[39m[OrganizationDefaults] Seeding team_staff_roles { event: [32m'seed_step_start'[39m, step_name: [32m'team_staff_roles'[39m }

[90mstdout[2m | src/lib/adapters/initialization/organizationDefaultsSeeder.test.ts[2m > [22m[2mseed_default_lookup_entities_for_organization[2m > [22m[2mpasses the correct organization_id to game event type seeder
[22m[39m[OrganizationDefaults] team_staff_roles seeded {
  event: [32m'seed_step_complete'[39m,
  step_name: [32m'team_staff_roles'[39m,
  count: [33m2[39m
}

[90mstdout[2m | src/lib/adapters/initialization/organizationDefaultsSeeder.test.ts[2m > [22m[2mseed_default_lookup_entities_for_organization[2m > [22m[2mpasses the correct organization_id to game event type seeder
[22m[39m[OrganizationDefaults] Seeding competition_formats { event: [32m'seed_step_start'[39m, step_name: [32m'competition_formats'[39m }

[90mstdout[2m | src/lib/adapters/initialization/organizationDefaultsSeeder.test.ts[2m > [22m[2mseed_default_lookup_entities_for_organization[2m > [22m[2mpasses the correct organization_id to game event type seeder
[22m[39m[OrganizationDefaults] competition_formats seeded {
  event: [32m'seed_step_complete'[39m,
  step_name: [32m'competition_formats'[39m,
  count: [33m2[39m
}

[90mstdout[2m | src/lib/adapters/initialization/organizationDefaultsSeeder.test.ts[2m > [22m[2mseed_default_lookup_entities_for_organization[2m > [22m[2mpasses the correct organization_id to game event type seeder
[22m[39m[OrganizationDefaults] All 7 steps completed {
  event: [32m'org_seeding_complete'[39m,
  organization_id: [32m'org-events-test'[39m,
  genders_seeded: [33m2[39m,
  identification_types_seeded: [33m2[39m,
  player_positions_seeded: [33m2[39m,
  game_official_roles_seeded: [33m2[39m,
  game_event_types_seeded: [33m2[39m,
  team_staff_roles_seeded: [33m2[39m,
  competition_formats_seeded: [33m2[39m
}

[90mstdout[2m | src/lib/adapters/initialization/organizationDefaultsSeeder.test.ts[2m > [22m[2mseed_default_lookup_entities_for_organization[2m > [22m[2mpasses the correct organization_id to team staff role seeder
[22m[39m[OrganizationDefaults] Starting seeding { event: [32m'org_seeding_start'[39m, organization_id: [32m'org-staff-test'[39m }
[OrganizationDefaults] Seeding genders { event: [32m'seed_step_start'[39m, step_name: [32m'genders'[39m }

[90mstdout[2m | src/lib/adapters/initialization/organizationDefaultsSeeder.test.ts[2m > [22m[2mseed_default_lookup_entities_for_organization[2m > [22m[2mpasses the correct organization_id to team staff role seeder
[22m[39m[OrganizationDefaults] genders seeded { event: [32m'seed_step_complete'[39m, step_name: [32m'genders'[39m, count: [33m2[39m }

[90mstdout[2m | src/lib/adapters/initialization/organizationDefaultsSeeder.test.ts[2m > [22m[2mseed_default_lookup_entities_for_organization[2m > [22m[2mpasses the correct organization_id to team staff role seeder
[22m[39m[OrganizationDefaults] Seeding identification_types { event: [32m'seed_step_start'[39m, step_name: [32m'identification_types'[39m }

[90mstdout[2m | src/lib/adapters/initialization/organizationDefaultsSeeder.test.ts[2m > [22m[2mseed_default_lookup_entities_for_organization[2m > [22m[2mpasses the correct organization_id to team staff role seeder
[22m[39m[OrganizationDefaults] identification_types seeded {
  event: [32m'seed_step_complete'[39m,
  step_name: [32m'identification_types'[39m,
  count: [33m2[39m
}

[90mstdout[2m | src/lib/adapters/initialization/organizationDefaultsSeeder.test.ts[2m > [22m[2mseed_default_lookup_entities_for_organization[2m > [22m[2mpasses the correct organization_id to team staff role seeder
[22m[39m[OrganizationDefaults] Seeding player_positions { event: [32m'seed_step_start'[39m, step_name: [32m'player_positions'[39m }

[90mstdout[2m | src/lib/adapters/initialization/organizationDefaultsSeeder.test.ts[2m > [22m[2mseed_default_lookup_entities_for_organization[2m > [22m[2mpasses the correct organization_id to team staff role seeder
[22m[39m[OrganizationDefaults] player_positions seeded {
  event: [32m'seed_step_complete'[39m,
  step_name: [32m'player_positions'[39m,
  count: [33m2[39m
}

[90mstdout[2m | src/lib/adapters/initialization/organizationDefaultsSeeder.test.ts[2m > [22m[2mseed_default_lookup_entities_for_organization[2m > [22m[2mpasses the correct organization_id to team staff role seeder
[22m[39m[OrganizationDefaults] Seeding game_official_roles { event: [32m'seed_step_start'[39m, step_name: [32m'game_official_roles'[39m }

[90mstdout[2m | src/lib/adapters/initialization/organizationDefaultsSeeder.test.ts[2m > [22m[2mseed_default_lookup_entities_for_organization[2m > [22m[2mpasses the correct organization_id to team staff role seeder
[22m[39m[OrganizationDefaults] game_official_roles seeded {
  event: [32m'seed_step_complete'[39m,
  step_name: [32m'game_official_roles'[39m,
  count: [33m2[39m
}

[90mstdout[2m | src/lib/adapters/initialization/organizationDefaultsSeeder.test.ts[2m > [22m[2mseed_default_lookup_entities_for_organization[2m > [22m[2mpasses the correct organization_id to team staff role seeder
[22m[39m[OrganizationDefaults] Seeding game_event_types { event: [32m'seed_step_start'[39m, step_name: [32m'game_event_types'[39m }

[90mstdout[2m | src/lib/adapters/initialization/organizationDefaultsSeeder.test.ts[2m > [22m[2mseed_default_lookup_entities_for_organization[2m > [22m[2mpasses the correct organization_id to team staff role seeder
[22m[39m[OrganizationDefaults] game_event_types seeded {
  event: [32m'seed_step_complete'[39m,
  step_name: [32m'game_event_types'[39m,
  count: [33m2[39m
}

[90mstdout[2m | src/lib/adapters/initialization/organizationDefaultsSeeder.test.ts[2m > [22m[2mseed_default_lookup_entities_for_organization[2m > [22m[2mpasses the correct organization_id to team staff role seeder
[22m[39m[OrganizationDefaults] Seeding team_staff_roles { event: [32m'seed_step_start'[39m, step_name: [32m'team_staff_roles'[39m }

[90mstdout[2m | src/lib/adapters/initialization/organizationDefaultsSeeder.test.ts[2m > [22m[2mseed_default_lookup_entities_for_organization[2m > [22m[2mpasses the correct organization_id to team staff role seeder
[22m[39m[OrganizationDefaults] team_staff_roles seeded {
  event: [32m'seed_step_complete'[39m,
  step_name: [32m'team_staff_roles'[39m,
  count: [33m2[39m
}

[90mstdout[2m | src/lib/adapters/initialization/organizationDefaultsSeeder.test.ts[2m > [22m[2mseed_default_lookup_entities_for_organization[2m > [22m[2mpasses the correct organization_id to team staff role seeder
[22m[39m[OrganizationDefaults] Seeding competition_formats { event: [32m'seed_step_start'[39m, step_name: [32m'competition_formats'[39m }

[90mstdout[2m | src/lib/adapters/initialization/organizationDefaultsSeeder.test.ts[2m > [22m[2mseed_default_lookup_entities_for_organization[2m > [22m[2mpasses the correct organization_id to team staff role seeder
[22m[39m[OrganizationDefaults] competition_formats seeded {
  event: [32m'seed_step_complete'[39m,
  step_name: [32m'competition_formats'[39m,
  count: [33m2[39m
}

[90mstdout[2m | src/lib/adapters/initialization/organizationDefaultsSeeder.test.ts[2m > [22m[2mseed_default_lookup_entities_for_organization[2m > [22m[2mpasses the correct organization_id to team staff role seeder
[22m[39m[OrganizationDefaults] All 7 steps completed {
  event: [32m'org_seeding_complete'[39m,
  organization_id: [32m'org-staff-test'[39m,
  genders_seeded: [33m2[39m,
  identification_types_seeded: [33m2[39m,
  player_positions_seeded: [33m2[39m,
  game_official_roles_seeded: [33m2[39m,
  game_event_types_seeded: [33m2[39m,
  team_staff_roles_seeded: [33m2[39m,
  competition_formats_seeded: [33m2[39m
}

 [32m✓[39m src/lib/presentation/logic/dynamicListLogic.test.ts [2m([22m[2m113 tests[22m[2m)[22m[32m 26[2mms[22m[39m
[90mstdout[2m | src/lib/adapters/initialization/organizationDefaultsSeeder.test.ts[2m > [22m[2mseed_default_lookup_entities_for_organization[2m > [22m[2mresolves with a success result
[22m[39m[OrganizationDefaults] Starting seeding { event: [32m'org_seeding_start'[39m, organization_id: [32m'org-success'[39m }
[OrganizationDefaults] Seeding genders { event: [32m'seed_step_start'[39m, step_name: [32m'genders'[39m }

[90mstdout[2m | src/lib/adapters/initialization/organizationDefaultsSeeder.test.ts[2m > [22m[2mseed_default_lookup_entities_for_organization[2m > [22m[2mresolves with a success result
[22m[39m[OrganizationDefaults] genders seeded { event: [32m'seed_step_complete'[39m, step_name: [32m'genders'[39m, count: [33m2[39m }

[90mstdout[2m | src/lib/adapters/initialization/organizationDefaultsSeeder.test.ts[2m > [22m[2mseed_default_lookup_entities_for_organization[2m > [22m[2mresolves with a success result
[22m[39m[OrganizationDefaults] Seeding identification_types { event: [32m'seed_step_start'[39m, step_name: [32m'identification_types'[39m }

[90mstdout[2m | src/lib/adapters/initialization/organizationDefaultsSeeder.test.ts[2m > [22m[2mseed_default_lookup_entities_for_organization[2m > [22m[2mresolves with a success result
[22m[39m[OrganizationDefaults] identification_types seeded {
  event: [32m'seed_step_complete'[39m,
  step_name: [32m'identification_types'[39m,
  count: [33m2[39m
}

[90mstdout[2m | src/lib/adapters/initialization/organizationDefaultsSeeder.test.ts[2m > [22m[2mseed_default_lookup_entities_for_organization[2m > [22m[2mresolves with a success result
[22m[39m[OrganizationDefaults] Seeding player_positions { event: [32m'seed_step_start'[39m, step_name: [32m'player_positions'[39m }

[90mstdout[2m | src/lib/adapters/initialization/organizationDefaultsSeeder.test.ts[2m > [22m[2mseed_default_lookup_entities_for_organization[2m > [22m[2mresolves with a success result
[22m[39m[OrganizationDefaults] player_positions seeded {
  event: [32m'seed_step_complete'[39m,
  step_name: [32m'player_positions'[39m,
  count: [33m2[39m
}

[90mstdout[2m | src/lib/adapters/initialization/organizationDefaultsSeeder.test.ts[2m > [22m[2mseed_default_lookup_entities_for_organization[2m > [22m[2mresolves with a success result
[22m[39m[OrganizationDefaults] Seeding game_official_roles { event: [32m'seed_step_start'[39m, step_name: [32m'game_official_roles'[39m }

[90mstdout[2m | src/lib/adapters/initialization/organizationDefaultsSeeder.test.ts[2m > [22m[2mseed_default_lookup_entities_for_organization[2m > [22m[2mresolves with a success result
[22m[39m[OrganizationDefaults] game_official_roles seeded {
  event: [32m'seed_step_complete'[39m,
  step_name: [32m'game_official_roles'[39m,
  count: [33m2[39m
}

[90mstdout[2m | src/lib/adapters/initialization/organizationDefaultsSeeder.test.ts[2m > [22m[2mseed_default_lookup_entities_for_organization[2m > [22m[2mresolves with a success result
[22m[39m[OrganizationDefaults] Seeding game_event_types { event: [32m'seed_step_start'[39m, step_name: [32m'game_event_types'[39m }

[90mstdout[2m | src/lib/adapters/initialization/organizationDefaultsSeeder.test.ts[2m > [22m[2mseed_default_lookup_entities_for_organization[2m > [22m[2mresolves with a success result
[22m[39m[OrganizationDefaults] game_event_types seeded {
  event: [32m'seed_step_complete'[39m,
  step_name: [32m'game_event_types'[39m,
  count: [33m2[39m
}

[90mstdout[2m | src/lib/adapters/initialization/organizationDefaultsSeeder.test.ts[2m > [22m[2mseed_default_lookup_entities_for_organization[2m > [22m[2mresolves with a success result
[22m[39m[OrganizationDefaults] Seeding team_staff_roles { event: [32m'seed_step_start'[39m, step_name: [32m'team_staff_roles'[39m }

[90mstdout[2m | src/lib/adapters/initialization/organizationDefaultsSeeder.test.ts[2m > [22m[2mseed_default_lookup_entities_for_organization[2m > [22m[2mresolves with a success result
[22m[39m[OrganizationDefaults] team_staff_roles seeded {
  event: [32m'seed_step_complete'[39m,
  step_name: [32m'team_staff_roles'[39m,
  count: [33m2[39m
}

[90mstdout[2m | src/lib/adapters/initialization/organizationDefaultsSeeder.test.ts[2m > [22m[2mseed_default_lookup_entities_for_organization[2m > [22m[2mresolves with a success result
[22m[39m[OrganizationDefaults] Seeding competition_formats { event: [32m'seed_step_start'[39m, step_name: [32m'competition_formats'[39m }

[90mstdout[2m | src/lib/adapters/initialization/organizationDefaultsSeeder.test.ts[2m > [22m[2mseed_default_lookup_entities_for_organization[2m > [22m[2mresolves with a success result
[22m[39m[OrganizationDefaults] competition_formats seeded {
  event: [32m'seed_step_complete'[39m,
  step_name: [32m'competition_formats'[39m,
  count: [33m2[39m
}

[90mstdout[2m | src/lib/adapters/initialization/organizationDefaultsSeeder.test.ts[2m > [22m[2mseed_default_lookup_entities_for_organization[2m > [22m[2mresolves with a success result
[22m[39m[OrganizationDefaults] All 7 steps completed {
  event: [32m'org_seeding_complete'[39m,
  organization_id: [32m'org-success'[39m,
  genders_seeded: [33m2[39m,
  identification_types_seeded: [33m2[39m,
  player_positions_seeded: [33m2[39m,
  game_official_roles_seeded: [33m2[39m,
  game_event_types_seeded: [33m2[39m,
  team_staff_roles_seeded: [33m2[39m,
  competition_formats_seeded: [33m2[39m
}

[90mstdout[2m | src/lib/adapters/initialization/organizationDefaultsSeeder.test.ts[2m > [22m[2mseed_default_lookup_entities_for_organization[2m > [22m[2mreturns OrgSeedResult with all six seeded counts when all steps succeed
[22m[39m[OrganizationDefaults] Starting seeding { event: [32m'org_seeding_start'[39m, organization_id: [32m'org-counts'[39m }
[OrganizationDefaults] Seeding genders { event: [32m'seed_step_start'[39m, step_name: [32m'genders'[39m }

[90mstdout[2m | src/lib/adapters/initialization/organizationDefaultsSeeder.test.ts[2m > [22m[2mseed_default_lookup_entities_for_organization[2m > [22m[2mreturns OrgSeedResult with all six seeded counts when all steps succeed
[22m[39m[OrganizationDefaults] genders seeded { event: [32m'seed_step_complete'[39m, step_name: [32m'genders'[39m, count: [33m2[39m }

[90mstdout[2m | src/lib/adapters/initialization/organizationDefaultsSeeder.test.ts[2m > [22m[2mseed_default_lookup_entities_for_organization[2m > [22m[2mreturns OrgSeedResult with all six seeded counts when all steps succeed
[22m[39m[OrganizationDefaults] Seeding identification_types { event: [32m'seed_step_start'[39m, step_name: [32m'identification_types'[39m }

[90mstdout[2m | src/lib/adapters/initialization/organizationDefaultsSeeder.test.ts[2m > [22m[2mseed_default_lookup_entities_for_organization[2m > [22m[2mreturns OrgSeedResult with all six seeded counts when all steps succeed
[22m[39m[OrganizationDefaults] identification_types seeded {
  event: [32m'seed_step_complete'[39m,
  step_name: [32m'identification_types'[39m,
  count: [33m2[39m
}

[90mstdout[2m | src/lib/adapters/initialization/organizationDefaultsSeeder.test.ts[2m > [22m[2mseed_default_lookup_entities_for_organization[2m > [22m[2mreturns OrgSeedResult with all six seeded counts when all steps succeed
[22m[39m[OrganizationDefaults] Seeding player_positions { event: [32m'seed_step_start'[39m, step_name: [32m'player_positions'[39m }

[90mstdout[2m | src/lib/adapters/initialization/organizationDefaultsSeeder.test.ts[2m > [22m[2mseed_default_lookup_entities_for_organization[2m > [22m[2mreturns OrgSeedResult with all six seeded counts when all steps succeed
[22m[39m[OrganizationDefaults] player_positions seeded {
  event: [32m'seed_step_complete'[39m,
  step_name: [32m'player_positions'[39m,
  count: [33m2[39m
}

[90mstdout[2m | src/lib/adapters/initialization/organizationDefaultsSeeder.test.ts[2m > [22m[2mseed_default_lookup_entities_for_organization[2m > [22m[2mreturns OrgSeedResult with all six seeded counts when all steps succeed
[22m[39m[OrganizationDefaults] Seeding game_official_roles { event: [32m'seed_step_start'[39m, step_name: [32m'game_official_roles'[39m }

[90mstdout[2m | src/lib/adapters/initialization/organizationDefaultsSeeder.test.ts[2m > [22m[2mseed_default_lookup_entities_for_organization[2m > [22m[2mreturns OrgSeedResult with all six seeded counts when all steps succeed
[22m[39m[OrganizationDefaults] game_official_roles seeded {
  event: [32m'seed_step_complete'[39m,
  step_name: [32m'game_official_roles'[39m,
  count: [33m2[39m
}

[90mstdout[2m | src/lib/adapters/initialization/organizationDefaultsSeeder.test.ts[2m > [22m[2mseed_default_lookup_entities_for_organization[2m > [22m[2mreturns OrgSeedResult with all six seeded counts when all steps succeed
[22m[39m[OrganizationDefaults] Seeding game_event_types { event: [32m'seed_step_start'[39m, step_name: [32m'game_event_types'[39m }

[90mstdout[2m | src/lib/adapters/initialization/organizationDefaultsSeeder.test.ts[2m > [22m[2mseed_default_lookup_entities_for_organization[2m > [22m[2mreturns OrgSeedResult with all six seeded counts when all steps succeed
[22m[39m[OrganizationDefaults] game_event_types seeded {
  event: [32m'seed_step_complete'[39m,
  step_name: [32m'game_event_types'[39m,
  count: [33m2[39m
}

[90mstdout[2m | src/lib/adapters/initialization/organizationDefaultsSeeder.test.ts[2m > [22m[2mseed_default_lookup_entities_for_organization[2m > [22m[2mreturns OrgSeedResult with all six seeded counts when all steps succeed
[22m[39m[OrganizationDefaults] Seeding team_staff_roles { event: [32m'seed_step_start'[39m, step_name: [32m'team_staff_roles'[39m }

[90mstdout[2m | src/lib/adapters/initialization/organizationDefaultsSeeder.test.ts[2m > [22m[2mseed_default_lookup_entities_for_organization[2m > [22m[2mreturns OrgSeedResult with all six seeded counts when all steps succeed
[22m[39m[OrganizationDefaults] team_staff_roles seeded {
  event: [32m'seed_step_complete'[39m,
  step_name: [32m'team_staff_roles'[39m,
  count: [33m2[39m
}

[90mstdout[2m | src/lib/adapters/initialization/organizationDefaultsSeeder.test.ts[2m > [22m[2mseed_default_lookup_entities_for_organization[2m > [22m[2mreturns OrgSeedResult with all six seeded counts when all steps succeed
[22m[39m[OrganizationDefaults] Seeding competition_formats { event: [32m'seed_step_start'[39m, step_name: [32m'competition_formats'[39m }

[90mstdout[2m | src/lib/adapters/initialization/organizationDefaultsSeeder.test.ts[2m > [22m[2mseed_default_lookup_entities_for_organization[2m > [22m[2mreturns OrgSeedResult with all six seeded counts when all steps succeed
[22m[39m[OrganizationDefaults] competition_formats seeded {
  event: [32m'seed_step_complete'[39m,
  step_name: [32m'competition_formats'[39m,
  count: [33m2[39m
}

[90mstdout[2m | src/lib/adapters/initialization/organizationDefaultsSeeder.test.ts[2m > [22m[2mseed_default_lookup_entities_for_organization[2m > [22m[2mreturns OrgSeedResult with all six seeded counts when all steps succeed
[22m[39m[OrganizationDefaults] All 7 steps completed {
  event: [32m'org_seeding_complete'[39m,
  organization_id: [32m'org-counts'[39m,
  genders_seeded: [33m2[39m,
  identification_types_seeded: [33m2[39m,
  player_positions_seeded: [33m2[39m,
  game_official_roles_seeded: [33m2[39m,
  game_event_types_seeded: [33m2[39m,
  team_staff_roles_seeded: [33m2[39m,
  competition_formats_seeded: [33m2[39m
}

[90mstdout[2m | src/lib/adapters/initialization/organizationDefaultsSeeder.test.ts[2m > [22m[2mseed_default_lookup_entities_for_organization[2m > [22m[2mreturns a failure result when gender seeding fails
[22m[39m[OrganizationDefaults] Starting seeding { event: [32m'org_seeding_start'[39m, organization_id: [32m'org-fail'[39m }
[OrganizationDefaults] Seeding genders { event: [32m'seed_step_start'[39m, step_name: [32m'genders'[39m }

[90mstderr[2m | src/lib/adapters/initialization/organizationDefaultsSeeder.test.ts[2m > [22m[2mseed_default_lookup_entities_for_organization[2m > [22m[2mreturns a failure result when gender seeding fails
[22m[39m[OrganizationDefaults] genders seeding failed {
  event: [32m'seed_step_failed'[39m,
  step_name: [32m'genders'[39m,
  error: [32m'Gender DB error'[39m
}

[90mstdout[2m | src/lib/adapters/initialization/organizationDefaultsSeeder.test.ts[2m > [22m[2mseed_default_lookup_entities_for_organization[2m > [22m[2mstops after first failure and does not call subsequent repositories
[22m[39m[OrganizationDefaults] Starting seeding { event: [32m'org_seeding_start'[39m, organization_id: [32m'org-stop'[39m }
[OrganizationDefaults] Seeding genders { event: [32m'seed_step_start'[39m, step_name: [32m'genders'[39m }

[90mstderr[2m | src/lib/adapters/initialization/organizationDefaultsSeeder.test.ts[2m > [22m[2mseed_default_lookup_entities_for_organization[2m > [22m[2mstops after first failure and does not call subsequent repositories
[22m[39m[OrganizationDefaults] genders seeding failed {
  event: [32m'seed_step_failed'[39m,
  step_name: [32m'genders'[39m,
  error: [32m'Gender DB error'[39m
}

[90mstdout[2m | src/lib/adapters/initialization/organizationDefaultsSeeder.test.ts[2m > [22m[2mseed_default_lookup_entities_for_organization[2m > [22m[2mstops at identification types failure and does not call subsequent repositories
[22m[39m[OrganizationDefaults] Starting seeding { event: [32m'org_seeding_start'[39m, organization_id: [32m'org-stop-2'[39m }
[OrganizationDefaults] Seeding genders { event: [32m'seed_step_start'[39m, step_name: [32m'genders'[39m }

[90mstdout[2m | src/lib/adapters/initialization/organizationDefaultsSeeder.test.ts[2m > [22m[2mseed_default_lookup_entities_for_organization[2m > [22m[2mstops at identification types failure and does not call subsequent repositories
[22m[39m[OrganizationDefaults] genders seeded { event: [32m'seed_step_complete'[39m, step_name: [32m'genders'[39m, count: [33m2[39m }

[90mstdout[2m | src/lib/adapters/initialization/organizationDefaultsSeeder.test.ts[2m > [22m[2mseed_default_lookup_entities_for_organization[2m > [22m[2mstops at identification types failure and does not call subsequent repositories
[22m[39m[OrganizationDefaults] Seeding identification_types { event: [32m'seed_step_start'[39m, step_name: [32m'identification_types'[39m }

[90mstderr[2m | src/lib/adapters/initialization/organizationDefaultsSeeder.test.ts[2m > [22m[2mseed_default_lookup_entities_for_organization[2m > [22m[2mstops at identification types failure and does not call subsequent repositories
[22m[39m[OrganizationDefaults] identification_types seeding failed {
  event: [32m'seed_step_failed'[39m,
  step_name: [32m'identification_types'[39m,
  error: [32m'ID type DB error'[39m
}

[90mstdout[2m | src/lib/adapters/initialization/organizationDefaultsSeeder.test.ts[2m > [22m[2mseed_default_lookup_entities_for_organization[2m > [22m[2mcalls seed_with_data on the competition format repository
[22m[39m[OrganizationDefaults] Starting seeding { event: [32m'org_seeding_start'[39m, organization_id: [32m'org-abc'[39m }
[OrganizationDefaults] Seeding genders { event: [32m'seed_step_start'[39m, step_name: [32m'genders'[39m }

[90mstdout[2m | src/lib/adapters/initialization/organizationDefaultsSeeder.test.ts[2m > [22m[2mseed_default_lookup_entities_for_organization[2m > [22m[2mcalls seed_with_data on the competition format repository
[22m[39m[OrganizationDefaults] genders seeded { event: [32m'seed_step_complete'[39m, step_name: [32m'genders'[39m, count: [33m2[39m }

[90mstdout[2m | src/lib/adapters/initialization/organizationDefaultsSeeder.test.ts[2m > [22m[2mseed_default_lookup_entities_for_organization[2m > [22m[2mcalls seed_with_data on the competition format repository
[22m[39m[OrganizationDefaults] Seeding identification_types { event: [32m'seed_step_start'[39m, step_name: [32m'identification_types'[39m }

[90mstdout[2m | src/lib/adapters/initialization/organizationDefaultsSeeder.test.ts[2m > [22m[2mseed_default_lookup_entities_for_organization[2m > [22m[2mcalls seed_with_data on the competition format repository
[22m[39m[OrganizationDefaults] identification_types seeded {
  event: [32m'seed_step_complete'[39m,
  step_name: [32m'identification_types'[39m,
  count: [33m2[39m
}

[90mstdout[2m | src/lib/adapters/initialization/organizationDefaultsSeeder.test.ts[2m > [22m[2mseed_default_lookup_entities_for_organization[2m > [22m[2mcalls seed_with_data on the competition format repository
[22m[39m[OrganizationDefaults] Seeding player_positions { event: [32m'seed_step_start'[39m, step_name: [32m'player_positions'[39m }

[90mstdout[2m | src/lib/adapters/initialization/organizationDefaultsSeeder.test.ts[2m > [22m[2mseed_default_lookup_entities_for_organization[2m > [22m[2mcalls seed_with_data on the competition format repository
[22m[39m[OrganizationDefaults] player_positions seeded {
  event: [32m'seed_step_complete'[39m,
  step_name: [32m'player_positions'[39m,
  count: [33m2[39m
}

[90mstdout[2m | src/lib/adapters/initialization/organizationDefaultsSeeder.test.ts[2m > [22m[2mseed_default_lookup_entities_for_organization[2m > [22m[2mcalls seed_with_data on the competition format repository
[22m[39m[OrganizationDefaults] Seeding game_official_roles { event: [32m'seed_step_start'[39m, step_name: [32m'game_official_roles'[39m }

[90mstdout[2m | src/lib/adapters/initialization/organizationDefaultsSeeder.test.ts[2m > [22m[2mseed_default_lookup_entities_for_organization[2m > [22m[2mcalls seed_with_data on the competition format repository
[22m[39m[OrganizationDefaults] game_official_roles seeded {
  event: [32m'seed_step_complete'[39m,
  step_name: [32m'game_official_roles'[39m,
  count: [33m2[39m
}

[90mstdout[2m | src/lib/adapters/initialization/organizationDefaultsSeeder.test.ts[2m > [22m[2mseed_default_lookup_entities_for_organization[2m > [22m[2mcalls seed_with_data on the competition format repository
[22m[39m[OrganizationDefaults] Seeding game_event_types { event: [32m'seed_step_start'[39m, step_name: [32m'game_event_types'[39m }

[90mstdout[2m | src/lib/adapters/initialization/organizationDefaultsSeeder.test.ts[2m > [22m[2mseed_default_lookup_entities_for_organization[2m > [22m[2mcalls seed_with_data on the competition format repository
[22m[39m[OrganizationDefaults] game_event_types seeded {
  event: [32m'seed_step_complete'[39m,
  step_name: [32m'game_event_types'[39m,
  count: [33m2[39m
}

[90mstdout[2m | src/lib/adapters/initialization/organizationDefaultsSeeder.test.ts[2m > [22m[2mseed_default_lookup_entities_for_organization[2m > [22m[2mcalls seed_with_data on the competition format repository
[22m[39m[OrganizationDefaults] Seeding team_staff_roles { event: [32m'seed_step_start'[39m, step_name: [32m'team_staff_roles'[39m }

[90mstdout[2m | src/lib/adapters/initialization/organizationDefaultsSeeder.test.ts[2m > [22m[2mseed_default_lookup_entities_for_organization[2m > [22m[2mcalls seed_with_data on the competition format repository
[22m[39m[OrganizationDefaults] team_staff_roles seeded {
  event: [32m'seed_step_complete'[39m,
  step_name: [32m'team_staff_roles'[39m,
  count: [33m2[39m
}

[90mstdout[2m | src/lib/adapters/initialization/organizationDefaultsSeeder.test.ts[2m > [22m[2mseed_default_lookup_entities_for_organization[2m > [22m[2mcalls seed_with_data on the competition format repository
[22m[39m[OrganizationDefaults] Seeding competition_formats { event: [32m'seed_step_start'[39m, step_name: [32m'competition_formats'[39m }

[90mstdout[2m | src/lib/adapters/initialization/organizationDefaultsSeeder.test.ts[2m > [22m[2mseed_default_lookup_entities_for_organization[2m > [22m[2mcalls seed_with_data on the competition format repository
[22m[39m[OrganizationDefaults] competition_formats seeded {
  event: [32m'seed_step_complete'[39m,
  step_name: [32m'competition_formats'[39m,
  count: [33m2[39m
}

[90mstdout[2m | src/lib/adapters/initialization/organizationDefaultsSeeder.test.ts[2m > [22m[2mseed_default_lookup_entities_for_organization[2m > [22m[2mcalls seed_with_data on the competition format repository
[22m[39m[OrganizationDefaults] All 7 steps completed {
  event: [32m'org_seeding_complete'[39m,
  organization_id: [32m'org-abc'[39m,
  genders_seeded: [33m2[39m,
  identification_types_seeded: [33m2[39m,
  player_positions_seeded: [33m2[39m,
  game_official_roles_seeded: [33m2[39m,
  game_event_types_seeded: [33m2[39m,
  team_staff_roles_seeded: [33m2[39m,
  competition_formats_seeded: [33m2[39m
}

[90mstdout[2m | src/lib/adapters/initialization/organizationDefaultsSeeder.test.ts[2m > [22m[2mseed_default_lookup_entities_for_organization[2m > [22m[2mseeds competition formats with data that includes the given organization_id
[22m[39m[OrganizationDefaults] Starting seeding { event: [32m'org_seeding_start'[39m, organization_id: [32m'org-abc'[39m }
[OrganizationDefaults] Seeding genders { event: [32m'seed_step_start'[39m, step_name: [32m'genders'[39m }

[90mstdout[2m | src/lib/adapters/initialization/organizationDefaultsSeeder.test.ts[2m > [22m[2mseed_default_lookup_entities_for_organization[2m > [22m[2mseeds competition formats with data that includes the given organization_id
[22m[39m[OrganizationDefaults] genders seeded { event: [32m'seed_step_complete'[39m, step_name: [32m'genders'[39m, count: [33m2[39m }

[90mstdout[2m | src/lib/adapters/initialization/organizationDefaultsSeeder.test.ts[2m > [22m[2mseed_default_lookup_entities_for_organization[2m > [22m[2mseeds competition formats with data that includes the given organization_id
[22m[39m[OrganizationDefaults] Seeding identification_types { event: [32m'seed_step_start'[39m, step_name: [32m'identification_types'[39m }

[90mstdout[2m | src/lib/adapters/initialization/organizationDefaultsSeeder.test.ts[2m > [22m[2mseed_default_lookup_entities_for_organization[2m > [22m[2mseeds competition formats with data that includes the given organization_id
[22m[39m[OrganizationDefaults] identification_types seeded {
  event: [32m'seed_step_complete'[39m,
  step_name: [32m'identification_types'[39m,
  count: [33m2[39m
}

[90mstdout[2m | src/lib/adapters/initialization/organizationDefaultsSeeder.test.ts[2m > [22m[2mseed_default_lookup_entities_for_organization[2m > [22m[2mseeds competition formats with data that includes the given organization_id
[22m[39m[OrganizationDefaults] Seeding player_positions { event: [32m'seed_step_start'[39m, step_name: [32m'player_positions'[39m }

[90mstdout[2m | src/lib/adapters/initialization/organizationDefaultsSeeder.test.ts[2m > [22m[2mseed_default_lookup_entities_for_organization[2m > [22m[2mseeds competition formats with data that includes the given organization_id
[22m[39m[OrganizationDefaults] player_positions seeded {
  event: [32m'seed_step_complete'[39m,
  step_name: [32m'player_positions'[39m,
  count: [33m2[39m
}

[90mstdout[2m | src/lib/adapters/initialization/organizationDefaultsSeeder.test.ts[2m > [22m[2mseed_default_lookup_entities_for_organization[2m > [22m[2mseeds competition formats with data that includes the given organization_id
[22m[39m[OrganizationDefaults] Seeding game_official_roles { event: [32m'seed_step_start'[39m, step_name: [32m'game_official_roles'[39m }

[90mstdout[2m | src/lib/adapters/initialization/organizationDefaultsSeeder.test.ts[2m > [22m[2mseed_default_lookup_entities_for_organization[2m > [22m[2mseeds competition formats with data that includes the given organization_id
[22m[39m[OrganizationDefaults] game_official_roles seeded {
  event: [32m'seed_step_complete'[39m,
  step_name: [32m'game_official_roles'[39m,
  count: [33m2[39m
}

[90mstdout[2m | src/lib/adapters/initialization/organizationDefaultsSeeder.test.ts[2m > [22m[2mseed_default_lookup_entities_for_organization[2m > [22m[2mseeds competition formats with data that includes the given organization_id
[22m[39m[OrganizationDefaults] Seeding game_event_types { event: [32m'seed_step_start'[39m, step_name: [32m'game_event_types'[39m }

[90mstdout[2m | src/lib/adapters/initialization/organizationDefaultsSeeder.test.ts[2m > [22m[2mseed_default_lookup_entities_for_organization[2m > [22m[2mseeds competition formats with data that includes the given organization_id
[22m[39m[OrganizationDefaults] game_event_types seeded {
  event: [32m'seed_step_complete'[39m,
  step_name: [32m'game_event_types'[39m,
  count: [33m2[39m
}

[90mstdout[2m | src/lib/adapters/initialization/organizationDefaultsSeeder.test.ts[2m > [22m[2mseed_default_lookup_entities_for_organization[2m > [22m[2mseeds competition formats with data that includes the given organization_id
[22m[39m[OrganizationDefaults] Seeding team_staff_roles { event: [32m'seed_step_start'[39m, step_name: [32m'team_staff_roles'[39m }

[90mstdout[2m | src/lib/adapters/initialization/organizationDefaultsSeeder.test.ts[2m > [22m[2mseed_default_lookup_entities_for_organization[2m > [22m[2mseeds competition formats with data that includes the given organization_id
[22m[39m[OrganizationDefaults] team_staff_roles seeded {
  event: [32m'seed_step_complete'[39m,
  step_name: [32m'team_staff_roles'[39m,
  count: [33m2[39m
}

[90mstdout[2m | src/lib/adapters/initialization/organizationDefaultsSeeder.test.ts[2m > [22m[2mseed_default_lookup_entities_for_organization[2m > [22m[2mseeds competition formats with data that includes the given organization_id
[22m[39m[OrganizationDefaults] Seeding competition_formats { event: [32m'seed_step_start'[39m, step_name: [32m'competition_formats'[39m }

[90mstdout[2m | src/lib/adapters/initialization/organizationDefaultsSeeder.test.ts[2m > [22m[2mseed_default_lookup_entities_for_organization[2m > [22m[2mseeds competition formats with data that includes the given organization_id
[22m[39m[OrganizationDefaults] competition_formats seeded {
  event: [32m'seed_step_complete'[39m,
  step_name: [32m'competition_formats'[39m,
  count: [33m2[39m
}

[90mstdout[2m | src/lib/adapters/initialization/organizationDefaultsSeeder.test.ts[2m > [22m[2mseed_default_lookup_entities_for_organization[2m > [22m[2mseeds competition formats with data that includes the given organization_id
[22m[39m[OrganizationDefaults] All 7 steps completed {
  event: [32m'org_seeding_complete'[39m,
  organization_id: [32m'org-abc'[39m,
  genders_seeded: [33m2[39m,
  identification_types_seeded: [33m2[39m,
  player_positions_seeded: [33m2[39m,
  game_official_roles_seeded: [33m2[39m,
  game_event_types_seeded: [33m2[39m,
  team_staff_roles_seeded: [33m2[39m,
  competition_formats_seeded: [33m2[39m
}

[90mstdout[2m | src/lib/adapters/initialization/organizationDefaultsSeeder.test.ts[2m > [22m[2mseed_default_lookup_entities_for_organization[2m > [22m[2mpasses the correct organization_id to competition format seeder
[22m[39m[OrganizationDefaults] Starting seeding { event: [32m'org_seeding_start'[39m, organization_id: [32m'org-formats-test'[39m }
[OrganizationDefaults] Seeding genders { event: [32m'seed_step_start'[39m, step_name: [32m'genders'[39m }

[90mstdout[2m | src/lib/adapters/initialization/organizationDefaultsSeeder.test.ts[2m > [22m[2mseed_default_lookup_entities_for_organization[2m > [22m[2mpasses the correct organization_id to competition format seeder
[22m[39m[OrganizationDefaults] genders seeded { event: [32m'seed_step_complete'[39m, step_name: [32m'genders'[39m, count: [33m2[39m }

[90mstdout[2m | src/lib/adapters/initialization/organizationDefaultsSeeder.test.ts[2m > [22m[2mseed_default_lookup_entities_for_organization[2m > [22m[2mpasses the correct organization_id to competition format seeder
[22m[39m[OrganizationDefaults] Seeding identification_types { event: [32m'seed_step_start'[39m, step_name: [32m'identification_types'[39m }

[90mstdout[2m | src/lib/adapters/initialization/organizationDefaultsSeeder.test.ts[2m > [22m[2mseed_default_lookup_entities_for_organization[2m > [22m[2mpasses the correct organization_id to competition format seeder
[22m[39m[OrganizationDefaults] identification_types seeded {
  event: [32m'seed_step_complete'[39m,
  step_name: [32m'identification_types'[39m,
  count: [33m2[39m
}

[90mstdout[2m | src/lib/adapters/initialization/organizationDefaultsSeeder.test.ts[2m > [22m[2mseed_default_lookup_entities_for_organization[2m > [22m[2mpasses the correct organization_id to competition format seeder
[22m[39m[OrganizationDefaults] Seeding player_positions { event: [32m'seed_step_start'[39m, step_name: [32m'player_positions'[39m }

[90mstdout[2m | src/lib/adapters/initialization/organizationDefaultsSeeder.test.ts[2m > [22m[2mseed_default_lookup_entities_for_organization[2m > [22m[2mpasses the correct organization_id to competition format seeder
[22m[39m[OrganizationDefaults] player_positions seeded {
  event: [32m'seed_step_complete'[39m,
  step_name: [32m'player_positions'[39m,
  count: [33m2[39m
}

[90mstdout[2m | src/lib/adapters/initialization/organizationDefaultsSeeder.test.ts[2m > [22m[2mseed_default_lookup_entities_for_organization[2m > [22m[2mpasses the correct organization_id to competition format seeder
[22m[39m[OrganizationDefaults] Seeding game_official_roles { event: [32m'seed_step_start'[39m, step_name: [32m'game_official_roles'[39m }

[90mstdout[2m | src/lib/adapters/initialization/organizationDefaultsSeeder.test.ts[2m > [22m[2mseed_default_lookup_entities_for_organization[2m > [22m[2mpasses the correct organization_id to competition format seeder
[22m[39m[OrganizationDefaults] game_official_roles seeded {
  event: [32m'seed_step_complete'[39m,
  step_name: [32m'game_official_roles'[39m,
  count: [33m2[39m
}

[90mstdout[2m | src/lib/adapters/initialization/organizationDefaultsSeeder.test.ts[2m > [22m[2mseed_default_lookup_entities_for_organization[2m > [22m[2mpasses the correct organization_id to competition format seeder
[22m[39m[OrganizationDefaults] Seeding game_event_types { event: [32m'seed_step_start'[39m, step_name: [32m'game_event_types'[39m }

[90mstdout[2m | src/lib/adapters/initialization/organizationDefaultsSeeder.test.ts[2m > [22m[2mseed_default_lookup_entities_for_organization[2m > [22m[2mpasses the correct organization_id to competition format seeder
[22m[39m[OrganizationDefaults] game_event_types seeded {
  event: [32m'seed_step_complete'[39m,
  step_name: [32m'game_event_types'[39m,
  count: [33m2[39m
}

[90mstdout[2m | src/lib/adapters/initialization/organizationDefaultsSeeder.test.ts[2m > [22m[2mseed_default_lookup_entities_for_organization[2m > [22m[2mpasses the correct organization_id to competition format seeder
[22m[39m[OrganizationDefaults] Seeding team_staff_roles { event: [32m'seed_step_start'[39m, step_name: [32m'team_staff_roles'[39m }

[90mstdout[2m | src/lib/adapters/initialization/organizationDefaultsSeeder.test.ts[2m > [22m[2mseed_default_lookup_entities_for_organization[2m > [22m[2mpasses the correct organization_id to competition format seeder
[22m[39m[OrganizationDefaults] team_staff_roles seeded {
  event: [32m'seed_step_complete'[39m,
  step_name: [32m'team_staff_roles'[39m,
  count: [33m2[39m
}

[90mstdout[2m | src/lib/adapters/initialization/organizationDefaultsSeeder.test.ts[2m > [22m[2mseed_default_lookup_entities_for_organization[2m > [22m[2mpasses the correct organization_id to competition format seeder
[22m[39m[OrganizationDefaults] Seeding competition_formats { event: [32m'seed_step_start'[39m, step_name: [32m'competition_formats'[39m }

[90mstdout[2m | src/lib/adapters/initialization/organizationDefaultsSeeder.test.ts[2m > [22m[2mseed_default_lookup_entities_for_organization[2m > [22m[2mpasses the correct organization_id to competition format seeder
[22m[39m[OrganizationDefaults] competition_formats seeded {
  event: [32m'seed_step_complete'[39m,
  step_name: [32m'competition_formats'[39m,
  count: [33m2[39m
}

[90mstdout[2m | src/lib/adapters/initialization/organizationDefaultsSeeder.test.ts[2m > [22m[2mseed_default_lookup_entities_for_organization[2m > [22m[2mpasses the correct organization_id to competition format seeder
[22m[39m[OrganizationDefaults] All 7 steps completed {
  event: [32m'org_seeding_complete'[39m,
  organization_id: [32m'org-formats-test'[39m,
  genders_seeded: [33m2[39m,
  identification_types_seeded: [33m2[39m,
  player_positions_seeded: [33m2[39m,
  game_official_roles_seeded: [33m2[39m,
  game_event_types_seeded: [33m2[39m,
  team_staff_roles_seeded: [33m2[39m,
  competition_formats_seeded: [33m2[39m
}

[90mstdout[2m | src/lib/adapters/initialization/organizationDefaultsSeeder.test.ts[2m > [22m[2mseed_default_lookup_entities_for_organization[2m > [22m[2mstops at competition formats failure and returns a failure result
[22m[39m[OrganizationDefaults] Starting seeding { event: [32m'org_seeding_start'[39m, organization_id: [32m'org-fmt-fail'[39m }
[OrganizationDefaults] Seeding genders { event: [32m'seed_step_start'[39m, step_name: [32m'genders'[39m }

[90mstdout[2m | src/lib/adapters/initialization/organizationDefaultsSeeder.test.ts[2m > [22m[2mseed_default_lookup_entities_for_organization[2m > [22m[2mstops at competition formats failure and returns a failure result
[22m[39m[OrganizationDefaults] genders seeded { event: [32m'seed_step_complete'[39m, step_name: [32m'genders'[39m, count: [33m2[39m }

[90mstdout[2m | src/lib/adapters/initialization/organizationDefaultsSeeder.test.ts[2m > [22m[2mseed_default_lookup_entities_for_organization[2m > [22m[2mstops at competition formats failure and returns a failure result
[22m[39m[OrganizationDefaults] Seeding identification_types { event: [32m'seed_step_start'[39m, step_name: [32m'identification_types'[39m }

[90mstdout[2m | src/lib/adapters/initialization/organizationDefaultsSeeder.test.ts[2m > [22m[2mseed_default_lookup_entities_for_organization[2m > [22m[2mstops at competition formats failure and returns a failure result
[22m[39m[OrganizationDefaults] identification_types seeded {
  event: [32m'seed_step_complete'[39m,
  step_name: [32m'identification_types'[39m,
  count: [33m2[39m
}

[90mstdout[2m | src/lib/adapters/initialization/organizationDefaultsSeeder.test.ts[2m > [22m[2mseed_default_lookup_entities_for_organization[2m > [22m[2mstops at competition formats failure and returns a failure result
[22m[39m[OrganizationDefaults] Seeding player_positions { event: [32m'seed_step_start'[39m, step_name: [32m'player_positions'[39m }

[90mstdout[2m | src/lib/adapters/initialization/organizationDefaultsSeeder.test.ts[2m > [22m[2mseed_default_lookup_entities_for_organization[2m > [22m[2mstops at competition formats failure and returns a failure result
[22m[39m[OrganizationDefaults] player_positions seeded {
  event: [32m'seed_step_complete'[39m,
  step_name: [32m'player_positions'[39m,
  count: [33m2[39m
}

[90mstdout[2m | src/lib/adapters/initialization/organizationDefaultsSeeder.test.ts[2m > [22m[2mseed_default_lookup_entities_for_organization[2m > [22m[2mstops at competition formats failure and returns a failure result
[22m[39m[OrganizationDefaults] Seeding game_official_roles { event: [32m'seed_step_start'[39m, step_name: [32m'game_official_roles'[39m }

[90mstdout[2m | src/lib/adapters/initialization/organizationDefaultsSeeder.test.ts[2m > [22m[2mseed_default_lookup_entities_for_organization[2m > [22m[2mstops at competition formats failure and returns a failure result
[22m[39m[OrganizationDefaults] game_official_roles seeded {
  event: [32m'seed_step_complete'[39m,
  step_name: [32m'game_official_roles'[39m,
  count: [33m2[39m
}

[90mstdout[2m | src/lib/adapters/initialization/organizationDefaultsSeeder.test.ts[2m > [22m[2mseed_default_lookup_entities_for_organization[2m > [22m[2mstops at competition formats failure and returns a failure result
[22m[39m[OrganizationDefaults] Seeding game_event_types { event: [32m'seed_step_start'[39m, step_name: [32m'game_event_types'[39m }

[90mstdout[2m | src/lib/adapters/initialization/organizationDefaultsSeeder.test.ts[2m > [22m[2mseed_default_lookup_entities_for_organization[2m > [22m[2mstops at competition formats failure and returns a failure result
[22m[39m[OrganizationDefaults] game_event_types seeded {
  event: [32m'seed_step_complete'[39m,
  step_name: [32m'game_event_types'[39m,
  count: [33m2[39m
}

[90mstdout[2m | src/lib/adapters/initialization/organizationDefaultsSeeder.test.ts[2m > [22m[2mseed_default_lookup_entities_for_organization[2m > [22m[2mstops at competition formats failure and returns a failure result
[22m[39m[OrganizationDefaults] Seeding team_staff_roles { event: [32m'seed_step_start'[39m, step_name: [32m'team_staff_roles'[39m }

[90mstdout[2m | src/lib/adapters/initialization/organizationDefaultsSeeder.test.ts[2m > [22m[2mseed_default_lookup_entities_for_organization[2m > [22m[2mstops at competition formats failure and returns a failure result
[22m[39m[OrganizationDefaults] team_staff_roles seeded {
  event: [32m'seed_step_complete'[39m,
  step_name: [32m'team_staff_roles'[39m,
  count: [33m2[39m
}

[90mstdout[2m | src/lib/adapters/initialization/organizationDefaultsSeeder.test.ts[2m > [22m[2mseed_default_lookup_entities_for_organization[2m > [22m[2mstops at competition formats failure and returns a failure result
[22m[39m[OrganizationDefaults] Seeding competition_formats { event: [32m'seed_step_start'[39m, step_name: [32m'competition_formats'[39m }

[90mstderr[2m | src/lib/adapters/initialization/organizationDefaultsSeeder.test.ts[2m > [22m[2mseed_default_lookup_entities_for_organization[2m > [22m[2mstops at competition formats failure and returns a failure result
[22m[39m[OrganizationDefaults] competition_formats seeding failed {
  event: [32m'seed_step_failed'[39m,
  step_name: [32m'competition_formats'[39m,
  error: [32m'Format DB error'[39m
}

 [32m✓[39m src/lib/adapters/initialization/organizationDefaultsSeeder.test.ts [2m([22m[2m21 tests[22m[2m)[22m[32m 21[2mms[22m[39m
[90mstdout[2m | src/lib/adapters/initialization/seedingService.test.ts[2m > [22m[2mseed_from_convex_or_local — skip_seeding strategy[2m > [22m[2mreturns skipped outcome without touching any data
[22m[39m[Seeding] Skip strategy — public viewer, no seeding needed

[90mstdout[2m | src/lib/adapters/initialization/seedingService.test.ts[2m > [22m[2mseed_from_convex_or_local — skip_seeding strategy[2m > [22m[2mdoes not report any progress messages
[22m[39m[Seeding] Skip strategy — public viewer, no seeding needed

[90mstdout[2m | src/lib/adapters/initialization/seedingService.test.ts[2m > [22m[2mseed_from_convex_or_local — convex_first_with_local_fallback strategy[2m > [22m[2mreturns local_fallback_success when seeding already complete
[22m[39m[Seeding] No Clerk session active — skipping current user resolution

[90mstderr[2m | src/lib/adapters/initialization/seedingService.test.ts[2m > [22m[2mseed_from_convex_or_local — convex_first_with_local_fallback strategy[2m > [22m[2mreturns local_fallback_success when seeding already complete
[22m[39m[Seeding] Could not resolve current user: No Clerk session active

[90mstdout[2m | src/lib/adapters/initialization/seedingService.test.ts[2m > [22m[2mseed_from_convex_or_local — convex_first_with_local_fallback strategy[2m > [22m[2muses convex data when convex seeding succeeds
[22m[39m[Seeding] Convex seeding succeeded: 50 records from 10 tables
[Seeding] No Clerk session active — skipping current user resolution

[90mstderr[2m | src/lib/adapters/initialization/seedingService.test.ts[2m > [22m[2mseed_from_convex_or_local — convex_first_with_local_fallback strategy[2m > [22m[2muses convex data when convex seeding succeeds
[22m[39m[Seeding] Could not resolve current user: No Clerk session active

[90mstdout[2m | src/lib/adapters/initialization/seedingService.test.ts[2m > [22m[2mseed_from_convex_or_local — convex_first_with_local_fallback strategy[2m > [22m[2mmarks seeding complete after successful convex seed
[22m[39m[Seeding] Convex seeding succeeded: 50 records from 10 tables
[Seeding] No Clerk session active — skipping current user resolution

[90mstderr[2m | src/lib/adapters/initialization/seedingService.test.ts[2m > [22m[2mseed_from_convex_or_local — convex_first_with_local_fallback strategy[2m > [22m[2mmarks seeding complete after successful convex seed
[22m[39m[Seeding] Could not resolve current user: No Clerk session active

[90mstdout[2m | src/lib/adapters/initialization/seedingService.test.ts[2m > [22m[2mseed_from_convex_or_local — convex_first_with_local_fallback strategy[2m > [22m[2mfalls back to local seeding when convex fails
[22m[39m[Seeding] Convex unavailable, falling back to local demo data

[90mstderr[2m | src/lib/adapters/initialization/seedingService.test.ts[2m > [22m[2mseed_from_convex_or_local — convex_first_with_local_fallback strategy[2m > [22m[2mfalls back to local seeding when convex fails
[22m[39m[sport] Failed to clear data {
  event: [32m'repository_clear_failed'[39m,
  entity_prefix: [32m'sport'[39m,
  error: [32m'DatabaseClosedError: MissingAPIError IndexedDB API missing. Please visit https://tinyurl.com/y2uuvskb'[39m
}

[90mstdout[2m | src/lib/presentation/stores/auth.test.ts[2m > [22m[2mauth_store integration[2m > [22m[2msidebar_menu_items derived store[2m > [22m[2mreturns empty array when no profile is set
[22m[39m[Auth] Token generated {
  event: [32m'token_generated'[39m,
  user_id: [32m'test-super-admin'[39m,
  role: [32m'super_admin'[39m
}

[90mstderr[2m | src/lib/adapters/initialization/seedingService.test.ts[2m > [22m[2mseed_from_convex_or_local — convex_first_with_local_fallback strategy[2m > [22m[2mfalls back to local seeding when convex fails
[22m[39m[Repository] Failed to seed data {
  event: [32m'repository_seed_failed'[39m,
  entity_prefix: [32m'sport'[39m,
  error: [32m'DatabaseClosedError: MissingAPIError IndexedDB API missing. Please visit https://tinyurl.com/y2uuvskb'[39m
}

[90mstdout[2m | src/lib/adapters/initialization/seedingService.test.ts[2m > [22m[2mseed_from_convex_or_local — convex_first_with_local_fallback strategy[2m > [22m[2mfalls back to local seeding when convex fails
[22m[39m[SportRepository] Reset complete {
  event: [32m'sport_repository_reset'[39m,
  sport_count: [33m3[39m,
  sport_ids: [
    [32m'sport-football-default'[39m,
    [32m'sport-basketball-default'[39m,
    [32m'sport-field-hockey-default'[39m
  ]
}

[90mstderr[2m | src/lib/adapters/initialization/seedingService.test.ts[2m > [22m[2mseed_from_convex_or_local — convex_first_with_local_fallback strategy[2m > [22m[2mfalls back to local seeding when convex fails
[22m[39m[org] Failed to clear data {
  event: [32m'repository_clear_failed'[39m,
  entity_prefix: [32m'org'[39m,
  error: [32m'DatabaseClosedError: MissingAPIError IndexedDB API missing. Please visit https://tinyurl.com/y2uuvskb'[39m
}

[90mstderr[2m | src/lib/adapters/initialization/seedingService.test.ts[2m > [22m[2mseed_from_convex_or_local — convex_first_with_local_fallback strategy[2m > [22m[2mfalls back to local seeding when convex fails
[22m[39m[Repository] Failed to seed data {
  event: [32m'repository_seed_failed'[39m,
  entity_prefix: [32m'org'[39m,
  error: [32m'DatabaseClosedError: MissingAPIError IndexedDB API missing. Please visit https://tinyurl.com/y2uuvskb'[39m
}

[90mstdout[2m | src/lib/adapters/initialization/seedingService.test.ts[2m > [22m[2mseed_from_convex_or_local — convex_first_with_local_fallback strategy[2m > [22m[2mfalls back to local seeding when convex fails
[22m[39m[Seeding] Loading entity ID lookups from seeded data

[90mstdout[2m | src/lib/adapters/initialization/seedingService.test.ts[2m > [22m[2mseed_from_convex_or_local — convex_first_with_local_fallback strategy[2m > [22m[2mfalls back to local seeding when convex fails
[22m[39m[Seeding] Entity ID lookups loaded successfully

[90mstdout[2m | src/lib/adapters/initialization/seedingService.test.ts[2m > [22m[2mseed_from_convex_or_local — convex_first_with_local_fallback strategy[2m > [22m[2mfalls back to local seeding when convex fails
[22m[39m[Seeding] Seeding demo players for org: org-1
[Seeding] Seeded 0 players

[90mstdout[2m | src/lib/adapters/initialization/seedingService.test.ts[2m > [22m[2mseed_from_convex_or_local — convex_first_with_local_fallback strategy[2m > [22m[2mfalls back to local seeding when convex fails
[22m[39m[Seeding] Seeding demo venues for org: org-1

[90mstdout[2m | src/lib/presentation/stores/auth.test.ts[2m > [22m[2mauth_store integration[2m > [22m[2msidebar_menu_items derived store[2m > [22m[2mreturns empty array when no profile is set
[22m[39m[AuthStore] Initialized profile via Clerk email match {
  event: [32m'auth_initialized_from_clerk_email'[39m,
  display_name: [32m'Super Admin'[39m,
  role: [32m'super_admin'[39m
}

[90mstdout[2m | src/lib/presentation/stores/auth.test.ts[2m > [22m[2mauth_store integration[2m > [22m[2msidebar_menu_items derived store[2m > [22m[2mreturns empty array when no profile is set
[22m[39m[AuthStore] Logged out

[90mstdout[2m | src/lib/presentation/stores/auth.test.ts[2m > [22m[2mauth_store integration[2m > [22m[2msidebar_menu_items derived store[2m > [22m[2mreturns empty array when no profile is set
[22m[39m[AuthStore] Logged out

[90mstdout[2m | src/lib/presentation/stores/auth.test.ts[2m > [22m[2mauth_store integration[2m > [22m[2msidebar_menu_items derived store[2m > [22m[2mreturns menu items for super_admin profile
[22m[39m[Auth] Token generated {
  event: [32m'token_generated'[39m,
  user_id: [32m'test-super-admin'[39m,
  role: [32m'super_admin'[39m
}

[90mstdout[2m | src/lib/presentation/stores/auth.test.ts[2m > [22m[2mauth_store integration[2m > [22m[2msidebar_menu_items derived store[2m > [22m[2mreturns menu items for super_admin profile
[22m[39m[AuthStore] Initialized profile via Clerk email match {
  event: [32m'auth_initialized_from_clerk_email'[39m,
  display_name: [32m'Super Admin'[39m,
  role: [32m'super_admin'[39m
}

[90mstdout[2m | src/lib/presentation/stores/auth.test.ts[2m > [22m[2mauth_store integration[2m > [22m[2msidebar_menu_items derived store[2m > [22m[2mreturns menu items for super_admin profile
[22m[39m[Auth] Token generated {
  event: [32m'token_generated'[39m,
  user_id: [32m'test-super-admin'[39m,
  role: [32m'super_admin'[39m
}

[90mstdout[2m | src/lib/presentation/stores/auth.test.ts[2m > [22m[2mauth_store integration[2m > [22m[2msidebar_menu_items derived store[2m > [22m[2mreturns menu items for super_admin profile
[22m[39m[AuthStore] Switched to profile: Super Admin

[90mstdout[2m | src/lib/presentation/stores/auth.test.ts[2m > [22m[2mauth_store integration[2m > [22m[2msidebar_menu_items derived store[2m > [22m[2mreturns menu items for super_admin profile
[22m[39m[AuthStore] Logged out

[90mstdout[2m | src/lib/presentation/stores/auth.test.ts[2m > [22m[2mauth_store integration[2m > [22m[2msidebar_menu_items derived store[2m > [22m[2mreturns different menu items for player profile
[22m[39m[Auth] Token generated {
  event: [32m'token_generated'[39m,
  user_id: [32m'test-super-admin'[39m,
  role: [32m'super_admin'[39m
}

[90mstdout[2m | src/lib/presentation/stores/auth.test.ts[2m > [22m[2mauth_store integration[2m > [22m[2msidebar_menu_items derived store[2m > [22m[2mreturns different menu items for player profile
[22m[39m[AuthStore] Initialized profile via Clerk email match {
  event: [32m'auth_initialized_from_clerk_email'[39m,
  display_name: [32m'Super Admin'[39m,
  role: [32m'super_admin'[39m
}

[90mstdout[2m | src/lib/presentation/stores/auth.test.ts[2m > [22m[2mauth_store integration[2m > [22m[2msidebar_menu_items derived store[2m > [22m[2mreturns different menu items for player profile
[22m[39m[Auth] Token generated { event: [32m'token_generated'[39m, user_id: [32m'test-player'[39m, role: [32m'player'[39m }

[90mstdout[2m | src/lib/presentation/stores/auth.test.ts[2m > [22m[2mauth_store integration[2m > [22m[2msidebar_menu_items derived store[2m > [22m[2mreturns different menu items for player profile
[22m[39m[AuthStore] Switched to profile: Denis Onyango

[90mstdout[2m | src/lib/presentation/stores/auth.test.ts[2m > [22m[2mauth_store integration[2m > [22m[2msidebar_menu_items derived store[2m > [22m[2mreturns different menu items for player profile
[22m[39m[AuthStore] Logged out

[90mstdout[2m | src/lib/adapters/initialization/seedingService.test.ts[2m > [22m[2mseed_from_convex_or_local — convex_first_with_local_fallback strategy[2m > [22m[2mreports progress with server connection message
[22m[39m[Seeding] Convex seeding succeeded: 25 records from 5 tables
[Seeding] No Clerk session active — skipping current user resolution

[90mstderr[2m | src/lib/adapters/initialization/seedingService.test.ts[2m > [22m[2mseed_from_convex_or_local — convex_first_with_local_fallback strategy[2m > [22m[2mreports progress with server connection message
[22m[39m[Seeding] Could not resolve current user: No Clerk session active

[90mstdout[2m | src/lib/adapters/initialization/seedingService.test.ts[2m > [22m[2mseed_from_convex_or_local — convex_first_with_local_fallback strategy[2m > [22m[2mreports fallback progress message when convex fails
[22m[39m[Seeding] Convex unavailable, falling back to local demo data

[90mstderr[2m | src/lib/adapters/initialization/seedingService.test.ts[2m > [22m[2mseed_from_convex_or_local — convex_first_with_local_fallback strategy[2m > [22m[2mreports fallback progress message when convex fails
[22m[39m[sport] Failed to clear data {
  event: [32m'repository_clear_failed'[39m,
  entity_prefix: [32m'sport'[39m,
  error: [32m'DatabaseClosedError: MissingAPIError IndexedDB API missing. Please visit https://tinyurl.com/y2uuvskb'[39m
}

[90mstdout[2m | src/lib/presentation/stores/auth.test.ts[2m > [22m[2mauth_store integration[2m > [22m[2msidebar_menu_items derived store[2m > [22m[2mupdates menu when profile is switched from super_admin to player
[22m[39m[Auth] Token generated {
  event: [32m'token_generated'[39m,
  user_id: [32m'test-super-admin'[39m,
  role: [32m'super_admin'[39m
}

[90mstdout[2m | src/lib/presentation/stores/auth.test.ts[2m > [22m[2mauth_store integration[2m > [22m[2msidebar_menu_items derived store[2m > [22m[2mupdates menu when profile is switched from super_admin to player
[22m[39m[AuthStore] Initialized profile via Clerk email match {
  event: [32m'auth_initialized_from_clerk_email'[39m,
  display_name: [32m'Super Admin'[39m,
  role: [32m'super_admin'[39m
}

[90mstderr[2m | src/lib/adapters/initialization/seedingService.test.ts[2m > [22m[2mseed_from_convex_or_local — convex_first_with_local_fallback strategy[2m > [22m[2mreports fallback progress message when convex fails
[22m[39m[Repository] Failed to seed data {
  event: [32m'repository_seed_failed'[39m,
  entity_prefix: [32m'sport'[39m,
  error: [32m'DatabaseClosedError: MissingAPIError IndexedDB API missing. Please visit https://tinyurl.com/y2uuvskb'[39m
}

[90mstdout[2m | src/lib/adapters/initialization/seedingService.test.ts[2m > [22m[2mseed_from_convex_or_local — convex_first_with_local_fallback strategy[2m > [22m[2mreports fallback progress message when convex fails
[22m[39m[SportRepository] Reset complete {
  event: [32m'sport_repository_reset'[39m,
  sport_count: [33m3[39m,
  sport_ids: [
    [32m'sport-football-default'[39m,
    [32m'sport-basketball-default'[39m,
    [32m'sport-field-hockey-default'[39m
  ]
}

[90mstderr[2m | src/lib/adapters/initialization/seedingService.test.ts[2m > [22m[2mseed_from_convex_or_local — convex_first_with_local_fallback strategy[2m > [22m[2mreports fallback progress message when convex fails
[22m[39m[org] Failed to clear data {
  event: [32m'repository_clear_failed'[39m,
  entity_prefix: [32m'org'[39m,
  error: [32m'DatabaseClosedError: MissingAPIError IndexedDB API missing. Please visit https://tinyurl.com/y2uuvskb'[39m
}

[90mstderr[2m | src/lib/adapters/initialization/seedingService.test.ts[2m > [22m[2mseed_from_convex_or_local — convex_first_with_local_fallback strategy[2m > [22m[2mreports fallback progress message when convex fails
[22m[39m[Repository] Failed to seed data {
  event: [32m'repository_seed_failed'[39m,
  entity_prefix: [32m'org'[39m,
  error: [32m'DatabaseClosedError: MissingAPIError IndexedDB API missing. Please visit https://tinyurl.com/y2uuvskb'[39m
}

[90mstdout[2m | src/lib/adapters/initialization/seedingService.test.ts[2m > [22m[2mseed_from_convex_or_local — convex_first_with_local_fallback strategy[2m > [22m[2mreports fallback progress message when convex fails
[22m[39m[Seeding] Loading entity ID lookups from seeded data

[90mstdout[2m | src/lib/adapters/initialization/seedingService.test.ts[2m > [22m[2mseed_from_convex_or_local — convex_first_with_local_fallback strategy[2m > [22m[2mreports fallback progress message when convex fails
[22m[39m[Seeding] Entity ID lookups loaded successfully

[90mstdout[2m | src/lib/presentation/stores/auth.test.ts[2m > [22m[2mauth_store integration[2m > [22m[2msidebar_menu_items derived store[2m > [22m[2mupdates menu when profile is switched from super_admin to player
[22m[39m[Auth] Token generated {
  event: [32m'token_generated'[39m,
  user_id: [32m'test-super-admin'[39m,
  role: [32m'super_admin'[39m
}

[90mstdout[2m | src/lib/presentation/stores/auth.test.ts[2m > [22m[2mauth_store integration[2m > [22m[2msidebar_menu_items derived store[2m > [22m[2mupdates menu when profile is switched from super_admin to player
[22m[39m[AuthStore] Switched to profile: Super Admin

[90mstdout[2m | src/lib/adapters/initialization/seedingService.test.ts[2m > [22m[2mseed_from_convex_or_local — convex_first_with_local_fallback strategy[2m > [22m[2mreports fallback progress message when convex fails
[22m[39m[Seeding] Seeding demo players for org: org-1
[Seeding] Seeded 0 players

[90mstdout[2m | src/lib/adapters/initialization/seedingService.test.ts[2m > [22m[2mseed_from_convex_or_local — convex_first_with_local_fallback strategy[2m > [22m[2mreports fallback progress message when convex fails
[22m[39m[Seeding] Seeding demo venues for org: org-1

[90mstdout[2m | src/lib/presentation/stores/auth.test.ts[2m > [22m[2mauth_store integration[2m > [22m[2msidebar_menu_items derived store[2m > [22m[2mupdates menu when profile is switched from super_admin to player
[22m[39m[Auth] Token generated { event: [32m'token_generated'[39m, user_id: [32m'test-player'[39m, role: [32m'player'[39m }

[90mstdout[2m | src/lib/presentation/stores/auth.test.ts[2m > [22m[2mauth_store integration[2m > [22m[2msidebar_menu_items derived store[2m > [22m[2mupdates menu when profile is switched from super_admin to player
[22m[39m[AuthStore] Switched to profile: Denis Onyango

[90mstdout[2m | src/lib/presentation/stores/auth.test.ts[2m > [22m[2mauth_store integration[2m > [22m[2msidebar_menu_items derived store[2m > [22m[2mupdates menu when profile is switched from super_admin to player
[22m[39m[AuthStore] Logged out

[90mstdout[2m | src/lib/adapters/initialization/seedingService.test.ts[2m > [22m[2mseed_from_convex_or_local — convex_mandatory strategy[2m > [22m[2msucceeds when convex pull works
[22m[39m[Seeding] Convex seeding succeeded: 50 records from 10 tables
[Seeding] No Clerk session active — skipping current user resolution

[90mstderr[2m | src/lib/adapters/initialization/seedingService.test.ts[2m > [22m[2mseed_from_convex_or_local — convex_mandatory strategy[2m > [22m[2msucceeds when convex pull works
[22m[39m[Seeding] Could not resolve current user: No Clerk session active

[90mstdout[2m | src/lib/adapters/initialization/seedingService.test.ts[2m > [22m[2mseed_from_convex_or_local — convex_mandatory strategy[2m > [22m[2menters offline mode when convex fails but local data exists
[22m[39m[Seeding] Convex unavailable but local data exists — entering offline mode
[Seeding] No Clerk session active — skipping current user resolution

[90mstderr[2m | src/lib/adapters/initialization/seedingService.test.ts[2m > [22m[2mseed_from_convex_or_local — convex_mandatory strategy[2m > [22m[2menters offline mode when convex fails but local data exists
[22m[39m[Seeding] Could not resolve current user: No Clerk session active

[90mstderr[2m | src/lib/adapters/initialization/seedingService.test.ts[2m > [22m[2mseed_from_convex_or_local — convex_mandatory strategy[2m > [22m[2mreturns convex_required_but_unavailable when convex fails and no local data
[22m[39m[Seeding] Convex unavailable and no local data — cannot proceed

[90mstderr[2m | src/lib/adapters/initialization/seedingService.test.ts[2m > [22m[2mseed_from_convex_or_local — convex_mandatory strategy[2m > [22m[2mdoes NOT fall back to local seeding when convex fails on first time
[22m[39m[Seeding] Convex unavailable and no local data — cannot proceed

[90mstdout[2m | src/lib/adapters/initialization/seedingService.test.ts[2m > [22m[2mseed_from_convex_or_local — convex_mandatory strategy[2m > [22m[2mreports pulling data progress message
[22m[39m[Seeding] Convex seeding succeeded: 25 records from 5 tables
[Seeding] No Clerk session active — skipping current user resolution

[90mstderr[2m | src/lib/adapters/initialization/seedingService.test.ts[2m > [22m[2mseed_from_convex_or_local — convex_mandatory strategy[2m > [22m[2mreports pulling data progress message
[22m[39m[Seeding] Could not resolve current user: No Clerk session active

[90mstdout[2m | src/lib/presentation/stores/auth.test.ts[2m > [22m[2mauth_store integration[2m > [22m[2msidebar_menu_items derived store[2m > [22m[2msuper_admin menu includes settings-related items that player menu does not
[22m[39m[Auth] Token generated {
  event: [32m'token_generated'[39m,
  user_id: [32m'test-super-admin'[39m,
  role: [32m'super_admin'[39m
}

[90mstdout[2m | src/lib/presentation/stores/auth.test.ts[2m > [22m[2mauth_store integration[2m > [22m[2msidebar_menu_items derived store[2m > [22m[2msuper_admin menu includes settings-related items that player menu does not
[22m[39m[AuthStore] Initialized profile via Clerk email match {
  event: [32m'auth_initialized_from_clerk_email'[39m,
  display_name: [32m'Super Admin'[39m,
  role: [32m'super_admin'[39m
}

[90mstdout[2m | src/lib/presentation/stores/auth.test.ts[2m > [22m[2mauth_store integration[2m > [22m[2msidebar_menu_items derived store[2m > [22m[2msuper_admin menu includes settings-related items that player menu does not
[22m[39m[Auth] Token generated {
  event: [32m'token_generated'[39m,
  user_id: [32m'test-super-admin'[39m,
  role: [32m'super_admin'[39m
}

[90mstdout[2m | src/lib/presentation/stores/auth.test.ts[2m > [22m[2mauth_store integration[2m > [22m[2msidebar_menu_items derived store[2m > [22m[2msuper_admin menu includes settings-related items that player menu does not
[22m[39m[AuthStore] Switched to profile: Super Admin

[90mstdout[2m | src/lib/adapters/initialization/seedingService.test.ts[2m > [22m[2mseed_all_data_if_needed — login-flow guard (regression: stale seeded data overwriting Convex)[2m > [22m[2mdoes NOT seed demo system users when seeding flag is already set
[22m[39m[Seeding] No Clerk session active — skipping current user resolution

[90mstderr[2m | src/lib/adapters/initialization/seedingService.test.ts[2m > [22m[2mseed_all_data_if_needed — login-flow guard (regression: stale seeded data overwriting Convex)[2m > [22m[2mdoes NOT seed demo system users when seeding flag is already set
[22m[39m[Seeding] Could not resolve current user: No Clerk session active

[90mstdout[2m | src/lib/adapters/initialization/seedingService.test.ts[2m > [22m[2mseed_all_data_if_needed — login-flow guard (regression: stale seeded data overwriting Convex)[2m > [22m[2mreturns success without demo seeding when seeding is already complete
[22m[39m[Seeding] No Clerk session active — skipping current user resolution

[90mstderr[2m | src/lib/adapters/initialization/seedingService.test.ts[2m > [22m[2mseed_all_data_if_needed — login-flow guard (regression: stale seeded data overwriting Convex)[2m > [22m[2mreturns success without demo seeding when seeding is already complete
[22m[39m[Seeding] Could not resolve current user: No Clerk session active

[90mstdout[2m | src/lib/core/services/fixtureStartChecks.test.ts[2m > [22m[2mfixtureStartChecks[2m > [22m[2mcheck_fixture_can_start[2m > [22m[2mshould pass when fixture has officials and lineups
[22m[39m[fixtureStartChecks] Checking fixture: { event: [32m'fixture_start_check'[39m, fixture_id: [32m'fixture-1'[39m }

[90mstdout[2m | src/lib/core/services/fixtureStartChecks.test.ts[2m > [22m[2mfixtureStartChecks[2m > [22m[2mcheck_fixture_can_start[2m > [22m[2mshould pass when fixture has officials and lineups
[22m[39m[fixtureStartChecks] Officials fetched: { event: [32m'officials_fetched'[39m, count: [33m1[39m }

[90mstdout[2m | src/lib/presentation/stores/auth.test.ts[2m > [22m[2mauth_store integration[2m > [22m[2msidebar_menu_items derived store[2m > [22m[2msuper_admin menu includes settings-related items that player menu does not
[22m[39m[Auth] Token generated { event: [32m'token_generated'[39m, user_id: [32m'test-player'[39m, role: [32m'player'[39m }

[90mstderr[2m | src/lib/adapters/initialization/seedingService.test.ts[2m > [22m[2mseed_all_data_if_needed — login-flow guard (regression: stale seeded data overwriting Convex)[2m > [22m[2mDOES seed system users the first time (flag absent)
[22m[39m[sport] Failed to clear data {
  event: [32m'repository_clear_failed'[39m,
  entity_prefix: [32m'sport'[39m,
  error: [32m'DatabaseClosedError: MissingAPIError IndexedDB API missing. Please visit https://tinyurl.com/y2uuvskb'[39m
}

[90mstdout[2m | src/lib/presentation/stores/auth.test.ts[2m > [22m[2mauth_store integration[2m > [22m[2msidebar_menu_items derived store[2m > [22m[2msuper_admin menu includes settings-related items that player menu does not
[22m[39m[AuthStore] Switched to profile: Denis Onyango

[90mstderr[2m | src/lib/adapters/initialization/seedingService.test.ts[2m > [22m[2mseed_all_data_if_needed — login-flow guard (regression: stale seeded data overwriting Convex)[2m > [22m[2mDOES seed system users the first time (flag absent)
[22m[39m[Repository] Failed to seed data {
  event: [32m'repository_seed_failed'[39m,
  entity_prefix: [32m'sport'[39m,
  error: [32m'DatabaseClosedError: MissingAPIError IndexedDB API missing. Please visit https://tinyurl.com/y2uuvskb'[39m
}

[90mstdout[2m | src/lib/adapters/initialization/seedingService.test.ts[2m > [22m[2mseed_all_data_if_needed — login-flow guard (regression: stale seeded data overwriting Convex)[2m > [22m[2mDOES seed system users the first time (flag absent)
[22m[39m[SportRepository] Reset complete {
  event: [32m'sport_repository_reset'[39m,
  sport_count: [33m3[39m,
  sport_ids: [
    [32m'sport-football-default'[39m,
    [32m'sport-basketball-default'[39m,
    [32m'sport-field-hockey-default'[39m
  ]
}

[90mstdout[2m | src/lib/presentation/stores/auth.test.ts[2m > [22m[2mauth_store integration[2m > [22m[2msidebar_menu_items derived store[2m > [22m[2msuper_admin menu includes settings-related items that player menu does not
[22m[39m[AuthStore] Logged out

[90mstderr[2m | src/lib/adapters/initialization/seedingService.test.ts[2m > [22m[2mseed_all_data_if_needed — login-flow guard (regression: stale seeded data overwriting Convex)[2m > [22m[2mDOES seed system users the first time (flag absent)
[22m[39m[org] Failed to clear data {
  event: [32m'repository_clear_failed'[39m,
  entity_prefix: [32m'org'[39m,
  error: [32m'DatabaseClosedError: MissingAPIError IndexedDB API missing. Please visit https://tinyurl.com/y2uuvskb'[39m
}

[90mstderr[2m | src/lib/adapters/initialization/seedingService.test.ts[2m > [22m[2mseed_all_data_if_needed — login-flow guard (regression: stale seeded data overwriting Convex)[2m > [22m[2mDOES seed system users the first time (flag absent)
[22m[39m[Repository] Failed to seed data {
  event: [32m'repository_seed_failed'[39m,
  entity_prefix: [32m'org'[39m,
  error: [32m'DatabaseClosedError: MissingAPIError IndexedDB API missing. Please visit https://tinyurl.com/y2uuvskb'[39m
}

[90mstdout[2m | src/lib/adapters/initialization/seedingService.test.ts[2m > [22m[2mseed_all_data_if_needed — login-flow guard (regression: stale seeded data overwriting Convex)[2m > [22m[2mDOES seed system users the first time (flag absent)
[22m[39m[Seeding] Loading entity ID lookups from seeded data

[90mstdout[2m | src/lib/adapters/initialization/seedingService.test.ts[2m > [22m[2mseed_all_data_if_needed — login-flow guard (regression: stale seeded data overwriting Convex)[2m > [22m[2mDOES seed system users the first time (flag absent)
[22m[39m[Seeding] Entity ID lookups loaded successfully

[90mstdout[2m | src/lib/core/services/fixtureStartChecks.test.ts[2m > [22m[2mfixtureStartChecks[2m > [22m[2mcheck_fixture_can_start[2m > [22m[2mshould fail when no officials assigned
[22m[39m[fixtureStartChecks] Checking fixture: { event: [32m'fixture_start_check'[39m, fixture_id: [32m'fixture-1'[39m }

[90mstdout[2m | src/lib/core/services/fixtureStartChecks.test.ts[2m > [22m[2mfixtureStartChecks[2m > [22m[2mcheck_fixture_can_start[2m > [22m[2mshould fail when no officials assigned
[22m[39m[fixtureStartChecks] Officials fetched: { event: [32m'officials_fetched'[39m, count: [33m0[39m }

[90mstdout[2m | src/lib/adapters/initialization/seedingService.test.ts[2m > [22m[2mseed_all_data_if_needed — login-flow guard (regression: stale seeded data overwriting Convex)[2m > [22m[2mDOES seed system users the first time (flag absent)
[22m[39m[Seeding] Seeding demo players for org: org-1
[Seeding] Seeded 0 players

[90mstdout[2m | src/lib/adapters/initialization/seedingService.test.ts[2m > [22m[2mseed_all_data_if_needed — login-flow guard (regression: stale seeded data overwriting Convex)[2m > [22m[2mDOES seed system users the first time (flag absent)
[22m[39m[Seeding] Seeding demo venues for org: org-1

[90mstdout[2m | src/lib/presentation/stores/auth.test.ts[2m > [22m[2mauth_store integration[2m > [22m[2mcurrent_user_role derived store[2m > [22m[2mreturns null when no profile is set
[22m[39m[Auth] Token generated {
  event: [32m'token_generated'[39m,
  user_id: [32m'test-super-admin'[39m,
  role: [32m'super_admin'[39m
}

[90mstdout[2m | src/lib/presentation/stores/auth.test.ts[2m > [22m[2mauth_store integration[2m > [22m[2mcurrent_user_role derived store[2m > [22m[2mreturns null when no profile is set
[22m[39m[AuthStore] Initialized profile via Clerk email match {
  event: [32m'auth_initialized_from_clerk_email'[39m,
  display_name: [32m'Super Admin'[39m,
  role: [32m'super_admin'[39m
}

[90mstdout[2m | src/lib/presentation/stores/auth.test.ts[2m > [22m[2mauth_store integration[2m > [22m[2mcurrent_user_role derived store[2m > [22m[2mreturns null when no profile is set
[22m[39m[AuthStore] Logged out

[90mstdout[2m | src/lib/core/services/fixtureStartChecks.test.ts[2m > [22m[2mfixtureStartChecks[2m > [22m[2mcheck_fixture_can_start[2m > [22m[2mshould fail when home team lineup missing
[22m[39m[fixtureStartChecks] Checking fixture: { event: [32m'fixture_start_check'[39m, fixture_id: [32m'fixture-1'[39m }

[90mstdout[2m | src/lib/presentation/stores/auth.test.ts[2m > [22m[2mauth_store integration[2m > [22m[2mcurrent_user_role derived store[2m > [22m[2mreturns null when no profile is set
[22m[39m[AuthStore] Logged out

[90mstderr[2m | src/lib/adapters/initialization/seedingService.test.ts[2m > [22m[2mseed_from_convex_or_local — local_only strategy[2m > [22m[2mreturns local_fallback_success outcome
[22m[39m[sport] Failed to clear data {
  event: [32m'repository_clear_failed'[39m,
  entity_prefix: [32m'sport'[39m,
  error: [32m'DatabaseClosedError: MissingAPIError IndexedDB API missing. Please visit https://tinyurl.com/y2uuvskb'[39m
}

[90mstderr[2m | src/lib/adapters/initialization/seedingService.test.ts[2m > [22m[2mseed_from_convex_or_local — local_only strategy[2m > [22m[2mreturns local_fallback_success outcome
[22m[39m[Repository] Failed to seed data {
  event: [32m'repository_seed_failed'[39m,
  entity_prefix: [32m'sport'[39m,
  error: [32m'DatabaseClosedError: MissingAPIError IndexedDB API missing. Please visit https://tinyurl.com/y2uuvskb'[39m
}

[90mstdout[2m | src/lib/adapters/initialization/seedingService.test.ts[2m > [22m[2mseed_from_convex_or_local — local_only strategy[2m > [22m[2mreturns local_fallback_success outcome
[22m[39m[SportRepository] Reset complete {
  event: [32m'sport_repository_reset'[39m,
  sport_count: [33m3[39m,
  sport_ids: [
    [32m'sport-football-default'[39m,
    [32m'sport-basketball-default'[39m,
    [32m'sport-field-hockey-default'[39m
  ]
}

[90mstderr[2m | src/lib/adapters/initialization/seedingService.test.ts[2m > [22m[2mseed_from_convex_or_local — local_only strategy[2m > [22m[2mreturns local_fallback_success outcome
[22m[39m[org] Failed to clear data {
  event: [32m'repository_clear_failed'[39m,
  entity_prefix: [32m'org'[39m,
  error: [32m'DatabaseClosedError: MissingAPIError IndexedDB API missing. Please visit https://tinyurl.com/y2uuvskb'[39m
}

[90mstderr[2m | src/lib/adapters/initialization/seedingService.test.ts[2m > [22m[2mseed_from_convex_or_local — local_only strategy[2m > [22m[2mreturns local_fallback_success outcome
[22m[39m[Repository] Failed to seed data {
  event: [32m'repository_seed_failed'[39m,
  entity_prefix: [32m'org'[39m,
  error: [32m'DatabaseClosedError: MissingAPIError IndexedDB API missing. Please visit https://tinyurl.com/y2uuvskb'[39m
}

[90mstdout[2m | src/lib/presentation/stores/auth.test.ts[2m > [22m[2mauth_store integration[2m > [22m[2mcurrent_user_role derived store[2m > [22m[2mreturns correct role after profile switch
[22m[39m[Auth] Token generated {
  event: [32m'token_generated'[39m,
  user_id: [32m'test-super-admin'[39m,
  role: [32m'super_admin'[39m
}

[90mstdout[2m | src/lib/presentation/stores/auth.test.ts[2m > [22m[2mauth_store integration[2m > [22m[2mcurrent_user_role derived store[2m > [22m[2mreturns correct role after profile switch
[22m[39m[AuthStore] Initialized profile via Clerk email match {
  event: [32m'auth_initialized_from_clerk_email'[39m,
  display_name: [32m'Super Admin'[39m,
  role: [32m'super_admin'[39m
}

[90mstdout[2m | src/lib/adapters/initialization/seedingService.test.ts[2m > [22m[2mseed_from_convex_or_local — local_only strategy[2m > [22m[2mreturns local_fallback_success outcome
[22m[39m[Seeding] Loading entity ID lookups from seeded data

[90mstdout[2m | src/lib/adapters/initialization/seedingService.test.ts[2m > [22m[2mseed_from_convex_or_local — local_only strategy[2m > [22m[2mreturns local_fallback_success outcome
[22m[39m[Seeding] Entity ID lookups loaded successfully

[90mstdout[2m | src/lib/adapters/initialization/seedingService.test.ts[2m > [22m[2mseed_from_convex_or_local — local_only strategy[2m > [22m[2mreturns local_fallback_success outcome
[22m[39m[Seeding] Seeding demo players for org: org-1
[Seeding] Seeded 0 players

[90mstdout[2m | src/lib/adapters/initialization/seedingService.test.ts[2m > [22m[2mseed_from_convex_or_local — local_only strategy[2m > [22m[2mreturns local_fallback_success outcome
[22m[39m[Seeding] Seeding demo venues for org: org-1

[90mstderr[2m | src/lib/adapters/initialization/seedingService.test.ts[2m > [22m[2mseed_from_convex_or_local — local_only strategy[2m > [22m[2mreturns local_fallback_success outcome
[22m[39m[Seeding] Local-only seeding failed {
  event: [32m'local_only_seeding_failed'[39m,
  error: [32m'Venue seeding returned incomplete venue IDs'[39m
}

[90mstdout[2m | src/lib/core/services/fixtureStartChecks.test.ts[2m > [22m[2mfixtureStartChecks[2m > [22m[2mcheck_fixture_can_start[2m > [22m[2mshould fail when home team lineup missing
[22m[39m[fixtureStartChecks] Officials fetched: { event: [32m'officials_fetched'[39m, count: [33m1[39m }

[90mstdout[2m | src/lib/core/services/fixtureStartChecks.test.ts[2m > [22m[2mfixtureStartChecks[2m > [22m[2mcheck_fixture_can_start[2m > [22m[2mshould fail when away team lineup missing
[22m[39m[fixtureStartChecks] Checking fixture: { event: [32m'fixture_start_check'[39m, fixture_id: [32m'fixture-1'[39m }

[90mstdout[2m | src/lib/core/services/fixtureStartChecks.test.ts[2m > [22m[2mfixtureStartChecks[2m > [22m[2mcheck_fixture_can_start[2m > [22m[2mshould fail when away team lineup missing
[22m[39m[fixtureStartChecks] Officials fetched: { event: [32m'officials_fetched'[39m, count: [33m1[39m }

[90mstdout[2m | src/lib/presentation/stores/auth.test.ts[2m > [22m[2mauth_store integration[2m > [22m[2mcurrent_user_role derived store[2m > [22m[2mreturns correct role after profile switch
[22m[39m[Auth] Token generated {
  event: [32m'token_generated'[39m,
  user_id: [32m'test-team-manager'[39m,
  role: [32m'team_manager'[39m
}

[90mstdout[2m | src/lib/presentation/stores/auth.test.ts[2m > [22m[2mauth_store integration[2m > [22m[2mcurrent_user_role derived store[2m > [22m[2mreturns correct role after profile switch
[22m[39m[AuthStore] Switched to profile: Team Manager

[90mstdout[2m | src/lib/presentation/stores/auth.test.ts[2m > [22m[2mauth_store integration[2m > [22m[2mcurrent_user_role derived store[2m > [22m[2mreturns correct role after profile switch
[22m[39m[AuthStore] Logged out

[90mstdout[2m | src/lib/presentation/stores/auth.test.ts[2m > [22m[2mauth_store integration[2m > [22m[2mcurrent_user_role derived store[2m > [22m[2mupdates role when switching between profiles
[22m[39m[Auth] Token generated {
  event: [32m'token_generated'[39m,
  user_id: [32m'test-super-admin'[39m,
  role: [32m'super_admin'[39m
}

[90mstderr[2m | src/lib/adapters/initialization/seedingService.test.ts[2m > [22m[2mseed_from_convex_or_local — local_only strategy[2m > [22m[2mdoes NOT call try_seed_all_tables_from_convex
[22m[39m[sport] Failed to clear data {
  event: [32m'repository_clear_failed'[39m,
  entity_prefix: [32m'sport'[39m,
  error: [32m'DatabaseClosedError: MissingAPIError IndexedDB API missing. Please visit https://tinyurl.com/y2uuvskb'[39m
}

[90mstderr[2m | src/lib/adapters/initialization/seedingService.test.ts[2m > [22m[2mseed_from_convex_or_local — local_only strategy[2m > [22m[2mdoes NOT call try_seed_all_tables_from_convex
[22m[39m[Repository] Failed to seed data {
  event: [32m'repository_seed_failed'[39m,
  entity_prefix: [32m'sport'[39m,
  error: [32m'DatabaseClosedError: MissingAPIError IndexedDB API missing. Please visit https://tinyurl.com/y2uuvskb'[39m
}

[90mstdout[2m | src/lib/adapters/initialization/seedingService.test.ts[2m > [22m[2mseed_from_convex_or_local — local_only strategy[2m > [22m[2mdoes NOT call try_seed_all_tables_from_convex
[22m[39m[SportRepository] Reset complete {
  event: [32m'sport_repository_reset'[39m,
  sport_count: [33m3[39m,
  sport_ids: [
    [32m'sport-football-default'[39m,
    [32m'sport-basketball-default'[39m,
    [32m'sport-field-hockey-default'[39m
  ]
}

[90mstderr[2m | src/lib/adapters/initialization/seedingService.test.ts[2m > [22m[2mseed_from_convex_or_local — local_only strategy[2m > [22m[2mdoes NOT call try_seed_all_tables_from_convex
[22m[39m[org] Failed to clear data {
  event: [32m'repository_clear_failed'[39m,
  entity_prefix: [32m'org'[39m,
  error: [32m'DatabaseClosedError: MissingAPIError IndexedDB API missing. Please visit https://tinyurl.com/y2uuvskb'[39m
}

[90mstderr[2m | src/lib/adapters/initialization/seedingService.test.ts[2m > [22m[2mseed_from_convex_or_local — local_only strategy[2m > [22m[2mdoes NOT call try_seed_all_tables_from_convex
[22m[39m[Repository] Failed to seed data {
  event: [32m'repository_seed_failed'[39m,
  entity_prefix: [32m'org'[39m,
  error: [32m'DatabaseClosedError: MissingAPIError IndexedDB API missing. Please visit https://tinyurl.com/y2uuvskb'[39m
}

[90mstdout[2m | src/lib/adapters/initialization/seedingService.test.ts[2m > [22m[2mseed_from_convex_or_local — local_only strategy[2m > [22m[2mdoes NOT call try_seed_all_tables_from_convex
[22m[39m[Seeding] Loading entity ID lookups from seeded data

[90mstdout[2m | src/lib/adapters/initialization/seedingService.test.ts[2m > [22m[2mseed_from_convex_or_local — local_only strategy[2m > [22m[2mdoes NOT call try_seed_all_tables_from_convex
[22m[39m[Seeding] Entity ID lookups loaded successfully

[90mstdout[2m | src/lib/adapters/initialization/seedingService.test.ts[2m > [22m[2mseed_from_convex_or_local — local_only strategy[2m > [22m[2mdoes NOT call try_seed_all_tables_from_convex
[22m[39m[Seeding] Seeding demo players for org: org-1
[Seeding] Seeded 0 players

[90mstdout[2m | src/lib/adapters/initialization/seedingService.test.ts[2m > [22m[2mseed_from_convex_or_local — local_only strategy[2m > [22m[2mdoes NOT call try_seed_all_tables_from_convex
[22m[39m[Seeding] Seeding demo venues for org: org-1

[90mstderr[2m | src/lib/adapters/initialization/seedingService.test.ts[2m > [22m[2mseed_from_convex_or_local — local_only strategy[2m > [22m[2mdoes NOT call try_seed_all_tables_from_convex
[22m[39m[Seeding] Local-only seeding failed {
  event: [32m'local_only_seeding_failed'[39m,
  error: [32m'Venue seeding returned incomplete venue IDs'[39m
}

[90mstderr[2m | src/lib/adapters/initialization/seedingService.test.ts[2m > [22m[2mseed_from_convex_or_local — local_only strategy[2m > [22m[2mcalls seed_all_data_if_needed for local seeding
[22m[39m[sport] Failed to clear data {
  event: [32m'repository_clear_failed'[39m,
  entity_prefix: [32m'sport'[39m,
  error: [32m'DatabaseClosedError: MissingAPIError IndexedDB API missing. Please visit https://tinyurl.com/y2uuvskb'[39m
}

[90mstderr[2m | src/lib/adapters/initialization/seedingService.test.ts[2m > [22m[2mseed_from_convex_or_local — local_only strategy[2m > [22m[2mcalls seed_all_data_if_needed for local seeding
[22m[39m[Repository] Failed to seed data {
  event: [32m'repository_seed_failed'[39m,
  entity_prefix: [32m'sport'[39m,
  error: [32m'DatabaseClosedError: MissingAPIError IndexedDB API missing. Please visit https://tinyurl.com/y2uuvskb'[39m
}

[90mstdout[2m | src/lib/adapters/initialization/seedingService.test.ts[2m > [22m[2mseed_from_convex_or_local — local_only strategy[2m > [22m[2mcalls seed_all_data_if_needed for local seeding
[22m[39m[SportRepository] Reset complete {
  event: [32m'sport_repository_reset'[39m,
  sport_count: [33m3[39m,
  sport_ids: [
    [32m'sport-football-default'[39m,
    [32m'sport-basketball-default'[39m,
    [32m'sport-field-hockey-default'[39m
  ]
}

[90mstderr[2m | src/lib/adapters/initialization/seedingService.test.ts[2m > [22m[2mseed_from_convex_or_local — local_only strategy[2m > [22m[2mcalls seed_all_data_if_needed for local seeding
[22m[39m[org] Failed to clear data {
  event: [32m'repository_clear_failed'[39m,
  entity_prefix: [32m'org'[39m,
  error: [32m'DatabaseClosedError: MissingAPIError IndexedDB API missing. Please visit https://tinyurl.com/y2uuvskb'[39m
}

[90mstderr[2m | src/lib/adapters/initialization/seedingService.test.ts[2m > [22m[2mseed_from_convex_or_local — local_only strategy[2m > [22m[2mcalls seed_all_data_if_needed for local seeding
[22m[39m[Repository] Failed to seed data {
  event: [32m'repository_seed_failed'[39m,
  entity_prefix: [32m'org'[39m,
  error: [32m'DatabaseClosedError: MissingAPIError IndexedDB API missing. Please visit https://tinyurl.com/y2uuvskb'[39m
}

[90mstdout[2m | src/lib/adapters/initialization/seedingService.test.ts[2m > [22m[2mseed_from_convex_or_local — local_only strategy[2m > [22m[2mcalls seed_all_data_if_needed for local seeding
[22m[39m[Seeding] Loading entity ID lookups from seeded data

[90mstdout[2m | src/lib/adapters/initialization/seedingService.test.ts[2m > [22m[2mseed_from_convex_or_local — local_only strategy[2m > [22m[2mcalls seed_all_data_if_needed for local seeding
[22m[39m[Seeding] Entity ID lookups loaded successfully

[90mstdout[2m | src/lib/adapters/initialization/seedingService.test.ts[2m > [22m[2mseed_from_convex_or_local — local_only strategy[2m > [22m[2mcalls seed_all_data_if_needed for local seeding
[22m[39m[Seeding] Seeding demo players for org: org-1
[Seeding] Seeded 0 players

[90mstdout[2m | src/lib/adapters/initialization/seedingService.test.ts[2m > [22m[2mseed_from_convex_or_local — local_only strategy[2m > [22m[2mcalls seed_all_data_if_needed for local seeding
[22m[39m[Seeding] Seeding demo venues for org: org-1

[90mstderr[2m | src/lib/adapters/initialization/seedingService.test.ts[2m > [22m[2mseed_from_convex_or_local — local_only strategy[2m > [22m[2mcalls seed_all_data_if_needed for local seeding
[22m[39m[Seeding] Local-only seeding failed {
  event: [32m'local_only_seeding_failed'[39m,
  error: [32m'Venue seeding returned incomplete venue IDs'[39m
}

[90mstdout[2m | src/lib/core/services/fixtureStartChecks.test.ts[2m > [22m[2mfixtureStartChecks[2m > [22m[2mcheck_fixture_can_start[2m > [22m[2mshould fail when lineups are in draft status
[22m[39m[fixtureStartChecks] Checking fixture: { event: [32m'fixture_start_check'[39m, fixture_id: [32m'fixture-1'[39m }

[90mstdout[2m | src/lib/core/services/fixtureStartChecks.test.ts[2m > [22m[2mfixtureStartChecks[2m > [22m[2mcheck_fixture_can_start[2m > [22m[2mshould fail when lineups are in draft status
[22m[39m[fixtureStartChecks] Officials fetched: { event: [32m'officials_fetched'[39m, count: [33m1[39m }

[90mstdout[2m | src/lib/presentation/stores/auth.test.ts[2m > [22m[2mauth_store integration[2m > [22m[2mcurrent_user_role derived store[2m > [22m[2mupdates role when switching between profiles
[22m[39m[AuthStore] Initialized profile via Clerk email match {
  event: [32m'auth_initialized_from_clerk_email'[39m,
  display_name: [32m'Super Admin'[39m,
  role: [32m'super_admin'[39m
}

[90mstdout[2m | src/lib/presentation/stores/auth.test.ts[2m > [22m[2mauth_store integration[2m > [22m[2mcurrent_user_role derived store[2m > [22m[2mupdates role when switching between profiles
[22m[39m[Auth] Token generated {
  event: [32m'token_generated'[39m,
  user_id: [32m'test-super-admin'[39m,
  role: [32m'super_admin'[39m
}

[90mstdout[2m | src/lib/presentation/stores/auth.test.ts[2m > [22m[2mauth_store integration[2m > [22m[2mcurrent_user_role derived store[2m > [22m[2mupdates role when switching between profiles
[22m[39m[AuthStore] Switched to profile: Super Admin

[90mstdout[2m | src/lib/presentation/stores/auth.test.ts[2m > [22m[2mauth_store integration[2m > [22m[2mcurrent_user_role derived store[2m > [22m[2mupdates role when switching between profiles
[22m[39m[Auth] Token generated { event: [32m'token_generated'[39m, user_id: [32m'test-player'[39m, role: [32m'player'[39m }

[90mstdout[2m | src/lib/presentation/stores/auth.test.ts[2m > [22m[2mauth_store integration[2m > [22m[2mcurrent_user_role derived store[2m > [22m[2mupdates role when switching between profiles
[22m[39m[AuthStore] Switched to profile: Denis Onyango

[90mstderr[2m | src/lib/adapters/initialization/seedingService.test.ts[2m > [22m[2mseed_from_convex_or_local — local_only strategy[2m > [22m[2mreports offline data progress messages
[22m[39m[sport] Failed to clear data {
  event: [32m'repository_clear_failed'[39m,
  entity_prefix: [32m'sport'[39m,
  error: [32m'DatabaseClosedError: MissingAPIError IndexedDB API missing. Please visit https://tinyurl.com/y2uuvskb'[39m
}

[90mstderr[2m | src/lib/adapters/initialization/seedingService.test.ts[2m > [22m[2mseed_from_convex_or_local — local_only strategy[2m > [22m[2mreports offline data progress messages
[22m[39m[Repository] Failed to seed data {
  event: [32m'repository_seed_failed'[39m,
  entity_prefix: [32m'sport'[39m,
  error: [32m'DatabaseClosedError: MissingAPIError IndexedDB API missing. Please visit https://tinyurl.com/y2uuvskb'[39m
}

[90mstdout[2m | src/lib/adapters/initialization/seedingService.test.ts[2m > [22m[2mseed_from_convex_or_local — local_only strategy[2m > [22m[2mreports offline data progress messages
[22m[39m[SportRepository] Reset complete {
  event: [32m'sport_repository_reset'[39m,
  sport_count: [33m3[39m,
  sport_ids: [
    [32m'sport-football-default'[39m,
    [32m'sport-basketball-default'[39m,
    [32m'sport-field-hockey-default'[39m
  ]
}

[90mstdout[2m | src/lib/presentation/stores/auth.test.ts[2m > [22m[2mauth_store integration[2m > [22m[2mcurrent_user_role derived store[2m > [22m[2mupdates role when switching between profiles
[22m[39m[AuthStore] Logged out

[90mstdout[2m | src/lib/presentation/stores/auth.test.ts[2m > [22m[2mauth_store integration[2m > [22m[2mcurrent_user_role_display derived store[2m > [22m[2mreturns Unknown when no profile is set
[22m[39m[Auth] Token generated {
  event: [32m'token_generated'[39m,
  user_id: [32m'test-super-admin'[39m,
  role: [32m'super_admin'[39m
}

[90mstdout[2m | src/lib/presentation/stores/auth.test.ts[2m > [22m[2mauth_store integration[2m > [22m[2mcurrent_user_role_display derived store[2m > [22m[2mreturns Unknown when no profile is set
[22m[39m[AuthStore] Initialized profile via Clerk email match {
  event: [32m'auth_initialized_from_clerk_email'[39m,
  display_name: [32m'Super Admin'[39m,
  role: [32m'super_admin'[39m
}

[90mstderr[2m | src/lib/adapters/initialization/seedingService.test.ts[2m > [22m[2mseed_from_convex_or_local — local_only strategy[2m > [22m[2mreports offline data progress messages
[22m[39m[org] Failed to clear data {
  event: [32m'repository_clear_failed'[39m,
  entity_prefix: [32m'org'[39m,
  error: [32m'DatabaseClosedError: MissingAPIError IndexedDB API missing. Please visit https://tinyurl.com/y2uuvskb'[39m
}

[90mstderr[2m | src/lib/adapters/initialization/seedingService.test.ts[2m > [22m[2mseed_from_convex_or_local — local_only strategy[2m > [22m[2mreports offline data progress messages
[22m[39m[Repository] Failed to seed data {
  event: [32m'repository_seed_failed'[39m,
  entity_prefix: [32m'org'[39m,
  error: [32m'DatabaseClosedError: MissingAPIError IndexedDB API missing. Please visit https://tinyurl.com/y2uuvskb'[39m
}

[90mstdout[2m | src/lib/adapters/initialization/seedingService.test.ts[2m > [22m[2mseed_from_convex_or_local — local_only strategy[2m > [22m[2mreports offline data progress messages
[22m[39m[Seeding] Loading entity ID lookups from seeded data

[90mstdout[2m | src/lib/adapters/initialization/seedingService.test.ts[2m > [22m[2mseed_from_convex_or_local — local_only strategy[2m > [22m[2mreports offline data progress messages
[22m[39m[Seeding] Entity ID lookups loaded successfully

[90mstdout[2m | src/lib/adapters/initialization/seedingService.test.ts[2m > [22m[2mseed_from_convex_or_local — local_only strategy[2m > [22m[2mreports offline data progress messages
[22m[39m[Seeding] Seeding demo players for org: org-1
[Seeding] Seeded 0 players

[90mstdout[2m | src/lib/adapters/initialization/seedingService.test.ts[2m > [22m[2mseed_from_convex_or_local — local_only strategy[2m > [22m[2mreports offline data progress messages
[22m[39m[Seeding] Seeding demo venues for org: org-1

[90mstderr[2m | src/lib/adapters/initialization/seedingService.test.ts[2m > [22m[2mseed_from_convex_or_local — local_only strategy[2m > [22m[2mreports offline data progress messages
[22m[39m[Seeding] Local-only seeding failed {
  event: [32m'local_only_seeding_failed'[39m,
  error: [32m'Venue seeding returned incomplete venue IDs'[39m
}

[90mstdout[2m | src/lib/core/services/fixtureStartChecks.test.ts[2m > [22m[2mfixtureStartChecks[2m > [22m[2mauto_generate_lineups_if_possible[2m > [22m[2mshould auto-generate when player count matches exactly
[22m[39m[fixtureStartChecks] auto_generate called for team: team-1 fixture: fixture-1

[90mstdout[2m | src/lib/core/services/fixtureStartChecks.test.ts[2m > [22m[2mfixtureStartChecks[2m > [22m[2mauto_generate_lineups_if_possible[2m > [22m[2mshould auto-generate when player count matches exactly
[22m[39m[fixtureStartChecks] Rules - min: [33m3[39m max: [33m3[39m strategy: first_available

[90mstdout[2m | src/lib/presentation/stores/auth.test.ts[2m > [22m[2mauth_store integration[2m > [22m[2mcurrent_user_role_display derived store[2m > [22m[2mreturns Unknown when no profile is set
[22m[39m[AuthStore] Logged out

[90mstdout[2m | src/lib/presentation/stores/auth.test.ts[2m > [22m[2mauth_store integration[2m > [22m[2mcurrent_user_role_display derived store[2m > [22m[2mreturns Unknown when no profile is set
[22m[39m[AuthStore] Logged out

[90mstderr[2m | src/lib/adapters/initialization/seedingService.test.ts[2m > [22m[2mseed_from_convex_or_local — local_only strategy[2m > [22m[2msucceeds even when try_seed_all_tables_from_convex would fail
[22m[39m[sport] Failed to clear data {
  event: [32m'repository_clear_failed'[39m,
  entity_prefix: [32m'sport'[39m,
  error: [32m'DatabaseClosedError: MissingAPIError IndexedDB API missing. Please visit https://tinyurl.com/y2uuvskb'[39m
}

[90mstderr[2m | src/lib/adapters/initialization/seedingService.test.ts[2m > [22m[2mseed_from_convex_or_local — local_only strategy[2m > [22m[2msucceeds even when try_seed_all_tables_from_convex would fail
[22m[39m[Repository] Failed to seed data {
  event: [32m'repository_seed_failed'[39m,
  entity_prefix: [32m'sport'[39m,
  error: [32m'DatabaseClosedError: MissingAPIError IndexedDB API missing. Please visit https://tinyurl.com/y2uuvskb'[39m
}

[90mstdout[2m | src/lib/adapters/initialization/seedingService.test.ts[2m > [22m[2mseed_from_convex_or_local — local_only strategy[2m > [22m[2msucceeds even when try_seed_all_tables_from_convex would fail
[22m[39m[SportRepository] Reset complete {
  event: [32m'sport_repository_reset'[39m,
  sport_count: [33m3[39m,
  sport_ids: [
    [32m'sport-football-default'[39m,
    [32m'sport-basketball-default'[39m,
    [32m'sport-field-hockey-default'[39m
  ]
}

[90mstderr[2m | src/lib/adapters/initialization/seedingService.test.ts[2m > [22m[2mseed_from_convex_or_local — local_only strategy[2m > [22m[2msucceeds even when try_seed_all_tables_from_convex would fail
[22m[39m[org] Failed to clear data {
  event: [32m'repository_clear_failed'[39m,
  entity_prefix: [32m'org'[39m,
  error: [32m'DatabaseClosedError: MissingAPIError IndexedDB API missing. Please visit https://tinyurl.com/y2uuvskb'[39m
}

[90mstderr[2m | src/lib/adapters/initialization/seedingService.test.ts[2m > [22m[2mseed_from_convex_or_local — local_only strategy[2m > [22m[2msucceeds even when try_seed_all_tables_from_convex would fail
[22m[39m[Repository] Failed to seed data {
  event: [32m'repository_seed_failed'[39m,
  entity_prefix: [32m'org'[39m,
  error: [32m'DatabaseClosedError: MissingAPIError IndexedDB API missing. Please visit https://tinyurl.com/y2uuvskb'[39m
}

[90mstdout[2m | src/lib/adapters/initialization/seedingService.test.ts[2m > [22m[2mseed_from_convex_or_local — local_only strategy[2m > [22m[2msucceeds even when try_seed_all_tables_from_convex would fail
[22m[39m[Seeding] Loading entity ID lookups from seeded data

[90mstdout[2m | src/lib/adapters/initialization/seedingService.test.ts[2m > [22m[2mseed_from_convex_or_local — local_only strategy[2m > [22m[2msucceeds even when try_seed_all_tables_from_convex would fail
[22m[39m[Seeding] Entity ID lookups loaded successfully

[90mstdout[2m | src/lib/adapters/initialization/seedingService.test.ts[2m > [22m[2mseed_from_convex_or_local — local_only strategy[2m > [22m[2msucceeds even when try_seed_all_tables_from_convex would fail
[22m[39m[Seeding] Seeding demo players for org: org-1
[Seeding] Seeded 0 players

[90mstdout[2m | src/lib/adapters/initialization/seedingService.test.ts[2m > [22m[2mseed_from_convex_or_local — local_only strategy[2m > [22m[2msucceeds even when try_seed_all_tables_from_convex would fail
[22m[39m[Seeding] Seeding demo venues for org: org-1

[90mstderr[2m | src/lib/adapters/initialization/seedingService.test.ts[2m > [22m[2mseed_from_convex_or_local — local_only strategy[2m > [22m[2msucceeds even when try_seed_all_tables_from_convex would fail
[22m[39m[Seeding] Local-only seeding failed {
  event: [32m'local_only_seeding_failed'[39m,
  error: [32m'Venue seeding returned incomplete venue IDs'[39m
}

[90mstdout[2m | src/lib/presentation/stores/auth.test.ts[2m > [22m[2mauth_store integration[2m > [22m[2mcurrent_user_role_display derived store[2m > [22m[2mreturns human-readable role name
[22m[39m[Auth] Token generated {
  event: [32m'token_generated'[39m,
  user_id: [32m'test-super-admin'[39m,
  role: [32m'super_admin'[39m
}

[90mstdout[2m | src/lib/presentation/stores/auth.test.ts[2m > [22m[2mauth_store integration[2m > [22m[2mcurrent_user_role_display derived store[2m > [22m[2mreturns human-readable role name
[22m[39m[AuthStore] Initialized profile via Clerk email match {
  event: [32m'auth_initialized_from_clerk_email'[39m,
  display_name: [32m'Super Admin'[39m,
  role: [32m'super_admin'[39m
}

[90mstdout[2m | src/lib/presentation/stores/auth.test.ts[2m > [22m[2mauth_store integration[2m > [22m[2mcurrent_user_role_display derived store[2m > [22m[2mreturns human-readable role name
[22m[39m[Auth] Token generated {
  event: [32m'token_generated'[39m,
  user_id: [32m'test-super-admin'[39m,
  role: [32m'super_admin'[39m
}

[90mstdout[2m | src/lib/presentation/stores/auth.test.ts[2m > [22m[2mauth_store integration[2m > [22m[2mcurrent_user_role_display derived store[2m > [22m[2mreturns human-readable role name
[22m[39m[AuthStore] Switched to profile: Super Admin

[90mstdout[2m | src/lib/presentation/stores/auth.test.ts[2m > [22m[2mauth_store integration[2m > [22m[2mcurrent_user_role_display derived store[2m > [22m[2mreturns human-readable role name
[22m[39m[AuthStore] Logged out

[90mstdout[2m | src/lib/presentation/stores/auth.test.ts[2m > [22m[2mauth_store integration[2m > [22m[2mcurrent_profile_display_name derived store[2m > [22m[2mreturns Guest when no profile is set
[22m[39m[Auth] Token generated {
  event: [32m'token_generated'[39m,
  user_id: [32m'test-super-admin'[39m,
  role: [32m'super_admin'[39m
}

[90mstdout[2m | src/lib/presentation/stores/auth.test.ts[2m > [22m[2mauth_store integration[2m > [22m[2mcurrent_profile_display_name derived store[2m > [22m[2mreturns Guest when no profile is set
[22m[39m[AuthStore] Initialized profile via Clerk email match {
  event: [32m'auth_initialized_from_clerk_email'[39m,
  display_name: [32m'Super Admin'[39m,
  role: [32m'super_admin'[39m
}

[90mstdout[2m | src/lib/presentation/stores/auth.test.ts[2m > [22m[2mauth_store integration[2m > [22m[2mcurrent_profile_display_name derived store[2m > [22m[2mreturns Guest when no profile is set
[22m[39m[AuthStore] Logged out

[90mstdout[2m | src/lib/presentation/stores/auth.test.ts[2m > [22m[2mauth_store integration[2m > [22m[2mcurrent_profile_display_name derived store[2m > [22m[2mreturns Guest when no profile is set
[22m[39m[AuthStore] Logged out

[90mstdout[2m | src/lib/presentation/stores/auth.test.ts[2m > [22m[2mauth_store integration[2m > [22m[2mcurrent_profile_display_name derived store[2m > [22m[2mreturns profile display name after switch
[22m[39m[Auth] Token generated {
  event: [32m'token_generated'[39m,
  user_id: [32m'test-super-admin'[39m,
  role: [32m'super_admin'[39m
}

[90mstdout[2m | src/lib/presentation/stores/auth.test.ts[2m > [22m[2mauth_store integration[2m > [22m[2mcurrent_profile_display_name derived store[2m > [22m[2mreturns profile display name after switch
[22m[39m[AuthStore] Initialized profile via Clerk email match {
  event: [32m'auth_initialized_from_clerk_email'[39m,
  display_name: [32m'Super Admin'[39m,
  role: [32m'super_admin'[39m
}

[90mstdout[2m | src/lib/presentation/stores/auth.test.ts[2m > [22m[2mauth_store integration[2m > [22m[2mcurrent_profile_display_name derived store[2m > [22m[2mreturns profile display name after switch
[22m[39m[Auth] Token generated { event: [32m'token_generated'[39m, user_id: [32m'test-player'[39m, role: [32m'player'[39m }

[90mstdout[2m | src/lib/presentation/stores/auth.test.ts[2m > [22m[2mauth_store integration[2m > [22m[2mcurrent_profile_display_name derived store[2m > [22m[2mreturns profile display name after switch
[22m[39m[AuthStore] Switched to profile: Denis Onyango

[90mstdout[2m | src/lib/presentation/stores/auth.test.ts[2m > [22m[2mauth_store integration[2m > [22m[2mcurrent_profile_display_name derived store[2m > [22m[2mreturns profile display name after switch
[22m[39m[AuthStore] Logged out

 [31m❯[39m src/lib/adapters/initialization/seedingService.test.ts [2m([22m[2m21 tests[22m[2m | [22m[31m5 failed[39m[2m)[22m[32m 36[2mms[22m[39m
     [32m✓[39m returns skipped outcome without touching any data[32m 2[2mms[22m[39m
     [32m✓[39m does not report any progress messages[32m 0[2mms[22m[39m
     [32m✓[39m returns local_fallback_success when seeding already complete[32m 1[2mms[22m[39m
     [32m✓[39m uses convex data when convex seeding succeeds[32m 1[2mms[22m[39m
     [32m✓[39m marks seeding complete after successful convex seed[32m 1[2mms[22m[39m
[31m     [31m×[31m falls back to local seeding when convex fails[39m[32m 19[2mms[22m[39m
     [32m✓[39m reports progress with server connection message[32m 1[2mms[22m[39m
     [32m✓[39m reports fallback progress message when convex fails[32m 2[2mms[22m[39m
     [32m✓[39m succeeds when convex pull works[32m 1[2mms[22m[39m
     [32m✓[39m enters offline mode when convex fails but local data exists[32m 0[2mms[22m[39m
     [32m✓[39m returns convex_required_but_unavailable when convex fails and no local data[32m 0[2mms[22m[39m
     [32m✓[39m does NOT fall back to local seeding when convex fails on first time[32m 0[2mms[22m[39m
     [32m✓[39m reports pulling data progress message[32m 0[2mms[22m[39m
     [32m✓[39m does NOT seed demo system users when seeding flag is already set[32m 0[2mms[22m[39m
     [32m✓[39m returns success without demo seeding when seeding is already complete[32m 0[2mms[22m[39m
[31m     [31m×[31m DOES seed system users the first time (flag absent)[39m[32m 1[2mms[22m[39m
[31m     [31m×[31m returns local_fallback_success outcome[39m[32m 1[2mms[22m[39m
     [32m✓[39m does NOT call try_seed_all_tables_from_convex[32m 1[2mms[22m[39m
[31m     [31m×[31m calls seed_all_data_if_needed for local seeding[39m[32m 1[2mms[22m[39m
     [32m✓[39m reports offline data progress messages[32m 1[2mms[22m[39m
[31m     [31m×[31m succeeds even when try_seed_all_tables_from_convex would fail[39m[32m 1[2mms[22m[39m
[90mstdout[2m | src/lib/presentation/stores/auth.test.ts[2m > [22m[2mauth_store integration[2m > [22m[2mavailable_profiles[2m > [22m[2mcontains all expected roles
[22m[39m[Auth] Token generated {
  event: [32m'token_generated'[39m,
  user_id: [32m'test-super-admin'[39m,
  role: [32m'super_admin'[39m
}

[90mstdout[2m | src/lib/presentation/stores/auth.test.ts[2m > [22m[2mauth_store integration[2m > [22m[2mavailable_profiles[2m > [22m[2mcontains all expected roles
[22m[39m[AuthStore] Initialized profile via Clerk email match {
  event: [32m'auth_initialized_from_clerk_email'[39m,
  display_name: [32m'Super Admin'[39m,
  role: [32m'super_admin'[39m
}

[90mstdout[2m | src/lib/presentation/stores/auth.test.ts[2m > [22m[2mauth_store integration[2m > [22m[2mavailable_profiles[2m > [22m[2mcontains all expected roles
[22m[39m[AuthStore] Logged out

[90mstdout[2m | src/lib/presentation/stores/auth.test.ts[2m > [22m[2mauth_store integration[2m > [22m[2mavailable_profiles[2m > [22m[2meach profile has required fields
[22m[39m[Auth] Token generated {
  event: [32m'token_generated'[39m,
  user_id: [32m'test-super-admin'[39m,
  role: [32m'super_admin'[39m
}

[90mstdout[2m | src/lib/presentation/stores/auth.test.ts[2m > [22m[2mauth_store integration[2m > [22m[2mavailable_profiles[2m > [22m[2meach profile has required fields
[22m[39m[AuthStore] Initialized profile via Clerk email match {
  event: [32m'auth_initialized_from_clerk_email'[39m,
  display_name: [32m'Super Admin'[39m,
  role: [32m'super_admin'[39m
}

[90mstdout[2m | src/lib/presentation/stores/auth.test.ts[2m > [22m[2mauth_store integration[2m > [22m[2mavailable_profiles[2m > [22m[2meach profile has required fields
[22m[39m[AuthStore] Logged out

[90mstdout[2m | src/lib/presentation/stores/auth.test.ts[2m > [22m[2mauth_store integration[2m > [22m[2mswitch_profile[2m > [22m[2mreturns true for valid profile id
[22m[39m[Auth] Token generated {
  event: [32m'token_generated'[39m,
  user_id: [32m'test-super-admin'[39m,
  role: [32m'super_admin'[39m
}

[90mstdout[2m | src/lib/presentation/stores/auth.test.ts[2m > [22m[2mauth_store integration[2m > [22m[2mswitch_profile[2m > [22m[2mreturns true for valid profile id
[22m[39m[AuthStore] Initialized profile via Clerk email match {
  event: [32m'auth_initialized_from_clerk_email'[39m,
  display_name: [32m'Super Admin'[39m,
  role: [32m'super_admin'[39m
}

[90mstdout[2m | src/lib/presentation/stores/auth.test.ts[2m > [22m[2mauth_store integration[2m > [22m[2mswitch_profile[2m > [22m[2mreturns true for valid profile id
[22m[39m[Auth] Token generated {
  event: [32m'token_generated'[39m,
  user_id: [32m'public-viewer'[39m,
  role: [32m'public_viewer'[39m
}

[90mstdout[2m | src/lib/presentation/stores/auth.test.ts[2m > [22m[2mauth_store integration[2m > [22m[2mswitch_profile[2m > [22m[2mreturns true for valid profile id
[22m[39m[AuthStore] Switched to profile: Public Viewer

[90mstdout[2m | src/lib/presentation/stores/auth.test.ts[2m > [22m[2mauth_store integration[2m > [22m[2mswitch_profile[2m > [22m[2mreturns true for valid profile id
[22m[39m[AuthStore] Logged out

[90mstdout[2m | src/lib/presentation/stores/auth.test.ts[2m > [22m[2mauth_store integration[2m > [22m[2mswitch_profile[2m > [22m[2mreturns false for invalid profile id
[22m[39m[Auth] Token generated {
  event: [32m'token_generated'[39m,
  user_id: [32m'test-super-admin'[39m,
  role: [32m'super_admin'[39m
}

[90mstdout[2m | src/lib/presentation/stores/auth.test.ts[2m > [22m[2mauth_store integration[2m > [22m[2mswitch_profile[2m > [22m[2mreturns false for invalid profile id
[22m[39m[AuthStore] Initialized profile via Clerk email match {
  event: [32m'auth_initialized_from_clerk_email'[39m,
  display_name: [32m'Super Admin'[39m,
  role: [32m'super_admin'[39m
}

[90mstderr[2m | src/lib/presentation/stores/auth.test.ts[2m > [22m[2mauth_store integration[2m > [22m[2mswitch_profile[2m > [22m[2mreturns false for invalid profile id
[22m[39m[AuthStore] Profile not found: non-existent-profile-id

[90mstdout[2m | src/lib/presentation/stores/auth.test.ts[2m > [22m[2mauth_store integration[2m > [22m[2mswitch_profile[2m > [22m[2mreturns false for invalid profile id
[22m[39m[AuthStore] Logged out

[90mstdout[2m | src/lib/presentation/stores/auth.test.ts[2m > [22m[2mauth_store integration[2m > [22m[2mswitch_profile[2m > [22m[2mupdates current_profile in state
[22m[39m[Auth] Token generated {
  event: [32m'token_generated'[39m,
  user_id: [32m'test-super-admin'[39m,
  role: [32m'super_admin'[39m
}

[90mstdout[2m | src/lib/presentation/stores/auth.test.ts[2m > [22m[2mauth_store integration[2m > [22m[2mswitch_profile[2m > [22m[2mupdates current_profile in state
[22m[39m[AuthStore] Initialized profile via Clerk email match {
  event: [32m'auth_initialized_from_clerk_email'[39m,
  display_name: [32m'Super Admin'[39m,
  role: [32m'super_admin'[39m
}

[90mstdout[2m | src/lib/presentation/stores/auth.test.ts[2m > [22m[2mauth_store integration[2m > [22m[2mswitch_profile[2m > [22m[2mupdates current_profile in state
[22m[39m[Auth] Token generated {
  event: [32m'token_generated'[39m,
  user_id: [32m'test-official'[39m,
  role: [32m'official'[39m
}

[90mstdout[2m | src/lib/presentation/stores/auth.test.ts[2m > [22m[2mauth_store integration[2m > [22m[2mswitch_profile[2m > [22m[2mupdates current_profile in state
[22m[39m[AuthStore] Switched to profile: Michael Anderson

[90mstdout[2m | src/lib/presentation/stores/auth.test.ts[2m > [22m[2mauth_store integration[2m > [22m[2mswitch_profile[2m > [22m[2mupdates current_profile in state
[22m[39m[AuthStore] Logged out

[90mstdout[2m | src/lib/presentation/stores/auth.test.ts[2m > [22m[2mauth_store integration[2m > [22m[2mget_authorization_level[2m > [22m[2mreturns authorization map for entity type
[22m[39m[Auth] Token generated {
  event: [32m'token_generated'[39m,
  user_id: [32m'test-super-admin'[39m,
  role: [32m'super_admin'[39m
}

[90mstdout[2m | src/lib/presentation/stores/auth.test.ts[2m > [22m[2mauth_store integration[2m > [22m[2mget_authorization_level[2m > [22m[2mreturns authorization map for entity type
[22m[39m[AuthStore] Initialized profile via Clerk email match {
  event: [32m'auth_initialized_from_clerk_email'[39m,
  display_name: [32m'Super Admin'[39m,
  role: [32m'super_admin'[39m
}

[90mstdout[2m | src/lib/presentation/stores/auth.test.ts[2m > [22m[2mauth_store integration[2m > [22m[2mget_authorization_level[2m > [22m[2mreturns authorization map for entity type
[22m[39m[Auth] Token generated {
  event: [32m'token_generated'[39m,
  user_id: [32m'test-super-admin'[39m,
  role: [32m'super_admin'[39m
}

[90mstdout[2m | src/lib/presentation/stores/auth.test.ts[2m > [22m[2mauth_store integration[2m > [22m[2mget_authorization_level[2m > [22m[2mreturns authorization map for entity type
[22m[39m[AuthStore] Switched to profile: Super Admin

[90mstdout[2m | src/lib/presentation/stores/auth.test.ts[2m > [22m[2mauth_store integration[2m > [22m[2mget_authorization_level[2m > [22m[2mreturns authorization map for entity type
[22m[39m[AuthStore] Logged out

[90mstdout[2m | src/lib/presentation/stores/auth.test.ts[2m > [22m[2mauth_store integration[2m > [22m[2mget_authorization_level[2m > [22m[2msuper_admin has all CRUD permissions for teams
[22m[39m[Auth] Token generated {
  event: [32m'token_generated'[39m,
  user_id: [32m'test-super-admin'[39m,
  role: [32m'super_admin'[39m
}

[90mstdout[2m | src/lib/presentation/stores/auth.test.ts[2m > [22m[2mauth_store integration[2m > [22m[2mget_authorization_level[2m > [22m[2msuper_admin has all CRUD permissions for teams
[22m[39m[AuthStore] Initialized profile via Clerk email match {
  event: [32m'auth_initialized_from_clerk_email'[39m,
  display_name: [32m'Super Admin'[39m,
  role: [32m'super_admin'[39m
}

[90mstdout[2m | src/lib/presentation/stores/auth.test.ts[2m > [22m[2mauth_store integration[2m > [22m[2mget_authorization_level[2m > [22m[2msuper_admin has all CRUD permissions for teams
[22m[39m[Auth] Token generated {
  event: [32m'token_generated'[39m,
  user_id: [32m'test-super-admin'[39m,
  role: [32m'super_admin'[39m
}

[90mstdout[2m | src/lib/presentation/stores/auth.test.ts[2m > [22m[2mauth_store integration[2m > [22m[2mget_authorization_level[2m > [22m[2msuper_admin has all CRUD permissions for teams
[22m[39m[AuthStore] Switched to profile: Super Admin

[90mstdout[2m | src/lib/presentation/stores/auth.test.ts[2m > [22m[2mauth_store integration[2m > [22m[2mget_authorization_level[2m > [22m[2msuper_admin has all CRUD permissions for teams
[22m[39m[AuthStore] Logged out

[90mstdout[2m | src/lib/core/services/fixtureStartChecks.test.ts[2m > [22m[2mfixtureStartChecks[2m > [22m[2mauto_generate_lineups_if_possible[2m > [22m[2mshould auto-generate when player count matches exactly
[22m[39m[fixtureStartChecks] Lineup created for: Test Team using first_available

[90mstdout[2m | src/lib/core/services/fixtureStartChecks.test.ts[2m > [22m[2mfixtureStartChecks[2m > [22m[2mauto_generate_lineups_if_possible[2m > [22m[2mshould auto-generate when player count is within range
[22m[39m[fixtureStartChecks] auto_generate called for team: team-1 fixture: fixture-1

[90mstdout[2m | src/lib/core/services/fixtureStartChecks.test.ts[2m > [22m[2mfixtureStartChecks[2m > [22m[2mauto_generate_lineups_if_possible[2m > [22m[2mshould auto-generate when player count is within range
[22m[39m[fixtureStartChecks] Rules - min: [33m2[39m max: [33m5[39m strategy: first_available

[90mstdout[2m | src/lib/core/services/fixtureStartChecks.test.ts[2m > [22m[2mfixtureStartChecks[2m > [22m[2mauto_generate_lineups_if_possible[2m > [22m[2mshould auto-generate when player count is within range
[22m[39m[fixtureStartChecks] Lineup created for: Test Team using first_available

[90mstdout[2m | src/lib/core/services/fixtureStartChecks.test.ts[2m > [22m[2mfixtureStartChecks[2m > [22m[2mauto_generate_lineups_if_possible[2m > [22m[2mshould fail when player count below minimum
[22m[39m[fixtureStartChecks] auto_generate called for team: team-1 fixture: fixture-1

[90mstdout[2m | src/lib/core/services/fixtureStartChecks.test.ts[2m > [22m[2mfixtureStartChecks[2m > [22m[2mauto_generate_lineups_if_possible[2m > [22m[2mshould fail when player count below minimum
[22m[39m[fixtureStartChecks] Rules - min: [33m3[39m max: [33m5[39m strategy: first_available

[90mstdout[2m | src/lib/core/services/fixtureStartChecks.test.ts[2m > [22m[2mfixtureStartChecks[2m > [22m[2mauto_generate_lineups_if_possible[2m > [22m[2mshould limit players to max when team has more than maximum
[22m[39m[fixtureStartChecks] auto_generate called for team: team-1 fixture: fixture-1

[90mstdout[2m | src/lib/core/services/fixtureStartChecks.test.ts[2m > [22m[2mfixtureStartChecks[2m > [22m[2mauto_generate_lineups_if_possible[2m > [22m[2mshould limit players to max when team has more than maximum
[22m[39m[fixtureStartChecks] Rules - min: [33m2[39m max: [33m5[39m strategy: first_available

[90mstdout[2m | src/lib/core/services/fixtureStartChecks.test.ts[2m > [22m[2mfixtureStartChecks[2m > [22m[2mauto_generate_lineups_if_possible[2m > [22m[2mshould limit players to max when team has more than maximum
[22m[39m[fixtureStartChecks] Lineup created for: Test Team using first_available

[90mstdout[2m | src/lib/core/services/fixtureStartChecks.test.ts[2m > [22m[2mfixtureStartChecks[2m > [22m[2mauto_generate_lineups_if_possible[2m > [22m[2mshould only include active players
[22m[39m[fixtureStartChecks] auto_generate called for team: team-1 fixture: fixture-1

[90mstdout[2m | src/lib/core/services/fixtureStartChecks.test.ts[2m > [22m[2mfixtureStartChecks[2m > [22m[2mauto_generate_lineups_if_possible[2m > [22m[2mshould only include active players
[22m[39m[fixtureStartChecks] Rules - min: [33m2[39m max: [33m3[39m strategy: first_available

[90mstdout[2m | src/lib/core/services/fixtureStartChecks.test.ts[2m > [22m[2mfixtureStartChecks[2m > [22m[2mauto_generate_lineups_if_possible[2m > [22m[2mshould only include active players
[22m[39m[fixtureStartChecks] Lineup created for: Test Team using first_available

[90mstdout[2m | src/lib/presentation/stores/auth.test.ts[2m > [22m[2mauth_store integration[2m > [22m[2mget_authorization_level[2m > [22m[2mplayer cannot create/delete teams but can view
[22m[39m[Auth] Token generated {
  event: [32m'token_generated'[39m,
  user_id: [32m'test-super-admin'[39m,
  role: [32m'super_admin'[39m
}

[90mstdout[2m | src/lib/presentation/stores/auth.test.ts[2m > [22m[2mauth_store integration[2m > [22m[2mget_authorization_level[2m > [22m[2mplayer cannot create/delete teams but can view
[22m[39m[AuthStore] Initialized profile via Clerk email match {
  event: [32m'auth_initialized_from_clerk_email'[39m,
  display_name: [32m'Super Admin'[39m,
  role: [32m'super_admin'[39m
}

[90mstdout[2m | src/lib/presentation/stores/auth.test.ts[2m > [22m[2mauth_store integration[2m > [22m[2mget_authorization_level[2m > [22m[2mplayer cannot create/delete teams but can view
[22m[39m[Auth] Token generated { event: [32m'token_generated'[39m, user_id: [32m'test-player'[39m, role: [32m'player'[39m }

[90mstdout[2m | src/lib/presentation/stores/auth.test.ts[2m > [22m[2mauth_store integration[2m > [22m[2mget_authorization_level[2m > [22m[2mplayer cannot create/delete teams but can view
[22m[39m[AuthStore] Switched to profile: Denis Onyango

[90mstdout[2m | src/lib/presentation/stores/auth.test.ts[2m > [22m[2mauth_store integration[2m > [22m[2mget_authorization_level[2m > [22m[2mplayer cannot create/delete teams but can view
[22m[39m[AuthStore] Logged out

[90mstdout[2m | src/lib/presentation/stores/auth.test.ts[2m > [22m[2mauth_store integration[2m > [22m[2mcan_switch_profiles derived store[2m > [22m[2mreturns false after initialization in signed-in mode
[22m[39m[Auth] Token generated {
  event: [32m'token_generated'[39m,
  user_id: [32m'test-super-admin'[39m,
  role: [32m'super_admin'[39m
}

[90mstdout[2m | src/lib/presentation/stores/auth.test.ts[2m > [22m[2mauth_store integration[2m > [22m[2mcan_switch_profiles derived store[2m > [22m[2mreturns false after initialization in signed-in mode
[22m[39m[AuthStore] Initialized profile via Clerk email match {
  event: [32m'auth_initialized_from_clerk_email'[39m,
  display_name: [32m'Super Admin'[39m,
  role: [32m'super_admin'[39m
}

[90mstdout[2m | src/lib/presentation/stores/auth.test.ts[2m > [22m[2mauth_store integration[2m > [22m[2mcan_switch_profiles derived store[2m > [22m[2mreturns false after initialization in signed-in mode
[22m[39m[AuthStore] Logged out

[90mstdout[2m | src/lib/presentation/stores/auth.test.ts[2m > [22m[2mauth_store integration[2m > [22m[2mcan_switch_profiles derived store[2m > [22m[2mreturns false when no profile is set
[22m[39m[Auth] Token generated {
  event: [32m'token_generated'[39m,
  user_id: [32m'test-super-admin'[39m,
  role: [32m'super_admin'[39m
}

[90mstdout[2m | src/lib/presentation/stores/auth.test.ts[2m > [22m[2mauth_store integration[2m > [22m[2mcan_switch_profiles derived store[2m > [22m[2mreturns false when no profile is set
[22m[39m[AuthStore] Initialized profile via Clerk email match {
  event: [32m'auth_initialized_from_clerk_email'[39m,
  display_name: [32m'Super Admin'[39m,
  role: [32m'super_admin'[39m
}

[90mstdout[2m | src/lib/presentation/stores/auth.test.ts[2m > [22m[2mauth_store integration[2m > [22m[2mcan_switch_profiles derived store[2m > [22m[2mreturns false when no profile is set
[22m[39m[AuthStore] Logged out

[90mstdout[2m | src/lib/presentation/stores/auth.test.ts[2m > [22m[2mauth_store integration[2m > [22m[2mcan_switch_profiles derived store[2m > [22m[2mreturns false when no profile is set
[22m[39m[AuthStore] Logged out

[90mstdout[2m | src/lib/presentation/stores/auth.test.ts[2m > [22m[2mauth_store integration[2m > [22m[2mcan_switch_profiles derived store[2m > [22m[2mreturns true when explicitly in demo session as public_viewer
[22m[39m[Auth] Token generated {
  event: [32m'token_generated'[39m,
  user_id: [32m'test-super-admin'[39m,
  role: [32m'super_admin'[39m
}

[90mstdout[2m | src/lib/presentation/stores/auth.test.ts[2m > [22m[2mauth_store integration[2m > [22m[2mcan_switch_profiles derived store[2m > [22m[2mreturns true when explicitly in demo session as public_viewer
[22m[39m[AuthStore] Initialized profile via Clerk email match {
  event: [32m'auth_initialized_from_clerk_email'[39m,
  display_name: [32m'Super Admin'[39m,
  role: [32m'super_admin'[39m
}

[90mstdout[2m | src/lib/presentation/stores/auth.test.ts[2m > [22m[2mauth_store integration[2m > [22m[2mcan_switch_profiles derived store[2m > [22m[2mreturns true when explicitly in demo session as public_viewer
[22m[39m[Auth] Token generated {
  event: [32m'token_generated'[39m,
  user_id: [32m'public-viewer'[39m,
  role: [32m'public_viewer'[39m
}

[90mstdout[2m | src/lib/presentation/stores/auth.test.ts[2m > [22m[2mauth_store integration[2m > [22m[2mcan_switch_profiles derived store[2m > [22m[2mreturns true when explicitly in demo session as public_viewer
[22m[39m[AuthStore] Switched to profile: Public Viewer

[90mstdout[2m | src/lib/presentation/stores/auth.test.ts[2m > [22m[2mauth_store integration[2m > [22m[2mcan_switch_profiles derived store[2m > [22m[2mreturns true when explicitly in demo session as public_viewer
[22m[39m[AuthStore] Logged out

[90mstdout[2m | src/lib/presentation/stores/auth.test.ts[2m > [22m[2mauth_store integration[2m > [22m[2mcan_switch_profiles derived store[2m > [22m[2mstays true in demo session when switching to super_admin demo
[22m[39m[Auth] Token generated {
  event: [32m'token_generated'[39m,
  user_id: [32m'test-super-admin'[39m,
  role: [32m'super_admin'[39m
}

[90mstdout[2m | src/lib/presentation/stores/auth.test.ts[2m > [22m[2mauth_store integration[2m > [22m[2mcan_switch_profiles derived store[2m > [22m[2mstays true in demo session when switching to super_admin demo
[22m[39m[AuthStore] Initialized profile via Clerk email match {
  event: [32m'auth_initialized_from_clerk_email'[39m,
  display_name: [32m'Super Admin'[39m,
  role: [32m'super_admin'[39m
}

[90mstdout[2m | src/lib/presentation/stores/auth.test.ts[2m > [22m[2mauth_store integration[2m > [22m[2mcan_switch_profiles derived store[2m > [22m[2mstays true in demo session when switching to super_admin demo
[22m[39m[Auth] Token generated {
  event: [32m'token_generated'[39m,
  user_id: [32m'test-super-admin'[39m,
  role: [32m'super_admin'[39m
}

[90mstdout[2m | src/lib/presentation/stores/auth.test.ts[2m > [22m[2mauth_store integration[2m > [22m[2mcan_switch_profiles derived store[2m > [22m[2mstays true in demo session when switching to super_admin demo
[22m[39m[AuthStore] Switched to profile: Super Admin

[90mstdout[2m | src/lib/presentation/stores/auth.test.ts[2m > [22m[2mauth_store integration[2m > [22m[2mcan_switch_profiles derived store[2m > [22m[2mstays true in demo session when switching to super_admin demo
[22m[39m[AuthStore] Logged out

[90mstdout[2m | src/lib/presentation/stores/auth.test.ts[2m > [22m[2mauth_store integration[2m > [22m[2mcan_switch_profiles derived store[2m > [22m[2mstays true in demo session when switching to org_admin demo
[22m[39m[Auth] Token generated {
  event: [32m'token_generated'[39m,
  user_id: [32m'test-super-admin'[39m,
  role: [32m'super_admin'[39m
}

[90mstdout[2m | src/lib/presentation/stores/auth.test.ts[2m > [22m[2mauth_store integration[2m > [22m[2mcan_switch_profiles derived store[2m > [22m[2mstays true in demo session when switching to org_admin demo
[22m[39m[AuthStore] Initialized profile via Clerk email match {
  event: [32m'auth_initialized_from_clerk_email'[39m,
  display_name: [32m'Super Admin'[39m,
  role: [32m'super_admin'[39m
}

[90mstdout[2m | src/lib/presentation/stores/auth.test.ts[2m > [22m[2mauth_store integration[2m > [22m[2mcan_switch_profiles derived store[2m > [22m[2mstays true in demo session when switching to org_admin demo
[22m[39m[Auth] Token generated {
  event: [32m'token_generated'[39m,
  user_id: [32m'test-org-admin'[39m,
  role: [32m'org_admin'[39m
}

[90mstdout[2m | src/lib/presentation/stores/auth.test.ts[2m > [22m[2mauth_store integration[2m > [22m[2mcan_switch_profiles derived store[2m > [22m[2mstays true in demo session when switching to org_admin demo
[22m[39m[AuthStore] Switched to profile: Organisation Admin

[90mstdout[2m | src/lib/presentation/stores/auth.test.ts[2m > [22m[2mauth_store integration[2m > [22m[2mcan_switch_profiles derived store[2m > [22m[2mstays true in demo session when switching to org_admin demo
[22m[39m[AuthStore] Logged out

[90mstdout[2m | src/lib/presentation/stores/auth.test.ts[2m > [22m[2mauth_store integration[2m > [22m[2mcan_switch_profiles derived store[2m > [22m[2mstays true in demo session when switching to team_manager demo
[22m[39m[Auth] Token generated {
  event: [32m'token_generated'[39m,
  user_id: [32m'test-super-admin'[39m,
  role: [32m'super_admin'[39m
}

[90mstdout[2m | src/lib/presentation/stores/auth.test.ts[2m > [22m[2mauth_store integration[2m > [22m[2mcan_switch_profiles derived store[2m > [22m[2mstays true in demo session when switching to team_manager demo
[22m[39m[AuthStore] Initialized profile via Clerk email match {
  event: [32m'auth_initialized_from_clerk_email'[39m,
  display_name: [32m'Super Admin'[39m,
  role: [32m'super_admin'[39m
}

[90mstdout[2m | src/lib/core/services/fixtureStartChecks.test.ts[2m > [22m[2mfixtureStartChecks[2m > [22m[2mauto_generate_lineups_if_possible[2m > [22m[2mshould use competition rule overrides instead of sport defaults
[22m[39m[fixtureStartChecks] auto_generate called for team: team-1 fixture: fixture-1

[90mstdout[2m | src/lib/core/services/fixtureStartChecks.test.ts[2m > [22m[2mfixtureStartChecks[2m > [22m[2mauto_generate_lineups_if_possible[2m > [22m[2mshould use competition rule overrides instead of sport defaults
[22m[39m[fixtureStartChecks] Rules - min: [33m3[39m max: [33m5[39m strategy: first_available

[90mstdout[2m | src/lib/core/services/fixtureStartChecks.test.ts[2m > [22m[2mfixtureStartChecks[2m > [22m[2mauto_generate_lineups_if_possible[2m > [22m[2mshould use competition rule overrides instead of sport defaults
[22m[39m[fixtureStartChecks] Lineup created for: Test Team using first_available

[90mstdout[2m | src/lib/core/services/fixtureStartChecks.test.ts[2m > [22m[2mfixtureStartChecks[2m > [22m[2mauto_generate_lineups_if_possible[2m > [22m[2mshould fail with competition rule overrides when player count below minimum
[22m[39m[fixtureStartChecks] auto_generate called for team: team-1 fixture: fixture-1

[90mstdout[2m | src/lib/core/services/fixtureStartChecks.test.ts[2m > [22m[2mfixtureStartChecks[2m > [22m[2mauto_generate_lineups_if_possible[2m > [22m[2mshould fail with competition rule overrides when player count below minimum
[22m[39m[fixtureStartChecks] Rules - min: [33m5[39m max: [33m10[39m strategy: first_available

[90mstdout[2m | src/lib/presentation/stores/auth.test.ts[2m > [22m[2mauth_store integration[2m > [22m[2mcan_switch_profiles derived store[2m > [22m[2mstays true in demo session when switching to team_manager demo
[22m[39m[Auth] Token generated {
  event: [32m'token_generated'[39m,
  user_id: [32m'test-team-manager'[39m,
  role: [32m'team_manager'[39m
}

[90mstdout[2m | src/lib/presentation/stores/auth.test.ts[2m > [22m[2mauth_store integration[2m > [22m[2mcan_switch_profiles derived store[2m > [22m[2mstays true in demo session when switching to team_manager demo
[22m[39m[AuthStore] Switched to profile: Team Manager

[90mstdout[2m | src/lib/presentation/stores/auth.test.ts[2m > [22m[2mauth_store integration[2m > [22m[2mcan_switch_profiles derived store[2m > [22m[2mstays true in demo session when switching to team_manager demo
[22m[39m[AuthStore] Logged out

[90mstdout[2m | src/lib/presentation/stores/auth.test.ts[2m > [22m[2mauth_store integration[2m > [22m[2mcan_switch_profiles derived store[2m > [22m[2mstays true in demo session when switching to player demo
[22m[39m[Auth] Token generated {
  event: [32m'token_generated'[39m,
  user_id: [32m'test-super-admin'[39m,
  role: [32m'super_admin'[39m
}

[90mstdout[2m | src/lib/presentation/stores/auth.test.ts[2m > [22m[2mauth_store integration[2m > [22m[2mcan_switch_profiles derived store[2m > [22m[2mstays true in demo session when switching to player demo
[22m[39m[AuthStore] Initialized profile via Clerk email match {
  event: [32m'auth_initialized_from_clerk_email'[39m,
  display_name: [32m'Super Admin'[39m,
  role: [32m'super_admin'[39m
}

[90mstdout[2m | src/lib/presentation/stores/auth.test.ts[2m > [22m[2mauth_store integration[2m > [22m[2mcan_switch_profiles derived store[2m > [22m[2mstays true in demo session when switching to player demo
[22m[39m[Auth] Token generated { event: [32m'token_generated'[39m, user_id: [32m'test-player'[39m, role: [32m'player'[39m }

[90mstdout[2m | src/lib/presentation/stores/auth.test.ts[2m > [22m[2mauth_store integration[2m > [22m[2mcan_switch_profiles derived store[2m > [22m[2mstays true in demo session when switching to player demo
[22m[39m[AuthStore] Switched to profile: Denis Onyango

[90mstdout[2m | src/lib/presentation/stores/auth.test.ts[2m > [22m[2mauth_store integration[2m > [22m[2mcan_switch_profiles derived store[2m > [22m[2mstays true in demo session when switching to player demo
[22m[39m[AuthStore] Logged out

[90mstdout[2m | src/lib/presentation/stores/auth.test.ts[2m > [22m[2mauth_store integration[2m > [22m[2mcan_switch_profiles derived store[2m > [22m[2mstays true in demo session when switching to official demo
[22m[39m[Auth] Token generated {
  event: [32m'token_generated'[39m,
  user_id: [32m'test-super-admin'[39m,
  role: [32m'super_admin'[39m
}

[90mstdout[2m | src/lib/presentation/stores/auth.test.ts[2m > [22m[2mauth_store integration[2m > [22m[2mcan_switch_profiles derived store[2m > [22m[2mstays true in demo session when switching to official demo
[22m[39m[AuthStore] Initialized profile via Clerk email match {
  event: [32m'auth_initialized_from_clerk_email'[39m,
  display_name: [32m'Super Admin'[39m,
  role: [32m'super_admin'[39m
}

[90mstdout[2m | src/lib/presentation/stores/auth.test.ts[2m > [22m[2mauth_store integration[2m > [22m[2mcan_switch_profiles derived store[2m > [22m[2mstays true in demo session when switching to official demo
[22m[39m[Auth] Token generated {
  event: [32m'token_generated'[39m,
  user_id: [32m'test-official'[39m,
  role: [32m'official'[39m
}

[90mstdout[2m | src/lib/presentation/stores/auth.test.ts[2m > [22m[2mauth_store integration[2m > [22m[2mcan_switch_profiles derived store[2m > [22m[2mstays true in demo session when switching to official demo
[22m[39m[AuthStore] Switched to profile: Michael Anderson

[90mstdout[2m | src/lib/presentation/stores/auth.test.ts[2m > [22m[2mauth_store integration[2m > [22m[2mcan_switch_profiles derived store[2m > [22m[2mstays true in demo session when switching to official demo
[22m[39m[AuthStore] Logged out

[90mstdout[2m | src/lib/presentation/stores/auth.test.ts[2m > [22m[2mauth_store integration[2m > [22m[2mcan_switch_profiles derived store[2m > [22m[2mstays true across multiple demo profile switches
[22m[39m[Auth] Token generated {
  event: [32m'token_generated'[39m,
  user_id: [32m'test-super-admin'[39m,
  role: [32m'super_admin'[39m
}

[90mstdout[2m | src/lib/presentation/stores/auth.test.ts[2m > [22m[2mauth_store integration[2m > [22m[2mcan_switch_profiles derived store[2m > [22m[2mstays true across multiple demo profile switches
[22m[39m[AuthStore] Initialized profile via Clerk email match {
  event: [32m'auth_initialized_from_clerk_email'[39m,
  display_name: [32m'Super Admin'[39m,
  role: [32m'super_admin'[39m
}

[90mstdout[2m | src/lib/presentation/stores/auth.test.ts[2m > [22m[2mauth_store integration[2m > [22m[2mcan_switch_profiles derived store[2m > [22m[2mstays true across multiple demo profile switches
[22m[39m[Auth] Token generated {
  event: [32m'token_generated'[39m,
  user_id: [32m'test-super-admin'[39m,
  role: [32m'super_admin'[39m
}

[90mstdout[2m | src/lib/presentation/stores/auth.test.ts[2m > [22m[2mauth_store integration[2m > [22m[2mcan_switch_profiles derived store[2m > [22m[2mstays true across multiple demo profile switches
[22m[39m[AuthStore] Switched to profile: Super Admin

[90mstdout[2m | src/lib/presentation/stores/auth.test.ts[2m > [22m[2mauth_store integration[2m > [22m[2mcan_switch_profiles derived store[2m > [22m[2mstays true across multiple demo profile switches
[22m[39m[Auth] Token generated { event: [32m'token_generated'[39m, user_id: [32m'test-player'[39m, role: [32m'player'[39m }

[90mstdout[2m | src/lib/presentation/stores/auth.test.ts[2m > [22m[2mauth_store integration[2m > [22m[2mcan_switch_profiles derived store[2m > [22m[2mstays true across multiple demo profile switches
[22m[39m[AuthStore] Switched to profile: Denis Onyango

[90mstdout[2m | src/lib/presentation/stores/auth.test.ts[2m > [22m[2mauth_store integration[2m > [22m[2mcan_switch_profiles derived store[2m > [22m[2mstays true across multiple demo profile switches
[22m[39m[AuthStore] Logged out

[90mstdout[2m | src/lib/presentation/stores/auth.test.ts[2m > [22m[2mauth_store integration[2m > [22m[2mcan_switch_profiles derived store[2m > [22m[2mreturns false after logout even when previously in demo mode
[22m[39m[Auth] Token generated {
  event: [32m'token_generated'[39m,
  user_id: [32m'test-super-admin'[39m,
  role: [32m'super_admin'[39m
}

[90mstdout[2m | src/lib/presentation/stores/auth.test.ts[2m > [22m[2mauth_store integration[2m > [22m[2mcan_switch_profiles derived store[2m > [22m[2mreturns false after logout even when previously in demo mode
[22m[39m[AuthStore] Initialized profile via Clerk email match {
  event: [32m'auth_initialized_from_clerk_email'[39m,
  display_name: [32m'Super Admin'[39m,
  role: [32m'super_admin'[39m
}

[90mstdout[2m | src/lib/presentation/stores/auth.test.ts[2m > [22m[2mauth_store integration[2m > [22m[2mcan_switch_profiles derived store[2m > [22m[2mreturns false after logout even when previously in demo mode
[22m[39m[AuthStore] Logged out

[90mstdout[2m | src/lib/presentation/stores/auth.test.ts[2m > [22m[2mauth_store integration[2m > [22m[2mcan_switch_profiles derived store[2m > [22m[2mreturns false after logout even when previously in demo mode
[22m[39m[AuthStore] Logged out

 [32m✓[39m src/lib/core/services/fixtureStartChecks.test.ts [2m([22m[2m12 tests[22m[2m)[22m[32m 24[2mms[22m[39m
[90mstdout[2m | src/lib/presentation/stores/auth.test.ts[2m > [22m[2mauth_store persistence[2m > [22m[2msaves profile id to localStorage on switch
[22m[39m[Auth] Token generated {
  event: [32m'token_generated'[39m,
  user_id: [32m'test-super-admin'[39m,
  role: [32m'super_admin'[39m
}

[90mstdout[2m | src/lib/presentation/stores/auth.test.ts[2m > [22m[2mauth_store persistence[2m > [22m[2msaves profile id to localStorage on switch
[22m[39m[AuthStore] Initialized profile via Clerk email match {
  event: [32m'auth_initialized_from_clerk_email'[39m,
  display_name: [32m'Super Admin'[39m,
  role: [32m'super_admin'[39m
}

[90mstdout[2m | src/lib/presentation/stores/auth.test.ts[2m > [22m[2mauth_store persistence[2m > [22m[2msaves profile id to localStorage on switch
[22m[39m[Auth] Token generated {
  event: [32m'token_generated'[39m,
  user_id: [32m'public-viewer'[39m,
  role: [32m'public_viewer'[39m
}

[90mstdout[2m | src/lib/presentation/stores/auth.test.ts[2m > [22m[2mauth_store persistence[2m > [22m[2msaves profile id to localStorage on switch
[22m[39m[AuthStore] Switched to profile: Public Viewer

[90mstdout[2m | src/lib/presentation/stores/auth.test.ts[2m > [22m[2mauth_store persistence[2m > [22m[2msaves token to localStorage on switch
[22m[39m[Auth] Token generated {
  event: [32m'token_generated'[39m,
  user_id: [32m'public-viewer'[39m,
  role: [32m'public_viewer'[39m
}

[90mstdout[2m | src/lib/presentation/stores/auth.test.ts[2m > [22m[2mauth_store persistence[2m > [22m[2msaves token to localStorage on switch
[22m[39m[AuthStore] Switched to profile: Public Viewer

[90mstdout[2m | src/lib/presentation/stores/auth.test.ts[2m > [22m[2mauth_store persistence[2m > [22m[2mclears localStorage on logout
[22m[39m[Auth] Token generated {
  event: [32m'token_generated'[39m,
  user_id: [32m'public-viewer'[39m,
  role: [32m'public_viewer'[39m
}

[90mstdout[2m | src/lib/presentation/stores/auth.test.ts[2m > [22m[2mauth_store persistence[2m > [22m[2mclears localStorage on logout
[22m[39m[AuthStore] Switched to profile: Public Viewer

[90mstdout[2m | src/lib/presentation/stores/auth.test.ts[2m > [22m[2mauth_store persistence[2m > [22m[2mclears localStorage on logout
[22m[39m[AuthStore] Logged out

[90mstdout[2m | src/lib/presentation/stores/auth.test.ts[2m > [22m[2mauth_store — Convex unavailable fallback[2m > [22m[2msucceeds using clerk email when Convex throws Not authenticated
[22m[39m[AuthStore] Logged out

[90mstdout[2m | src/lib/presentation/stores/auth.test.ts[2m > [22m[2mauth_store — Convex unavailable fallback[2m > [22m[2msucceeds using clerk email when Convex throws Not authenticated
[22m[39m[Auth] Token generated {
  event: [32m'token_generated'[39m,
  user_id: [32m'test-super-admin'[39m,
  role: [32m'super_admin'[39m
}

[90mstdout[2m | src/lib/presentation/stores/auth.test.ts[2m > [22m[2mauth_store — Convex unavailable fallback[2m > [22m[2msucceeds using clerk email when Convex throws Not authenticated
[22m[39m[AuthStore] Initialized profile via Clerk email match {
  event: [32m'auth_initialized_from_clerk_email'[39m,
  display_name: [32m'Super Admin'[39m,
  role: [32m'super_admin'[39m
}

[90mstdout[2m | src/lib/presentation/stores/auth.test.ts[2m > [22m[2mauth_store — Convex unavailable fallback[2m > [22m[2msucceeds using clerk email when Convex throws Not authenticated
[22m[39m[AuthStore] Logged out

[90mstdout[2m | src/lib/presentation/stores/auth.test.ts[2m > [22m[2mauth_store — Convex unavailable fallback[2m > [22m[2msucceeds using clerk email when Convex returns a failed response
[22m[39m[AuthStore] Logged out

[90mstdout[2m | src/lib/presentation/stores/auth.test.ts[2m > [22m[2mauth_store — Convex unavailable fallback[2m > [22m[2msucceeds using clerk email when Convex returns a failed response
[22m[39m[Auth] Token generated {
  event: [32m'token_generated'[39m,
  user_id: [32m'test-super-admin'[39m,
  role: [32m'super_admin'[39m
}

[90mstdout[2m | src/lib/presentation/stores/auth.test.ts[2m > [22m[2mauth_store — Convex unavailable fallback[2m > [22m[2msucceeds using clerk email when Convex returns a failed response
[22m[39m[AuthStore] Initialized profile via Clerk email match {
  event: [32m'auth_initialized_from_clerk_email'[39m,
  display_name: [32m'Super Admin'[39m,
  role: [32m'super_admin'[39m
}

[90mstdout[2m | src/lib/presentation/stores/auth.test.ts[2m > [22m[2mauth_store — Convex unavailable fallback[2m > [22m[2msucceeds using clerk email when Convex returns a failed response
[22m[39m[AuthStore] Logged out

[90mstdout[2m | src/lib/presentation/stores/auth.test.ts[2m > [22m[2mauth_store — Convex unavailable fallback[2m > [22m[2minitializes is_initialized to false before the fallback succeeds
[22m[39m[AuthStore] Logged out

[90mstdout[2m | src/lib/presentation/stores/auth.test.ts[2m > [22m[2mauth_store — Convex unavailable fallback[2m > [22m[2minitializes is_initialized to false before the fallback succeeds
[22m[39m[Auth] Token generated {
  event: [32m'token_generated'[39m,
  user_id: [32m'test-super-admin'[39m,
  role: [32m'super_admin'[39m
}

[90mstdout[2m | src/lib/presentation/stores/auth.test.ts[2m > [22m[2mauth_store — Convex unavailable fallback[2m > [22m[2minitializes is_initialized to false before the fallback succeeds
[22m[39m[AuthStore] Initialized profile via Clerk email match {
  event: [32m'auth_initialized_from_clerk_email'[39m,
  display_name: [32m'Super Admin'[39m,
  role: [32m'super_admin'[39m
}

[90mstdout[2m | src/lib/presentation/stores/auth.test.ts[2m > [22m[2mauth_store — Convex unavailable fallback[2m > [22m[2minitializes is_initialized to false before the fallback succeeds
[22m[39m[AuthStore] Logged out

 [32m✓[39m src/lib/presentation/stores/auth.test.ts [2m([22m[2m36 tests[22m[2m)[22m[32m 44[2mms[22m[39m
 [32m✓[39m src/lib/presentation/logic/dashboardPageDisplayLogic.test.ts [2m([22m[2m2 tests[22m[2m)[22m[32m 20[2mms[22m[39m
 [32m✓[39m src/lib/presentation/logic/matchReportPageState.test.ts [2m([22m[2m6 tests[22m[2m)[22m[32m 21[2mms[22m[39m
 [32m✓[39m src/lib/presentation/logic/mergeConflictScreenLogic.test.ts [2m([22m[2m3 tests[22m[2m)[22m[32m 21[2mms[22m[39m
 [32m✓[39m src/lib/core/usecases/FixtureUseCases.test.ts [2m([22m[2m31 tests[22m[2m)[22m[32m 15[2mms[22m[39m
[90mstderr[2m | src/lib/presentation/logic/competitionResultsPageControllerRuntime.test.ts[2m > [22m[2mcompetitionResultsPageControllerRuntime[2m > [22m[2mfalls back to an empty bundle when initialization throws
[22m[39m[CompetitionResultsPage] Failed to initialize page {
  event: [32m'competition_results_page_initialize_failed'[39m,
  organization_id: [32m'organization-1'[39m,
  competition_id: [32m'competition-1'[39m,
  error: [32m'Error: boom'[39m
}

 [32m✓[39m src/lib/presentation/logic/competitionResultsPageControllerRuntime.test.ts [2m([22m[2m5 tests[22m[2m)[22m[32m 9[2mms[22m[39m
 [32m✓[39m src/lib/presentation/logic/teamPublicProfilePageState.test.ts [2m([22m[2m3 tests[22m[2m)[22m[32m 18[2mms[22m[39m
 [32m✓[39m src/lib/presentation/logic/competitionResultsWorkspaceDisplay.test.ts [2m([22m[2m3 tests[22m[2m)[22m[32m 20[2mms[22m[39m
 [32m✓[39m src/lib/presentation/logic/liveGameStartConfirmation.test.ts [2m([22m[2m6 tests[22m[2m)[22m[32m 20[2mms[22m[39m
 [32m✓[39m src/lib/presentation/components/SyncStatusIndicator.test.ts [2m([22m[2m1 test[22m[2m)[22m[32m 20[2mms[22m[39m
 [32m✓[39m src/lib/presentation/logic/calendarPageShellControllerRuntime.test.ts [2m([22m[2m4 tests[22m[2m)[22m[32m 6[2mms[22m[39m
[90mstdout[2m | src/lib/core/usecases/OrganizationSettingsUseCases.test.ts[2m > [22m[2mOrganizationSettingsUseCases[2m > [22m[2msave_settings — role enforcement[2m > [22m[2mallows super_admin to save settings
[22m[39m[OrganizationSettingsUseCases] Saving org settings {
  event: [32m'org_settings_save'[39m,
  organization_id: [32m'org-abc'[39m,
  caller_role: [32m'super_admin'[39m
}

[90mstdout[2m | src/lib/core/usecases/OrganizationSettingsUseCases.test.ts[2m > [22m[2mOrganizationSettingsUseCases[2m > [22m[2msave_settings — role enforcement[2m > [22m[2mallows org_admin to save settings
[22m[39m[OrganizationSettingsUseCases] Saving org settings {
  event: [32m'org_settings_save'[39m,
  organization_id: [32m'org-abc'[39m,
  caller_role: [32m'org_admin'[39m
}

[90mstdout[2m | src/lib/core/usecases/OrganizationSettingsUseCases.test.ts[2m > [22m[2mOrganizationSettingsUseCases[2m > [22m[2msave_settings — role enforcement[2m > [22m[2maccepts all allowed sync intervals
[22m[39m[OrganizationSettingsUseCases] Saving org settings {
  event: [32m'org_settings_save'[39m,
  organization_id: [32m'org-abc'[39m,
  caller_role: [32m'super_admin'[39m
}

[90mstdout[2m | src/lib/core/usecases/OrganizationSettingsUseCases.test.ts[2m > [22m[2mOrganizationSettingsUseCases[2m > [22m[2msave_settings — role enforcement[2m > [22m[2maccepts all allowed sync intervals
[22m[39m[OrganizationSettingsUseCases] Saving org settings {
  event: [32m'org_settings_save'[39m,
  organization_id: [32m'org-abc'[39m,
  caller_role: [32m'super_admin'[39m
}

[90mstdout[2m | src/lib/core/usecases/OrganizationSettingsUseCases.test.ts[2m > [22m[2mOrganizationSettingsUseCases[2m > [22m[2msave_settings — role enforcement[2m > [22m[2maccepts all allowed sync intervals
[22m[39m[OrganizationSettingsUseCases] Saving org settings {
  event: [32m'org_settings_save'[39m,
  organization_id: [32m'org-abc'[39m,
  caller_role: [32m'super_admin'[39m
}

[90mstdout[2m | src/lib/core/usecases/OrganizationSettingsUseCases.test.ts[2m > [22m[2mOrganizationSettingsUseCases[2m > [22m[2msave_settings — role enforcement[2m > [22m[2maccepts all allowed sync intervals
[22m[39m[OrganizationSettingsUseCases] Saving org settings {
  event: [32m'org_settings_save'[39m,
  organization_id: [32m'org-abc'[39m,
  caller_role: [32m'super_admin'[39m
}

[90mstdout[2m | src/lib/core/usecases/OrganizationSettingsUseCases.test.ts[2m > [22m[2mOrganizationSettingsUseCases[2m > [22m[2mupdate_settings — role enforcement[2m > [22m[2mallows super_admin to update settings
[22m[39m[OrganizationSettingsUseCases] Updating org settings {
  event: [32m'org_settings_update'[39m,
  id: [32m'settings-123'[39m,
  caller_role: [32m'super_admin'[39m
}

[90mstdout[2m | src/lib/core/usecases/OrganizationSettingsUseCases.test.ts[2m > [22m[2mOrganizationSettingsUseCases[2m > [22m[2msave_or_update[2m > [22m[2mcreates new settings when none exist for the org
[22m[39m[OrganizationSettingsUseCases] Saving org settings {
  event: [32m'org_settings_save'[39m,
  organization_id: [32m'org-abc'[39m,
  caller_role: [32m'org_admin'[39m
}

[90mstdout[2m | src/lib/core/usecases/OrganizationSettingsUseCases.test.ts[2m > [22m[2mOrganizationSettingsUseCases[2m > [22m[2msave_or_update[2m > [22m[2mupdates existing settings when they already exist
[22m[39m[OrganizationSettingsUseCases] Updating org settings {
  event: [32m'org_settings_update'[39m,
  id: [32m'settings-123'[39m,
  caller_role: [32m'org_admin'[39m
}

[90mstdout[2m | src/lib/core/usecases/OrganizationSettingsUseCases.test.ts[2m > [22m[2mOrganizationSettingsUseCases[2m > [22m[2msave_or_update[2m > [22m[2muses sensible defaults when creating from a partial input
[22m[39m[OrganizationSettingsUseCases] Saving org settings {
  event: [32m'org_settings_save'[39m,
  organization_id: [32m'org-abc'[39m,
  caller_role: [32m'org_admin'[39m
}

 [32m✓[39m src/lib/core/usecases/OrganizationSettingsUseCases.test.ts [2m([22m[2m19 tests[22m[2m)[22m[32m 14[2mms[22m[39m
 [32m✓[39m src/lib/core/types/PaginatedResult.contract.test.ts [2m([22m[2m9 tests[22m[2m)[22m[32m 22[2mms[22m[39m
 [32m✓[39m src/lib/core/usecases/OfficialPerformanceRatingUseCases.test.ts [2m([22m[2m17 tests[22m[2m)[22m[32m 11[2mms[22m[39m
 [32m✓[39m src/lib/core/entities/Qualification.test.ts [2m([22m[2m15 tests[22m[2m)[22m[32m 7[2mms[22m[39m
[90mstdout[2m | src/lib/core/usecases/PlayerTeamTransferHistoryUseCases.test.ts[2m > [22m[2mPlayerTeamTransferHistoryUseCases[2m > [22m[2mconfirm_transfer[2m > [22m[2mshould confirm pending transfer and update membership
[22m[39m[Transfer] Updated membership { event: [32m'membership_updated'[39m, membership_id: [32m'membership-123'[39m }

[90mstdout[2m | src/lib/core/usecases/PlayerTeamTransferHistoryUseCases.test.ts[2m > [22m[2mPlayerTeamTransferHistoryUseCases[2m > [22m[2mconfirm_transfer[2m > [22m[2mshould confirm pending transfer and update membership
[22m[39m[Transfer] Transfer confirmed { event: [32m'transfer_confirmed'[39m, transfer_id: [32m'transfer-123'[39m }

[90mstderr[2m | src/lib/core/usecases/PlayerTeamTransferHistoryUseCases.test.ts[2m > [22m[2mPlayerTeamTransferHistoryUseCases[2m > [22m[2mconfirm_transfer[2m > [22m[2mshould create new membership when no active membership exists
[22m[39m[Transfer] No active membership found, creating new { event: [32m'membership_not_found'[39m, player_id: [32m'player-123'[39m }

[90mstdout[2m | src/lib/core/usecases/PlayerTeamTransferHistoryUseCases.test.ts[2m > [22m[2mPlayerTeamTransferHistoryUseCases[2m > [22m[2mconfirm_transfer[2m > [22m[2mshould create new membership when no active membership exists
[22m[39m[Transfer] Created new membership { event: [32m'membership_created'[39m, player_id: [32m'player-123'[39m }

[90mstdout[2m | src/lib/core/usecases/PlayerTeamTransferHistoryUseCases.test.ts[2m > [22m[2mPlayerTeamTransferHistoryUseCases[2m > [22m[2mconfirm_transfer[2m > [22m[2mshould create new membership when no active membership exists
[22m[39m[Transfer] Transfer confirmed { event: [32m'transfer_confirmed'[39m, transfer_id: [32m'transfer-123'[39m }

[90mstdout[2m | src/lib/core/usecases/PlayerTeamTransferHistoryUseCases.test.ts[2m > [22m[2mPlayerTeamTransferHistoryUseCases[2m > [22m[2mreject_transfer[2m > [22m[2mshould reject pending transfer
[22m[39m[Transfer] Transfer rejected { event: [32m'transfer_rejected'[39m, transfer_id: [32m'transfer-123'[39m }

 [32m✓[39m src/lib/core/usecases/PlayerProfileUseCases.test.ts [2m([22m[2m26 tests[22m[2m)[22m[32m 14[2mms[22m[39m
 [32m✓[39m src/lib/core/usecases/PlayerTeamTransferHistoryUseCases.test.ts [2m([22m[2m13 tests[22m[2m)[22m[32m 18[2mms[22m[39m
[90mstdout[2m | src/lib/presentation/logic/playerTransferApprovalLogic.test.ts[2m > [22m[2mplayerTransferApprovalLogic[2m > [22m[2mdelete_old_team_memberships[2m > [22m[2mdeletes memberships matching from_team_id and returns count
[22m[39m[TRANSFER] Found memberships to delete: {
  total_player_memberships: [33m2[39m,
  matching_from_team: [33m1[39m,
  from_team_id: [32m'team-A'[39m
}

[90mstdout[2m | src/lib/presentation/logic/playerTransferApprovalLogic.test.ts[2m > [22m[2mplayerTransferApprovalLogic[2m > [22m[2mdelete_old_team_memberships[2m > [22m[2mdeletes memberships matching from_team_id and returns count
[22m[39m[TRANSFER] Deleted [33m1[39m old membership(s): [ [32m'm-1'[39m ]

[90mstdout[2m | src/lib/presentation/logic/playerTransferApprovalLogic.test.ts[2m > [22m[2mplayerTransferApprovalLogic[2m > [22m[2mdelete_old_team_memberships[2m > [22m[2msucceeds with count 0 when no matching memberships exist
[22m[39m[TRANSFER] Found memberships to delete: {
  total_player_memberships: [33m1[39m,
  matching_from_team: [33m0[39m,
  from_team_id: [32m'team-A'[39m
}

[90mstderr[2m | src/lib/presentation/logic/playerTransferApprovalLogic.test.ts[2m > [22m[2mplayerTransferApprovalLogic[2m > [22m[2mdelete_old_team_memberships[2m > [22m[2msucceeds with count 0 when no matching memberships exist
[22m[39m[TRANSFER] No memberships found for from_team_id — skipping delete { player_id: [32m'player-1'[39m, from_team_id: [32m'team-A'[39m }

[90mstdout[2m | src/lib/presentation/logic/playerTransferApprovalLogic.test.ts[2m > [22m[2mplayerTransferApprovalLogic[2m > [22m[2mdelete_old_team_memberships[2m > [22m[2msucceeds with count 0 when player has no memberships at all
[22m[39m[TRANSFER] Found memberships to delete: {
  total_player_memberships: [33m0[39m,
  matching_from_team: [33m0[39m,
  from_team_id: [32m'team-A'[39m
}

[90mstderr[2m | src/lib/presentation/logic/playerTransferApprovalLogic.test.ts[2m > [22m[2mplayerTransferApprovalLogic[2m > [22m[2mdelete_old_team_memberships[2m > [22m[2msucceeds with count 0 when player has no memberships at all
[22m[39m[TRANSFER] No memberships found for from_team_id — skipping delete { player_id: [32m'player-1'[39m, from_team_id: [32m'team-A'[39m }

[90mstdout[2m | src/lib/presentation/logic/playerTransferApprovalLogic.test.ts[2m > [22m[2mplayerTransferApprovalLogic[2m > [22m[2mdelete_old_team_memberships[2m > [22m[2mdeletes all multiple matching memberships for the same from_team
[22m[39m[TRANSFER] Found memberships to delete: {
  total_player_memberships: [33m2[39m,
  matching_from_team: [33m2[39m,
  from_team_id: [32m'team-A'[39m
}

[90mstdout[2m | src/lib/presentation/logic/playerTransferApprovalLogic.test.ts[2m > [22m[2mplayerTransferApprovalLogic[2m > [22m[2mdelete_old_team_memberships[2m > [22m[2mdeletes all multiple matching memberships for the same from_team
[22m[39m[TRANSFER] Deleted [33m2[39m old membership(s): [ [32m'm-1'[39m, [32m'm-2'[39m ]

[90mstderr[2m | src/lib/presentation/logic/playerTransferApprovalLogic.test.ts[2m > [22m[2mplayerTransferApprovalLogic[2m > [22m[2mdelete_old_team_memberships[2m > [22m[2mfails when list_memberships_by_player returns an error
[22m[39m[TRANSFER] Failed to list player memberships: DB connection failed

[90mstdout[2m | src/lib/presentation/logic/playerTransferApprovalLogic.test.ts[2m > [22m[2mplayerTransferApprovalLogic[2m > [22m[2mdelete_old_team_memberships[2m > [22m[2mfails when delete_memberships returns an error
[22m[39m[TRANSFER] Found memberships to delete: {
  total_player_memberships: [33m1[39m,
  matching_from_team: [33m1[39m,
  from_team_id: [32m'team-A'[39m
}

[90mstderr[2m | src/lib/presentation/logic/playerTransferApprovalLogic.test.ts[2m > [22m[2mplayerTransferApprovalLogic[2m > [22m[2mdelete_old_team_memberships[2m > [22m[2mfails when delete_memberships returns an error
[22m[39m[TRANSFER] Failed to delete old memberships: Delete failed

[90mstdout[2m | src/lib/presentation/logic/playerTransferApprovalLogic.test.ts[2m > [22m[2mplayerTransferApprovalLogic[2m > [22m[2mcreate_new_team_membership[2m > [22m[2mcreates membership with transfer details
[22m[39m[TRANSFER] Created new team membership: m-new

[90mstdout[2m | src/lib/presentation/logic/playerTransferApprovalLogic.test.ts[2m > [22m[2mplayerTransferApprovalLogic[2m > [22m[2mcreate_new_team_membership[2m > [22m[2muses today as start_date when transfer_date is empty
[22m[39m[TRANSFER] Created new team membership: m-new

[90mstderr[2m | src/lib/presentation/logic/playerTransferApprovalLogic.test.ts[2m > [22m[2mplayerTransferApprovalLogic[2m > [22m[2mcreate_new_team_membership[2m > [22m[2mfails when create returns an error
[22m[39m[TRANSFER] Failed to create new team membership: Validation failed

[90mstdout[2m | src/lib/presentation/logic/playerTransferApprovalLogic.test.ts[2m > [22m[2mplayerTransferApprovalLogic[2m > [22m[2mapply_player_transfer_membership_change[2m > [22m[2mdeletes old membership then creates new one on success
[22m[39m[TRANSFER] Executing membership transfer {
  player_id: [32m'player-1'[39m,
  from_team_id: [32m'team-A'[39m,
  to_team_id: [32m'team-B'[39m,
  organization_id: [32m'org-1'[39m
}

[90mstdout[2m | src/lib/presentation/logic/playerTransferApprovalLogic.test.ts[2m > [22m[2mplayerTransferApprovalLogic[2m > [22m[2mapply_player_transfer_membership_change[2m > [22m[2mdeletes old membership then creates new one on success
[22m[39m[TRANSFER] Found memberships to delete: {
  total_player_memberships: [33m1[39m,
  matching_from_team: [33m1[39m,
  from_team_id: [32m'team-A'[39m
}

[90mstdout[2m | src/lib/presentation/logic/playerTransferApprovalLogic.test.ts[2m > [22m[2mplayerTransferApprovalLogic[2m > [22m[2mapply_player_transfer_membership_change[2m > [22m[2mdeletes old membership then creates new one on success
[22m[39m[TRANSFER] Deleted [33m1[39m old membership(s): [ [32m'm-old'[39m ]

[90mstdout[2m | src/lib/presentation/logic/playerTransferApprovalLogic.test.ts[2m > [22m[2mplayerTransferApprovalLogic[2m > [22m[2mapply_player_transfer_membership_change[2m > [22m[2mdeletes old membership then creates new one on success
[22m[39m[TRANSFER] Created new team membership: m-new

[90mstdout[2m | src/lib/presentation/logic/playerTransferApprovalLogic.test.ts[2m > [22m[2mplayerTransferApprovalLogic[2m > [22m[2mapply_player_transfer_membership_change[2m > [22m[2mdoes NOT create new membership when delete fails
[22m[39m[TRANSFER] Executing membership transfer {
  player_id: [32m'player-1'[39m,
  from_team_id: [32m'team-A'[39m,
  to_team_id: [32m'team-B'[39m,
  organization_id: [32m'org-1'[39m
}

[90mstdout[2m | src/lib/presentation/logic/playerTransferApprovalLogic.test.ts[2m > [22m[2mplayerTransferApprovalLogic[2m > [22m[2mapply_player_transfer_membership_change[2m > [22m[2mdoes NOT create new membership when delete fails
[22m[39m[TRANSFER] Found memberships to delete: {
  total_player_memberships: [33m1[39m,
  matching_from_team: [33m1[39m,
  from_team_id: [32m'team-A'[39m
}

[90mstderr[2m | src/lib/presentation/logic/playerTransferApprovalLogic.test.ts[2m > [22m[2mplayerTransferApprovalLogic[2m > [22m[2mapply_player_transfer_membership_change[2m > [22m[2mdoes NOT create new membership when delete fails
[22m[39m[TRANSFER] Failed to delete old memberships: DB error

[90mstdout[2m | src/lib/presentation/logic/playerTransferApprovalLogic.test.ts[2m > [22m[2mplayerTransferApprovalLogic[2m > [22m[2mapply_player_transfer_membership_change[2m > [22m[2mfails with descriptive error when list_memberships fails
[22m[39m[TRANSFER] Executing membership transfer {
  player_id: [32m'player-1'[39m,
  from_team_id: [32m'team-A'[39m,
  to_team_id: [32m'team-B'[39m,
  organization_id: [32m'org-1'[39m
}

[90mstderr[2m | src/lib/presentation/logic/playerTransferApprovalLogic.test.ts[2m > [22m[2mplayerTransferApprovalLogic[2m > [22m[2mapply_player_transfer_membership_change[2m > [22m[2mfails with descriptive error when list_memberships fails
[22m[39m[TRANSFER] Failed to list player memberships: Network error

[90mstdout[2m | src/lib/presentation/logic/playerTransferApprovalLogic.test.ts[2m > [22m[2mplayerTransferApprovalLogic[2m > [22m[2mapply_player_transfer_membership_change[2m > [22m[2mfails with descriptive error when create fails after successful delete
[22m[39m[TRANSFER] Executing membership transfer {
  player_id: [32m'player-1'[39m,
  from_team_id: [32m'team-A'[39m,
  to_team_id: [32m'team-B'[39m,
  organization_id: [32m'org-1'[39m
}

[90mstdout[2m | src/lib/presentation/logic/playerTransferApprovalLogic.test.ts[2m > [22m[2mplayerTransferApprovalLogic[2m > [22m[2mapply_player_transfer_membership_change[2m > [22m[2mfails with descriptive error when create fails after successful delete
[22m[39m[TRANSFER] Found memberships to delete: {
  total_player_memberships: [33m1[39m,
  matching_from_team: [33m1[39m,
  from_team_id: [32m'team-A'[39m
}

[90mstdout[2m | src/lib/presentation/logic/playerTransferApprovalLogic.test.ts[2m > [22m[2mplayerTransferApprovalLogic[2m > [22m[2mapply_player_transfer_membership_change[2m > [22m[2mfails with descriptive error when create fails after successful delete
[22m[39m[TRANSFER] Deleted [33m1[39m old membership(s): [ [32m'm-old'[39m ]

[90mstderr[2m | src/lib/presentation/logic/playerTransferApprovalLogic.test.ts[2m > [22m[2mplayerTransferApprovalLogic[2m > [22m[2mapply_player_transfer_membership_change[2m > [22m[2mfails with descriptive error when create fails after successful delete
[22m[39m[TRANSFER] Failed to create new team membership: Duplicate membership

[90mstdout[2m | src/lib/presentation/logic/playerTransferApprovalLogic.test.ts[2m > [22m[2mplayerTransferApprovalLogic[2m > [22m[2mapply_player_transfer_membership_change[2m > [22m[2msucceeds even when player has no existing membership for from_team
[22m[39m[TRANSFER] Executing membership transfer {
  player_id: [32m'player-1'[39m,
  from_team_id: [32m'team-A'[39m,
  to_team_id: [32m'team-B'[39m,
  organization_id: [32m'org-1'[39m
}

[90mstdout[2m | src/lib/presentation/logic/playerTransferApprovalLogic.test.ts[2m > [22m[2mplayerTransferApprovalLogic[2m > [22m[2mapply_player_transfer_membership_change[2m > [22m[2msucceeds even when player has no existing membership for from_team
[22m[39m[TRANSFER] Found memberships to delete: {
  total_player_memberships: [33m0[39m,
  matching_from_team: [33m0[39m,
  from_team_id: [32m'team-A'[39m
}

[90mstderr[2m | src/lib/presentation/logic/playerTransferApprovalLogic.test.ts[2m > [22m[2mplayerTransferApprovalLogic[2m > [22m[2mapply_player_transfer_membership_change[2m > [22m[2msucceeds even when player has no existing membership for from_team
[22m[39m[TRANSFER] No memberships found for from_team_id — skipping delete { player_id: [32m'player-1'[39m, from_team_id: [32m'team-A'[39m }

[90mstdout[2m | src/lib/presentation/logic/playerTransferApprovalLogic.test.ts[2m > [22m[2mplayerTransferApprovalLogic[2m > [22m[2mapply_player_transfer_membership_change[2m > [22m[2msucceeds even when player has no existing membership for from_team
[22m[39m[TRANSFER] Created new team membership: m-new

 [32m✓[39m src/lib/presentation/logic/playerTransferApprovalLogic.test.ts [2m([22m[2m14 tests[22m[2m)[22m[32m 20[2mms[22m[39m
 [32m✓[39m src/lib/core/entities/CompetitionHelpers.test.ts [2m([22m[2m3 tests[22m[2m)[22m[32m 7[2mms[22m[39m
[90mstdout[2m | src/lib/adapters/initialization/dataResetService.test.ts[2m > [22m[2mreset_all_data[2m > [22m[2mreturns true on a successful reset
[22m[39m[DataReset] User not signed in — skipping Convex clear

[90mstdout[2m | src/lib/adapters/initialization/dataResetService.test.ts[2m > [22m[2mreset_all_data[2m > [22m[2mreturns true on a successful reset
[22m[39m[DataReset] User not signed in — skipping background sync start

[90mstdout[2m | src/lib/adapters/initialization/dataResetService.test.ts[2m > [22m[2mreset_all_data[2m > [22m[2mstops background sync before doing anything else
[22m[39m[DataReset] User not signed in — skipping Convex clear

[90mstdout[2m | src/lib/adapters/initialization/dataResetService.test.ts[2m > [22m[2mreset_all_data[2m > [22m[2mstops background sync before doing anything else
[22m[39m[DataReset] User not signed in — skipping background sync start

[90mstdout[2m | src/lib/adapters/initialization/dataResetService.test.ts[2m > [22m[2mreset_all_data[2m > [22m[2msets pulling_from_remote to true before resetting and false after
[22m[39m[DataReset] User not signed in — skipping Convex clear

[90mstdout[2m | src/lib/adapters/initialization/dataResetService.test.ts[2m > [22m[2mreset_all_data[2m > [22m[2msets pulling_from_remote to true before resetting and false after
[22m[39m[DataReset] User not signed in — skipping background sync start

[90mstdout[2m | src/lib/presentation/logic/entityCrudWrapperLogic.test.ts[2m > [22m[2mentityCrudWrapperLogic[2m > [22m[2mdisables all crud actions when no profile is available
[22m[39m[EntityCrudWrapper] No profile - disabling all crud for "team"

[90mstdout[2m | src/lib/presentation/logic/entityCrudWrapperLogic.test.ts[2m > [22m[2mentityCrudWrapperLogic[2m > [22m[2mcombines permission-based and explicit disabled functionalities
[22m[39m[EntityCrudWrapper] Permission check for "team" (category: organisation_level) with role "org_admin": disabled = [create, delete, edit]
[EntityCrudWrapper] Authorization disabled actions for team: [ [32m'edit'[39m, [32m'delete'[39m ]

[90mstdout[2m | src/lib/presentation/logic/entityCrudWrapperLogic.test.ts[2m > [22m[2mentityCrudWrapperLogic[2m > [22m[2mbuilds list and form view callbacks based on disabled actions
[22m[39m[EntityCrudWrapper] Building list view callbacks for team, disabled: [ [32m'delete'[39m ]

[90mstderr[2m | src/lib/adapters/initialization/dataResetService.test.ts[2m > [22m[2mreset_all_data[2m > [22m[2mclears the server data when user is signed in
[22m[39m[Sync] Unexpected sync failure {
  event: [32m'sync_unexpected_failure'[39m,
  error: [32m'[vitest] No "get_sync_manager" export is defined on the "$lib/infrastructure/sync/convexSyncService" mock. Did you forget to return it from "vi.mock"?\n'[39m +
    [32m'If you need to partially mock a module, you can use "importOriginal" helper inside:\n'[39m
}
[Sync] Sync completed with errors: [
  {
    table_name: [32m'unknown'[39m,
    error: [32m'[vitest] No "get_sync_manager" export is defined on the "$lib/infrastructure/sync/convexSyncService" mock. Did you forget to return it from "vi.mock"?\n'[39m +
      [32m'If you need to partially mock a module, you can use "importOriginal" helper inside:\n'[39m
  }
]

[90mstdout[2m | src/lib/adapters/initialization/dataResetService.test.ts[2m > [22m[2mreset_all_data[2m > [22m[2mskips clearing server data when user is not signed in
[22m[39m[DataReset] User not signed in — skipping Convex clear

[90mstdout[2m | src/lib/adapters/initialization/dataResetService.test.ts[2m > [22m[2mreset_all_data[2m > [22m[2mskips clearing server data when user is not signed in
[22m[39m[DataReset] User not signed in — skipping background sync start

[90mstdout[2m | src/lib/adapters/initialization/dataResetService.test.ts[2m > [22m[2mreset_all_data[2m > [22m[2mclears all app settings via the settings port
[22m[39m[DataReset] User not signed in — skipping Convex clear

[90mstdout[2m | src/lib/adapters/initialization/dataResetService.test.ts[2m > [22m[2mreset_all_data[2m > [22m[2mclears all app settings via the settings port
[22m[39m[DataReset] User not signed in — skipping background sync start

[90mstdout[2m | src/lib/adapters/initialization/dataResetService.test.ts[2m > [22m[2mreset_all_data[2m > [22m[2mclears the session sync flag so post-reload runs a full initial sync
[22m[39m[DataReset] User not signed in — skipping Convex clear

[90mstdout[2m | src/lib/adapters/initialization/dataResetService.test.ts[2m > [22m[2mreset_all_data[2m > [22m[2mclears the session sync flag so post-reload runs a full initial sync
[22m[39m[DataReset] User not signed in — skipping background sync start

[90mstdout[2m | src/lib/adapters/initialization/dataResetService.test.ts[2m > [22m[2mreset_all_data[2m > [22m[2mclears the session sync flag even when user is not signed in
[22m[39m[DataReset] User not signed in — skipping Convex clear

[90mstdout[2m | src/lib/adapters/initialization/dataResetService.test.ts[2m > [22m[2mreset_all_data[2m > [22m[2mclears the session sync flag even when user is not signed in
[22m[39m[DataReset] User not signed in — skipping background sync start

[90mstdout[2m | src/lib/adapters/initialization/dataResetService.test.ts[2m > [22m[2mreset_all_data[2m > [22m[2mre-seeds default data after clearing repositories
[22m[39m[DataReset] User not signed in — skipping Convex clear

[90mstdout[2m | src/lib/adapters/initialization/dataResetService.test.ts[2m > [22m[2mreset_all_data[2m > [22m[2mre-seeds default data after clearing repositories
[22m[39m[DataReset] User not signed in — skipping background sync start

[90mstderr[2m | src/lib/adapters/initialization/dataResetService.test.ts[2m > [22m[2mreset_all_data[2m > [22m[2mstarts background sync after reset when user is signed in
[22m[39m[Sync] Unexpected sync failure {
  event: [32m'sync_unexpected_failure'[39m,
  error: [32m'[vitest] No "get_sync_manager" export is defined on the "$lib/infrastructure/sync/convexSyncService" mock. Did you forget to return it from "vi.mock"?\n'[39m +
    [32m'If you need to partially mock a module, you can use "importOriginal" helper inside:\n'[39m
}
[Sync] Sync completed with errors: [
  {
    table_name: [32m'unknown'[39m,
    error: [32m'[vitest] No "get_sync_manager" export is defined on the "$lib/infrastructure/sync/convexSyncService" mock. Did you forget to return it from "vi.mock"?\n'[39m +
      [32m'If you need to partially mock a module, you can use "importOriginal" helper inside:\n'[39m
  }
]

[90mstdout[2m | src/lib/adapters/initialization/dataResetService.test.ts[2m > [22m[2mreset_all_data[2m > [22m[2mdoes not start background sync when user is not signed in
[22m[39m[DataReset] User not signed in — skipping Convex clear

[90mstdout[2m | src/lib/adapters/initialization/dataResetService.test.ts[2m > [22m[2mreset_all_data[2m > [22m[2mdoes not start background sync when user is not signed in
[22m[39m[DataReset] User not signed in — skipping background sync start

[90mstdout[2m | src/lib/adapters/initialization/dataResetService.test.ts[2m > [22m[2mreset_all_data[2m > [22m[2mreports progress milestones via the callback
[22m[39m[DataReset] User not signed in — skipping Convex clear

[90mstdout[2m | src/lib/adapters/initialization/dataResetService.test.ts[2m > [22m[2mreset_all_data[2m > [22m[2mreports progress milestones via the callback
[22m[39m[DataReset] User not signed in — skipping background sync start

[90mstdout[2m | src/lib/adapters/initialization/dataResetService.test.ts[2m > [22m[2mreset_all_data[2m > [22m[2mreports progress in ascending order
[22m[39m[DataReset] User not signed in — skipping Convex clear

[90mstdout[2m | src/lib/adapters/initialization/dataResetService.test.ts[2m > [22m[2mreset_all_data[2m > [22m[2mreports progress in ascending order
[22m[39m[DataReset] User not signed in — skipping background sync start

[90mstdout[2m | src/lib/adapters/initialization/dataResetService.test.ts[2m > [22m[2mreset_all_data[2m > [22m[2mworks without a progress callback (no crash)
[22m[39m[DataReset] User not signed in — skipping Convex clear

[90mstdout[2m | src/lib/adapters/initialization/dataResetService.test.ts[2m > [22m[2mreset_all_data[2m > [22m[2mworks without a progress callback (no crash)
[22m[39m[DataReset] User not signed in — skipping background sync start

 [32m✓[39m src/lib/presentation/logic/entityCrudWrapperLogic.test.ts [2m([22m[2m5 tests[22m[2m)[22m[32m 9[2mms[22m[39m
 [32m✓[39m src/lib/adapters/initialization/dataResetService.test.ts [2m([22m[2m15 tests[22m[2m)[22m[32m 15[2mms[22m[39m
 [32m✓[39m src/lib/infrastructure/registry/EntityMetadataRegistry.test.ts [2m([22m[2m32 tests[22m[2m)[22m[32m 16[2mms[22m[39m
 [32m✓[39m src/lib/core/usecases/TeamProfileUseCases.test.ts [2m([22m[2m27 tests[22m[2m)[22m[32m 12[2mms[22m[39m
 [32m✓[39m src/lib/presentation/logic/officialLeaderboardPageDependencies.test.ts [2m([22m[2m1 test[22m[2m)[22m[32m 21[2mms[22m[39m
 [32m✓[39m src/lib/core/usecases/PlayerUseCases.test.ts [2m([22m[2m33 tests[22m[2m)[22m[32m 13[2mms[22m[39m
 [32m✓[39m src/lib/infrastructure/sync/conflictTypes.test.ts [2m([22m[2m29 tests[22m[2m)[22m[32m 9[2mms[22m[39m
[90mstdout[2m | src/lib/adapters/iam/LocalAuthorizationAdapter.test.ts[2m > [22m[2mLocalAuthorizationAdapter[2m > [22m[2mget_profile_permissions[2m > [22m[2mshould return full permissions for super_admin
[22m[39m[LocalAuthorizationAdapter] Retrieved permissions for role: super_admin

[90mstdout[2m | src/lib/adapters/iam/LocalAuthorizationAdapter.test.ts[2m > [22m[2mLocalAuthorizationAdapter[2m > [22m[2mget_profile_permissions[2m > [22m[2mshould return read-only root permissions for org_admin
[22m[39m[LocalAuthorizationAdapter] Retrieved permissions for role: org_admin

[90mstdout[2m | src/lib/adapters/iam/LocalAuthorizationAdapter.test.ts[2m > [22m[2mLocalAuthorizationAdapter[2m > [22m[2mget_profile_permissions[2m > [22m[2mshould return limited permissions for player
[22m[39m[LocalAuthorizationAdapter] Retrieved permissions for role: player

[90mstdout[2m | src/lib/adapters/iam/LocalAuthorizationAdapter.test.ts[2m > [22m[2mLocalAuthorizationAdapter[2m > [22m[2mget_sidebar_menu_for_profile[2m > [22m[2mshould return full menu for super_admin
[22m[39m[LocalAuthorizationAdapter] Getting sidebar menu for role: super_admin, returned 8 groups

[90mstdout[2m | src/lib/adapters/iam/LocalAuthorizationAdapter.test.ts[2m > [22m[2mLocalAuthorizationAdapter[2m > [22m[2mget_sidebar_menu_for_profile[2m > [22m[2mshould return limited menu for player
[22m[39m[LocalAuthorizationAdapter] Getting sidebar menu for role: player, returned 3 groups

[90mstderr[2m | src/lib/adapters/iam/LocalAuthorizationAdapter.test.ts[2m > [22m[2mLocalAuthorizationAdapter[2m > [22m[2mget_sidebar_menu_for_profile[2m > [22m[2mshould return failure for invalid token
[22m[39m[LocalAuthorizationAdapter] Invalid token for sidebar menu

 [32m✓[39m src/lib/adapters/iam/LocalAuthorizationAdapter.test.ts [2m([22m[2m46 tests[22m[2m)[22m[32m 21[2mms[22m[39m
 [32m✓[39m src/lib/core/usecases/LiveGameLogUseCases.test.ts [2m([22m[2m11 tests[22m[2m)[22m[32m 12[2mms[22m[39m
 [32m✓[39m src/lib/infrastructure/utils/countries.test.ts [2m([22m[2m3 tests[22m[2m)[22m[32m 14[2mms[22m[39m
[90mstderr[2m | src/lib/presentation/stores/profileLoader.test.ts[2m > [22m[2mresolve_organization_names[2m > [22m[2mhandles repository failure gracefully
[22m[39m[ProfileLoader] Failed to resolve organization names {
  event: [32m'profile_organization_name_resolution_failed'[39m,
  correlation_id: [32m'profile_loader'[39m,
  error: [32m'Database error'[39m
}

[90mstdout[2m | src/lib/presentation/stores/profileLoader.test.ts[2m > [22m[2mload_profiles_from_repository[2m > [22m[2mreturns profiles with resolved organization names
[22m[39m[ProfileLoader] Found system users {
  event: [32m'profile_load_found_system_users'[39m,
  correlation_id: [32m'profile_loader'[39m,
  user_count: [33m2[39m,
  user_ids: [ [32m'usr_1'[39m, [32m'usr_2'[39m ]
}

[90mstdout[2m | src/lib/presentation/stores/profileLoader.test.ts[2m > [22m[2mload_profiles_from_repository[2m > [22m[2mreturns profiles with resolved organization names
[22m[39m[ProfileLoader] Converted profiles {
  event: [32m'profile_load_converted_profiles'[39m,
  correlation_id: [32m'profile_loader'[39m,
  profile_count: [33m2[39m,
  profile_ids: [ [32m'usr_1'[39m, [32m'usr_2'[39m ]
}

[90mstderr[2m | src/lib/presentation/stores/profileLoader.test.ts[2m > [22m[2mload_profiles_from_repository[2m > [22m[2mreturns empty array when repository call fails
[22m[39m[ProfileLoader] Failed to load system users {
  event: [32m'profile_load_failed'[39m,
  correlation_id: [32m'profile_loader'[39m,
  error: [32m'Database error'[39m
}

[90mstdout[2m | src/lib/presentation/stores/profileLoader.test.ts[2m > [22m[2mload_profiles_from_repository[2m > [22m[2mreturns empty array when no users exist
[22m[39m[ProfileLoader] Found system users {
  event: [32m'profile_load_found_system_users'[39m,
  correlation_id: [32m'profile_loader'[39m,
  user_count: [33m0[39m,
  user_ids: []
}

[90mstderr[2m | src/lib/presentation/stores/profileLoader.test.ts[2m > [22m[2mload_profiles_from_repository[2m > [22m[2mreturns empty array when no users exist
[22m[39m[ProfileLoader] No system users found in repository {
  event: [32m'profile_load_no_system_users'[39m,
  correlation_id: [32m'profile_loader'[39m
}

[90mstdout[2m | src/lib/presentation/stores/profileLoader.test.ts[2m > [22m[2mload_profiles_from_repository[2m > [22m[2mpreserves all user fields through conversion
[22m[39m[ProfileLoader] Found system users {
  event: [32m'profile_load_found_system_users'[39m,
  correlation_id: [32m'profile_loader'[39m,
  user_count: [33m1[39m,
  user_ids: [ [32m'usr_player_1'[39m ]
}

[90mstdout[2m | src/lib/presentation/stores/profileLoader.test.ts[2m > [22m[2mload_profiles_from_repository[2m > [22m[2mpreserves all user fields through conversion
[22m[39m[ProfileLoader] Converted profiles {
  event: [32m'profile_load_converted_profiles'[39m,
  correlation_id: [32m'profile_loader'[39m,
  profile_count: [33m1[39m,
  profile_ids: [ [32m'usr_player_1'[39m ]
}

[90mstdout[2m | src/lib/presentation/stores/profileLoader.test.ts[2m > [22m[2mload_profiles_from_repository[2m > [22m[2mresolves wildcard organization as All Organisations
[22m[39m[ProfileLoader] Found system users {
  event: [32m'profile_load_found_system_users'[39m,
  correlation_id: [32m'profile_loader'[39m,
  user_count: [33m1[39m,
  user_ids: [ [32m'usr_1'[39m ]
}

[90mstdout[2m | src/lib/presentation/stores/profileLoader.test.ts[2m > [22m[2mload_profiles_from_repository[2m > [22m[2mresolves wildcard organization as All Organisations
[22m[39m[ProfileLoader] Converted profiles {
  event: [32m'profile_load_converted_profiles'[39m,
  correlation_id: [32m'profile_loader'[39m,
  profile_count: [33m1[39m,
  profile_ids: [ [32m'usr_1'[39m ]
}

 [32m✓[39m src/lib/presentation/stores/profileLoader.test.ts [2m([22m[2m16 tests[22m[2m)[22m[32m 15[2mms[22m[39m
 [32m✓[39m src/lib/presentation/logic/listFilterSortLogic.test.ts [2m([22m[2m4 tests[22m[2m)[22m[32m 23[2mms[22m[39m
 [32m✓[39m src/lib/presentation/logic/liveGamesPageDependencies.test.ts [2m([22m[2m1 test[22m[2m)[22m[32m 15[2mms[22m[39m
 [32m✓[39m src/lib/presentation/logic/dynamicFormLogic.test.ts [2m([22m[2m110 tests[22m[2m)[22m[32m 18[2mms[22m[39m
 [32m✓[39m src/lib/core/usecases/CompetitionUseCases.test.ts [2m([22m[2m18 tests[22m[2m)[22m[32m 15[2mms[22m[39m
[90mstderr[2m | src/lib/core/usecases/ProfileLinkUseCases.test.ts[2m > [22m[2mProfileLinkUseCases[2m > [22m[2mcreate[2m > [22m[2mvalidates url format
[22m[39m[ProfileLink] URL validation failed { event: [32m'url_validation_failed'[39m, error: [32m'TypeError: Invalid URL'[39m }

 [32m✓[39m src/lib/core/usecases/ProfileLinkUseCases.test.ts [2m([22m[2m20 tests[22m[2m)[22m[32m 14[2mms[22m[39m
[90mstderr[2m | src/lib/infrastructure/sync/convexSyncService.test.ts[2m > [22m[2mConvexSyncManager[2m > [22m[2mreturns error result when syncing without configured client
[22m[39m[Sync:Manager] sync_now called but Convex client is NOT configured

[90mstdout[2m | src/lib/infrastructure/sync/convexSyncService.test.ts[2m > [22m[2mreset_sync_metadata[2m > [22m[2mremoves convex_sync_metadata via AppSettingsPort
[22m[39m[ConvexSync] Reset sync metadata { event: [32m'sync_metadata_reset'[39m }

 [32m✓[39m src/lib/infrastructure/sync/convexSyncService.test.ts [2m([22m[2m69 tests[22m[2m)[22m[33m 1691[2mms[22m[39m
     [33m[2m✓[22m[39m creates with default config [33m 1670[2mms[22m[39m
 [32m✓[39m src/lib/adapters/repositories/InBrowserFixtureRepositoryHelpers.test.ts [2m([22m[2m2 tests[22m[2m)[22m[32m 12[2mms[22m[39m
[90mstderr[2m | src/lib/infrastructure/events/EventBus.test.ts[2m > [22m[2mhandler error isolation[2m > [22m[2mcontinues delivering to remaining handlers when one handler throws
[22m[39m[EventBus] Handler error {
  event: [32m'event_bus_handler_error'[39m,
  event_type: [32m'entity_created'[39m,
  error: [32m'Error: handler exploded'[39m
}

[90mstderr[2m | src/lib/infrastructure/sync/convexSeedingService.test.ts[2m > [22m[2mtry_seed_all_tables_from_convex[2m > [22m[2mreturns failure when convex client is not available
[22m[39m[ConvexSeeding] Convex client not available

 [32m✓[39m src/lib/infrastructure/events/EventBus.test.ts [2m([22m[2m18 tests[22m[2m)[22m[32m 15[2mms[22m[39m
[90mstdout[2m | src/lib/infrastructure/sync/convexSeedingService.test.ts[2m > [22m[2mtry_seed_all_tables_from_convex[2m > [22m[2mseeds all tables successfully from convex
[22m[39m[ConvexSeeding] Attempting to seed 5 tables from Convex...

[90mstdout[2m | src/lib/infrastructure/sync/convexSeedingService.test.ts[2m > [22m[2mtry_seed_all_tables_from_convex[2m > [22m[2mseeds all tables successfully from convex
[22m[39m[ConvexSeeding] Result: 5/5 tables, 25 records

[90mstdout[2m | src/lib/infrastructure/sync/convexSeedingService.test.ts[2m > [22m[2mtry_seed_all_tables_from_convex[2m > [22m[2mreports progress for each table
[22m[39m[ConvexSeeding] Attempting to seed 5 tables from Convex...

[90mstdout[2m | src/lib/infrastructure/sync/convexSeedingService.test.ts[2m > [22m[2mtry_seed_all_tables_from_convex[2m > [22m[2mreports progress for each table
[22m[39m[ConvexSeeding] Result: 5/5 tables, 0 records

[90mstdout[2m | src/lib/infrastructure/sync/convexSeedingService.test.ts[2m > [22m[2mtry_seed_all_tables_from_convex[2m > [22m[2mreturns failure when convex returns no data
[22m[39m[ConvexSeeding] Attempting to seed 5 tables from Convex...

[90mstdout[2m | src/lib/infrastructure/sync/convexSeedingService.test.ts[2m > [22m[2mtry_seed_all_tables_from_convex[2m > [22m[2mreturns failure when convex returns no data
[22m[39m[ConvexSeeding] Result: 5/5 tables, 0 records

[90mstdout[2m | src/lib/infrastructure/sync/convexSeedingService.test.ts[2m > [22m[2mtry_seed_all_tables_from_convex[2m > [22m[2mhandles partial failures gracefully
[22m[39m[ConvexSeeding] Attempting to seed 5 tables from Convex...

[90mstderr[2m | src/lib/infrastructure/sync/convexSeedingService.test.ts[2m > [22m[2mtry_seed_all_tables_from_convex[2m > [22m[2mhandles partial failures gracefully
[22m[39m[ConvexSeeding] Failed to fetch table {
  event: [32m'convex_seeding_fetch_table_failed'[39m,
  table_name: [32m'organizations'[39m,
  error: [32m'Network error'[39m
}

[90mstdout[2m | src/lib/infrastructure/sync/convexSeedingService.test.ts[2m > [22m[2mtry_seed_all_tables_from_convex[2m > [22m[2mhandles partial failures gracefully
[22m[39m[ConvexSeeding] Result: 4/5 tables, 12 records (failed: organizations)

[90mstdout[2m | src/lib/infrastructure/sync/convexSeedingService.test.ts[2m > [22m[2mtry_seed_all_tables_from_convex[2m > [22m[2mreturns failure when too many tables fail
[22m[39m[ConvexSeeding] Attempting to seed 5 tables from Convex...

[90mstderr[2m | src/lib/infrastructure/sync/convexSeedingService.test.ts[2m > [22m[2mtry_seed_all_tables_from_convex[2m > [22m[2mreturns failure when too many tables fail
[22m[39m[ConvexSeeding] Failed to fetch table {
  event: [32m'convex_seeding_fetch_table_failed'[39m,
  table_name: [32m'organizations'[39m,
  error: [32m'Network error'[39m
}

[90mstderr[2m | src/lib/infrastructure/sync/convexSeedingService.test.ts[2m > [22m[2mtry_seed_all_tables_from_convex[2m > [22m[2mreturns failure when too many tables fail
[22m[39m[ConvexSeeding] Failed to fetch table {
  event: [32m'convex_seeding_fetch_table_failed'[39m,
  table_name: [32m'competitions'[39m,
  error: [32m'Network error'[39m
}

[90mstderr[2m | src/lib/infrastructure/sync/convexSeedingService.test.ts[2m > [22m[2mtry_seed_all_tables_from_convex[2m > [22m[2mreturns failure when too many tables fail
[22m[39m[ConvexSeeding] Failed to fetch table {
  event: [32m'convex_seeding_fetch_table_failed'[39m,
  table_name: [32m'teams'[39m,
  error: [32m'Network error'[39m
}

[90mstdout[2m | src/lib/infrastructure/sync/convexSeedingService.test.ts[2m > [22m[2mtry_seed_all_tables_from_convex[2m > [22m[2mreturns failure when too many tables fail
[22m[39m[ConvexSeeding] Result: 2/5 tables, 4 records (failed: organizations, competitions, teams)

[90mstdout[2m | src/lib/infrastructure/sync/convexSeedingService.test.ts[2m > [22m[2mtry_seed_all_tables_from_convex[2m > [22m[2mstores records in local database after fetching
[22m[39m[ConvexSeeding] Attempting to seed 5 tables from Convex...

[90mstdout[2m | src/lib/infrastructure/sync/convexSeedingService.test.ts[2m > [22m[2mtry_seed_all_tables_from_convex[2m > [22m[2mstores records in local database after fetching
[22m[39m[ConvexSeeding] Result: 5/5 tables, 3 records

 [32m✓[39m src/lib/infrastructure/sync/convexSeedingService.test.ts [2m([22m[2m9 tests[22m[2m)[22m[32m 13[2mms[22m[39m
 [32m✓[39m src/lib/core/usecases/CompetitionStageUseCases.test.ts [2m([22m[2m10 tests[22m[2m)[22m[32m 13[2mms[22m[39m
 [32m✓[39m src/lib/infrastructure/handlers/AuditEventHandler.test.ts [2m([22m[2m28 tests[22m[2m)[22m[32m 12[2mms[22m[39m
[90mstdout[2m | src/lib/presentation/logic/authGuard.test.ts[2m > [22m[2mauthGuard[2m > [22m[2mcheck_route_access[2m > [22m[2mallows a route when the exact path is accessible
[22m[39m[AuthGuard] Loaded 1 accessible routes for role: super_admin

[90mstdout[2m | src/lib/presentation/logic/authGuard.test.ts[2m > [22m[2mauthGuard[2m > [22m[2mcheck_route_access[2m > [22m[2mallows a nested route when the base route is accessible
[22m[39m[AuthGuard] Loaded 1 accessible routes for role: team_manager

[90mstdout[2m | src/lib/presentation/logic/authGuard.test.ts[2m > [22m[2mauthGuard[2m > [22m[2mcheck_route_access[2m > [22m[2mdenies inaccessible routes with a role-specific message
[22m[39m[AuthGuard] Loaded 0 accessible routes for role: player

[90mstdout[2m | src/lib/presentation/logic/authGuard.test.ts[2m > [22m[2mauthGuard[2m > [22m[2mcheck_route_access[2m > [22m[2mcaches accessible routes for repeated checks with the same role
[22m[39m[AuthGuard] Loaded 2 accessible routes for role: org_admin

[90mstdout[2m | src/lib/presentation/logic/authGuard.test.ts[2m > [22m[2mauthGuard[2m > [22m[2mcheck_route_access[2m > [22m[2mreloads cached routes when the role changes
[22m[39m[AuthGuard] Loaded 1 accessible routes for role: super_admin

[90mstdout[2m | src/lib/presentation/logic/authGuard.test.ts[2m > [22m[2mauthGuard[2m > [22m[2mcheck_route_access[2m > [22m[2mreloads cached routes when the role changes
[22m[39m[AuthGuard] Loaded 1 accessible routes for role: player

[90mstderr[2m | src/lib/presentation/logic/authGuard.test.ts[2m > [22m[2mauthGuard[2m > [22m[2mcheck_route_access[2m > [22m[2mdenies access when route loading fails
[22m[39m[AuthGuard] Failed to load accessible routes: boom

[90mstdout[2m | src/lib/presentation/logic/authGuard.test.ts[2m > [22m[2mauthGuard[2m > [22m[2mensure_route_access[2m > [22m[2mstores the denial and redirects when access is denied
[22m[39m[AuthGuard] Loaded 0 accessible routes for role: player

[90mstdout[2m | src/lib/presentation/logic/authGuard.test.ts[2m > [22m[2mauthGuard[2m > [22m[2mensure_route_access[2m > [22m[2mreturns true and does not redirect when access is allowed
[22m[39m[AuthGuard] Loaded 1 accessible routes for role: super_admin

[90mstdout[2m | src/lib/presentation/logic/authGuard.test.ts[2m > [22m[2mauthGuard[2m > [22m[2mensure_auth_profile[2m > [22m[2minitializes auth and returns the active profile
[22m[39m[AuthGuard] Auth not initialized, triggering initialization...

 [32m✓[39m src/lib/core/usecases/TeamUseCases.test.ts [2m([22m[2m25 tests[22m[2m)[22m[32m 14[2mms[22m[39m
[90mstdout[2m | src/lib/presentation/logic/authGuard.test.ts[2m > [22m[2mauthGuard[2m > [22m[2mensure_auth_profile[2m > [22m[2mreturns a failure result when no profile exists after initialization
[22m[39m[AuthGuard] Auth not initialized, triggering initialization...

[90mstderr[2m | src/lib/presentation/logic/authGuard.test.ts[2m > [22m[2mauthGuard[2m > [22m[2mensure_auth_profile[2m > [22m[2mreturns a failure result when no profile exists after initialization
[22m[39m[AuthGuard] No auth profile found after initialization

[90mstdout[2m | src/lib/presentation/logic/authGuard.test.ts[2m > [22m[2mauthGuard[2m > [22m[2mroute access cache[2m > [22m[2mreports whether a cache entry existed
[22m[39m[AuthGuard] Loaded 1 accessible routes for role: super_admin

 [32m✓[39m src/lib/presentation/logic/authGuard.test.ts [2m([22m[2m22 tests[22m[2m)[22m[32m 13[2mms[22m[39m
 [32m✓[39m src/lib/presentation/logic/foreignKeyOptionBuilder.test.ts [2m([22m[2m16 tests[22m[2m)[22m[32m 9[2mms[22m[39m
 [32m✓[39m src/lib/core/usecases/TeamStaffUseCases.test.ts [2m([22m[2m15 tests[22m[2m)[22m[32m 10[2mms[22m[39m
 [32m✓[39m src/lib/adapters/repositories/InBrowserBaseRepositoryHelpers.test.ts [2m([22m[2m2 tests[22m[2m)[22m[32m 13[2mms[22m[39m
 [32m✓[39m src/lib/core/usecases/FixtureLineupUseCases.test.ts [2m([22m[2m16 tests[22m[2m)[22m[32m 10[2mms[22m[39m
 [32m✓[39m src/lib/presentation/logic/calendarPageData.test.ts [2m([22m[2m3 tests[22m[2m)[22m[32m 6[2mms[22m[39m
 [32m✓[39m src/lib/core/usecases/SystemUserUseCases.test.ts [2m([22m[2m19 tests[22m[2m)[22m[32m 9[2mms[22m[39m
 [32m✓[39m src/lib/core/usecases/GameEventLogUseCases.test.ts [2m([22m[2m10 tests[22m[2m)[22m[32m 11[2mms[22m[39m
 [32m✓[39m src/lib/core/services/nameResolutionService.test.ts [2m([22m[2m30 tests[22m[2m)[22m[32m 11[2mms[22m[39m
 [32m✓[39m src/lib/core/usecases/GameEventTypeUseCases.test.ts [2m([22m[2m10 tests[22m[2m)[22m[32m 8[2mms[22m[39m
[90mstdout[2m | src/lib/presentation/logic/columnPreferences.test.ts[2m > [22m[2msave_column_preferences[2m > [22m[2msaves column names as JSON array
[22m[39m[ColumnPrefs] Saved 3 column preferences for Team (key: col_prefs_Team)

[90mstdout[2m | src/lib/presentation/logic/columnPreferences.test.ts[2m > [22m[2msave_column_preferences[2m > [22m[2msaves with sub_entity_filter context
[22m[39m[ColumnPrefs] Saved 2 column preferences for PlayerTeamMembership (key: col_prefs_PlayerTeamMembership_team_id)

[90mstdout[2m | src/lib/presentation/logic/columnPreferences.test.ts[2m > [22m[2mload_column_preferences[2m > [22m[2mreturns restored columns when cached data exists
[22m[39m[ColumnPrefs] Restored 2 cached columns for Team (key: col_prefs_Team)

[90mstdout[2m | src/lib/presentation/logic/columnPreferences.test.ts[2m > [22m[2mload_column_preferences[2m > [22m[2mfilters out columns that no longer exist in available fields
[22m[39m[ColumnPrefs] Restored 2 cached columns for Team (key: col_prefs_Team)

[90mstderr[2m | src/lib/presentation/logic/columnPreferences.test.ts[2m > [22m[2mload_column_preferences[2m > [22m[2mreturns not-restored when cached data is invalid JSON
[22m[39m[ColumnPrefs] Invalid cached column data for Team, ignoring (key: col_prefs_Team)

[90mstdout[2m | src/lib/presentation/logic/columnPreferences.test.ts[2m > [22m[2mload_column_preferences[2m > [22m[2mloads with sub_entity_filter context
[22m[39m[ColumnPrefs] Restored 1 cached columns for PlayerTeamMembership (key: col_prefs_PlayerTeamMembership_team_id)

 [32m✓[39m src/lib/presentation/logic/columnPreferences.test.ts [2m([22m[2m14 tests[22m[2m)[22m[32m 9[2mms[22m[39m
[90mstdout[2m | src/lib/presentation/logic/layoutLoginSync.test.ts[2m > [22m[2mlayoutLoginSync[2m > [22m[2mskips duplicate sync requests when an initial sync is already in progress
[22m[39m[Layout] Sync already in progress, skipping duplicate request { event: [32m'sync_duplicate_skipped'[39m }

[90mstderr[2m | src/lib/presentation/logic/layoutLoginSync.test.ts[2m > [22m[2mlayoutLoginSync[2m > [22m[2msigns the user out and redirects to unauthorized when no profile is returned
[22m[39m[Layout] No Convex profile found for signed-in user { event: [32m'login_profile_not_found'[39m, error: [32m'no_profile_data'[39m }

[90mstderr[2m | src/lib/presentation/logic/layoutLoginSync.test.ts[2m > [22m[2mlayoutLoginSync[2m > [22m[2mcleans up failed sync attempts and redirects back to sign-in
[22m[39m[Layout] Login sync failed { event: [32m'login_sync_failed'[39m, error: [32m'Sync failed: network down'[39m }

[90mstdout[2m | src/lib/presentation/logic/layoutLoginSync.test.ts[2m > [22m[2mlayoutLoginSync[2m > [22m[2mcompletes the verified-user sync flow and initializes the local auth state
[22m[39m[Layout] Verified user login sync complete { event: [32m'verified_user_login_sync_complete'[39m }

 [32m✓[39m src/lib/presentation/logic/layoutLoginSync.test.ts [2m([22m[2m4 tests[22m[2m)[22m[32m 9[2mms[22m[39m
 [32m✓[39m src/lib/core/services/ICalService.test.ts [2m([22m[2m10 tests[22m[2m)[22m[32m 7[2mms[22m[39m
 [32m✓[39m src/lib/core/usecases/CompetitionTeamUseCases.test.ts [2m([22m[2m14 tests[22m[2m)[22m[32m 9[2mms[22m[39m
 [32m✓[39m src/lib/infrastructure/sync/syncValidation.test.ts [2m([22m[2m32 tests[22m[2m)[22m[32m 8[2mms[22m[39m
[90mstderr[2m | src/lib/presentation/logic/dynamicFormDataLoader.test.ts[2m > [22m[2mfetch_entities_for_type[2m > [22m[2mreturns empty array when use cases missing
[22m[39m[DataLoader] No list method found for entity type: unknown_type

[90mstderr[2m | src/lib/presentation/logic/dynamicFormDataLoader.test.ts[2m > [22m[2mfetch_entities_for_type[2m > [22m[2mreturns empty array on failed fetch
[22m[39m[DataLoader] Failed to load team: fetch error

[90mstdout[2m | src/lib/presentation/logic/dynamicFormDataLoader.test.ts[2m > [22m[2mfetch_unfiltered_foreign_key_options[2m > [22m[2mloads options for all unfiltered foreign_key fields
[22m[39m[DataLoader] Loaded FK options { field: [32m'player_id'[39m, count: [33m1[39m }

[90mstdout[2m | src/lib/presentation/logic/dynamicFormDataLoader.test.ts[2m > [22m[2mfetch_unfiltered_foreign_key_options[2m > [22m[2mloads multiple fields in sequence
[22m[39m[DataLoader] Loaded FK options { field: [32m'player_id'[39m, count: [33m1[39m }

[90mstdout[2m | src/lib/presentation/logic/dynamicFormDataLoader.test.ts[2m > [22m[2mfetch_unfiltered_foreign_key_options[2m > [22m[2mloads multiple fields in sequence
[22m[39m[DataLoader] Loaded FK options { field: [32m'team_id'[39m, count: [33m1[39m }

 [32m✓[39m src/lib/infrastructure/sync/syncHelpers.test.ts [2m([22m[2m47 tests[22m[2m)[22m[32m 11[2mms[22m[39m
[90mstdout[2m | src/lib/presentation/logic/dynamicFormDataLoader.test.ts[2m > [22m[2mfetch_teams_from_competition[2m > [22m[2mreturns teams that belong to the competition
[22m[39m[DataLoader] Loaded competition teams {
  competition_id: [32m'comp_1'[39m,
  total: [33m1[39m,
  filtered: [33m1[39m,
  exclude_field: [90mundefined[39m,
  exclude_value: [1mnull[22m
}

[90mstderr[2m | src/lib/presentation/logic/dynamicFormDataLoader.test.ts[2m > [22m[2mfetch_teams_from_competition[2m > [22m[2mreturns empty result when competition_team fetch fails
[22m[39m[DataLoader] Failed to load competition teams: comp_1

[90mstdout[2m | src/lib/presentation/logic/dynamicFormDataLoader.test.ts[2m > [22m[2mfetch_teams_from_competition[2m > [22m[2mapplies exclude_field filter when provided
[22m[39m[DataLoader] Loaded competition teams {
  competition_id: [32m'comp_1'[39m,
  total: [33m2[39m,
  filtered: [33m1[39m,
  exclude_field: [32m'away_team_id'[39m,
  exclude_value: [32m'team_b'[39m
}

[90mstdout[2m | src/lib/presentation/logic/dynamicFormDataLoader.test.ts[2m > [22m[2mfetch_teams_from_player_memberships[2m > [22m[2mreturns teams the player is a member of
[22m[39m[DataLoader] Loaded player membership teams { player_id: [32m'player_1'[39m, total_memberships: [33m1[39m, team_count: [33m1[39m }

[90mstdout[2m | src/lib/presentation/logic/dynamicFormDataLoader.test.ts[2m > [22m[2mfetch_teams_from_player_memberships[2m > [22m[2msets auto_select_team_id when only one team and no current value
[22m[39m[DataLoader] Loaded player membership teams { player_id: [32m'player_1'[39m, total_memberships: [33m1[39m, team_count: [33m1[39m }

[90mstdout[2m | src/lib/presentation/logic/dynamicFormDataLoader.test.ts[2m > [22m[2mfetch_teams_from_player_memberships[2m > [22m[2mdoes not set auto_select_team_id when field already has a value
[22m[39m[DataLoader] Loaded player membership teams { player_id: [32m'player_1'[39m, total_memberships: [33m1[39m, team_count: [33m1[39m }

[90mstdout[2m | src/lib/presentation/logic/dynamicFormDataLoader.test.ts[2m > [22m[2mfetch_teams_excluding_player_memberships[2m > [22m[2mexcludes teams the player is already a member of
[22m[39m[DataLoader] Resolved player gender from cache {
  player_id: [32m'player_1'[39m,
  player_found: [33mfalse[39m,
  player_gender_id: [90mundefined[39m
}
[DataLoader] Loaded teams excluding player memberships {
  player_id: [32m'player_1'[39m,
  player_gender_id: [90mundefined[39m,
  total_memberships: [33m1[39m,
  total_teams: [33m2[39m,
  available_count: [33m1[39m
}

[90mstdout[2m | src/lib/presentation/logic/dynamicFormDataLoader.test.ts[2m > [22m[2mfetch_teams_excluding_player_memberships[2m > [22m[2mfilters by organization_id when provided
[22m[39m[DataLoader] Resolved player gender from cache {
  player_id: [32m'player_1'[39m,
  player_found: [33mfalse[39m,
  player_gender_id: [90mundefined[39m
}
[DataLoader] Loaded teams excluding player memberships {
  player_id: [32m'player_1'[39m,
  player_gender_id: [90mundefined[39m,
  total_memberships: [33m0[39m,
  total_teams: [33m2[39m,
  available_count: [33m1[39m
}

[90mstdout[2m | src/lib/presentation/logic/dynamicFormDataLoader.test.ts[2m > [22m[2mfetch_teams_excluding_player_memberships[2m > [22m[2mfilters by gender when player has a gender and team has a gender
[22m[39m[DataLoader] Resolved player gender from cache {
  player_id: [32m'player_1'[39m,
  player_found: [33mtrue[39m,
  player_gender_id: [32m'gender_male'[39m
}
[DataLoader] Loaded teams excluding player memberships {
  player_id: [32m'player_1'[39m,
  player_gender_id: [32m'gender_male'[39m,
  total_memberships: [33m0[39m,
  total_teams: [33m2[39m,
  available_count: [33m1[39m
}

[90mstdout[2m | src/lib/presentation/logic/dynamicFormDataLoader.test.ts[2m > [22m[2mfetch_filtered_entities_for_field[2m > [22m[2mdelegates teams_from_competition and returns cache fields
[22m[39m[DataLoader] Loaded competition teams {
  competition_id: [32m'comp_1'[39m,
  total: [33m1[39m,
  filtered: [33m1[39m,
  exclude_field: [90mundefined[39m,
  exclude_value: [1mnull[22m
}

[90mstdout[2m | src/lib/presentation/logic/dynamicFormDataLoader.test.ts[2m > [22m[2mfetch_filtered_entities_for_field[2m > [22m[2mdelegates teams_from_player_memberships and returns auto_select_team_id
[22m[39m[DataLoader] Loaded player membership teams { player_id: [32m'player_1'[39m, total_memberships: [33m1[39m, team_count: [33m1[39m }

[90mstdout[2m | src/lib/presentation/logic/dynamicFormDataLoader.test.ts[2m > [22m[2mfetch_filtered_entities_for_field[2m > [22m[2mdelegates fixtures_from_official to fetch_fixtures_from_official
[22m[39m[DataLoader] Loaded fixtures for official {
  event: [32m'fixtures_loaded_for_official'[39m,
  official_id: [32m'off-1'[39m,
  organization_id: [32m'org-1'[39m,
  total_fixtures: [33m1[39m,
  assigned_via_setup: [33m1[39m,
  already_rated: [33m0[39m
}

[90mstdout[2m | src/lib/presentation/logic/dynamicFormDataLoader.test.ts[2m > [22m[2mfetch_fixtures_from_official[2m > [22m[2mreturns completed fixtures where the official is in a FixtureDetailsSetup record
[22m[39m[DataLoader] Loaded fixtures for official {
  event: [32m'fixtures_loaded_for_official'[39m,
  official_id: [32m'off-1'[39m,
  organization_id: [32m'org-1'[39m,
  total_fixtures: [33m2[39m,
  assigned_via_setup: [33m2[39m,
  already_rated: [33m0[39m
}

[90mstdout[2m | src/lib/presentation/logic/dynamicFormDataLoader.test.ts[2m > [22m[2mfetch_fixtures_from_official[2m > [22m[2mexcludes assigned fixtures that are not completed
[22m[39m[DataLoader] Loaded fixtures for official {
  event: [32m'fixtures_loaded_for_official'[39m,
  official_id: [32m'off-1'[39m,
  organization_id: [32m'org-1'[39m,
  total_fixtures: [33m2[39m,
  assigned_via_setup: [33m2[39m,
  already_rated: [33m0[39m
}

[90mstdout[2m | src/lib/presentation/logic/dynamicFormDataLoader.test.ts[2m > [22m[2mfetch_fixtures_from_official[2m > [22m[2mexcludes fixtures already rated by the current rater for that official
[22m[39m[DataLoader] Loaded fixtures for official {
  event: [32m'fixtures_loaded_for_official'[39m,
  official_id: [32m'off-1'[39m,
  organization_id: [32m'org-1'[39m,
  total_fixtures: [33m2[39m,
  assigned_via_setup: [33m2[39m,
  already_rated: [33m1[39m
}

[90mstdout[2m | src/lib/presentation/logic/dynamicFormDataLoader.test.ts[2m > [22m[2mfetch_fixtures_from_official[2m > [22m[2mreturns empty when all assigned fixtures are already rated
[22m[39m[DataLoader] Loaded fixtures for official {
  event: [32m'fixtures_loaded_for_official'[39m,
  official_id: [32m'off-1'[39m,
  organization_id: [32m'org-1'[39m,
  total_fixtures: [33m1[39m,
  assigned_via_setup: [33m1[39m,
  already_rated: [33m1[39m
}

[90mstdout[2m | src/lib/presentation/logic/dynamicFormDataLoader.test.ts[2m > [22m[2mfetch_fixtures_from_official[2m > [22m[2mexcludes fixtures where the official is not in any FixtureDetailsSetup record
[22m[39m[DataLoader] Loaded fixtures for official {
  event: [32m'fixtures_loaded_for_official'[39m,
  official_id: [32m'off-1'[39m,
  organization_id: [32m'org-1'[39m,
  total_fixtures: [33m1[39m,
  assigned_via_setup: [33m0[39m,
  already_rated: [33m0[39m
}

[90mstdout[2m | src/lib/presentation/logic/dynamicFormDataLoader.test.ts[2m > [22m[2mfetch_fixtures_from_official[2m > [22m[2mreturns empty when no FixtureDetailsSetup records exist for the org
[22m[39m[DataLoader] Loaded fixtures for official {
  event: [32m'fixtures_loaded_for_official'[39m,
  official_id: [32m'off-1'[39m,
  organization_id: [32m'org-1'[39m,
  total_fixtures: [33m1[39m,
  assigned_via_setup: [33m0[39m,
  already_rated: [33m0[39m
}

[90mstdout[2m | src/lib/presentation/logic/dynamicFormDataLoader.test.ts[2m > [22m[2mfetch_fixtures_from_official[2m > [22m[2muses empty string as rater_user_id when auth profile is null
[22m[39m[DataLoader] Loaded fixtures for official {
  event: [32m'fixtures_loaded_for_official'[39m,
  official_id: [32m'off-1'[39m,
  organization_id: [32m'org-1'[39m,
  total_fixtures: [33m1[39m,
  assigned_via_setup: [33m1[39m,
  already_rated: [33m0[39m
}

[90mstdout[2m | src/lib/presentation/logic/dynamicFormDataLoader.test.ts[2m > [22m[2mfetch_fixtures_for_rating[2m > [22m[2mreturns completed fixtures for org when user has no team scope
[22m[39m[DataLoader] Loaded fixtures for rating {
  event: [32m'fixtures_loaded_for_rating'[39m,
  organization_id: [32m'org-1'[39m,
  team_id: [1mnull[22m,
  total_fixtures: [33m1[39m,
  available_count: [33m1[39m
}

[90mstdout[2m | src/lib/presentation/logic/dynamicFormDataLoader.test.ts[2m > [22m[2mfetch_fixtures_for_rating[2m > [22m[2mexcludes non-completed fixtures
[22m[39m[DataLoader] Loaded fixtures for rating {
  event: [32m'fixtures_loaded_for_rating'[39m,
  organization_id: [32m'org-1'[39m,
  team_id: [1mnull[22m,
  total_fixtures: [33m2[39m,
  available_count: [33m1[39m
}

[90mstdout[2m | src/lib/presentation/logic/dynamicFormDataLoader.test.ts[2m > [22m[2mfetch_fixtures_for_rating[2m > [22m[2mreturns all completed fixtures when user has wildcard team_id
[22m[39m[DataLoader] Loaded fixtures for rating {
  event: [32m'fixtures_loaded_for_rating'[39m,
  organization_id: [32m'org-1'[39m,
  team_id: [1mnull[22m,
  total_fixtures: [33m2[39m,
  available_count: [33m2[39m
}

[90mstdout[2m | src/lib/presentation/logic/dynamicFormDataLoader.test.ts[2m > [22m[2mfetch_fixtures_for_rating[2m > [22m[2mfilters to team fixtures when user has a specific team_id
[22m[39m[DataLoader] Loaded fixtures for rating {
  event: [32m'fixtures_loaded_for_rating'[39m,
  organization_id: [32m'org-1'[39m,
  team_id: [32m'team_1'[39m,
  total_fixtures: [33m2[39m,
  available_count: [33m1[39m
}

[90mstdout[2m | src/lib/presentation/logic/dynamicFormDataLoader.test.ts[2m > [22m[2mfetch_fixtures_for_rating[2m > [22m[2mincludes fixture when user team is the away team
[22m[39m[DataLoader] Loaded fixtures for rating {
  event: [32m'fixtures_loaded_for_rating'[39m,
  organization_id: [32m'org-1'[39m,
  team_id: [32m'team_2'[39m,
  total_fixtures: [33m1[39m,
  available_count: [33m1[39m
}

[90mstdout[2m | src/lib/presentation/logic/dynamicFormDataLoader.test.ts[2m > [22m[2mfetch_fixtures_for_rating[2m > [22m[2mreturns empty array when no completed fixtures exist
[22m[39m[DataLoader] Loaded fixtures for rating {
  event: [32m'fixtures_loaded_for_rating'[39m,
  organization_id: [32m'org-1'[39m,
  team_id: [1mnull[22m,
  total_fixtures: [33m0[39m,
  available_count: [33m0[39m
}

[90mstdout[2m | src/lib/presentation/logic/dynamicFormDataLoader.test.ts[2m > [22m[2mfetch_fixtures_for_rating[2m > [22m[2muses no team filter when auth profile is null
[22m[39m[DataLoader] Loaded fixtures for rating {
  event: [32m'fixtures_loaded_for_rating'[39m,
  organization_id: [32m'org-1'[39m,
  team_id: [1mnull[22m,
  total_fixtures: [33m1[39m,
  available_count: [33m1[39m
}

[90mstdout[2m | src/lib/presentation/logic/dynamicFormDataLoader.test.ts[2m > [22m[2mfetch_officials_from_fixture[2m > [22m[2mreturns officials with Name-Role display labels
[22m[39m[DataLoader] Loaded officials for fixture {
  event: [32m'officials_loaded_for_fixture'[39m,
  fixture_id: [32m'fix-1'[39m,
  total_assigned: [33m1[39m,
  already_rated: [33m0[39m,
  available_count: [33m1[39m
}

[90mstdout[2m | src/lib/presentation/logic/dynamicFormDataLoader.test.ts[2m > [22m[2mfetch_officials_from_fixture[2m > [22m[2mexcludes officials already rated for this fixture by the current rater
[22m[39m[DataLoader] Loaded officials for fixture {
  event: [32m'officials_loaded_for_fixture'[39m,
  fixture_id: [32m'fix-1'[39m,
  total_assigned: [33m2[39m,
  already_rated: [33m1[39m,
  available_count: [33m1[39m
}

[90mstdout[2m | src/lib/presentation/logic/dynamicFormDataLoader.test.ts[2m > [22m[2mfetch_officials_from_fixture[2m > [22m[2mreturns empty when fixture has no assigned officials
[22m[39m[DataLoader] Loaded officials for fixture {
  event: [32m'officials_loaded_for_fixture'[39m,
  fixture_id: [32m'fix-1'[39m,
  total_assigned: [33m0[39m,
  already_rated: [33m0[39m,
  available_count: [33m0[39m
}

[90mstderr[2m | src/lib/presentation/logic/dynamicFormDataLoader.test.ts[2m > [22m[2mfetch_officials_from_fixture[2m > [22m[2mreturns empty when fixture is not found
[22m[39m[DataLoader] Fixture not found for official loading { event: [32m'fixture_not_found_for_officials'[39m, fixture_id: [32m'fix-missing'[39m }

[90mstdout[2m | src/lib/presentation/logic/dynamicFormDataLoader.test.ts[2m > [22m[2mfetch_officials_from_fixture[2m > [22m[2mreturns empty when assigned official is not in org officials list
[22m[39m[DataLoader] Loaded officials for fixture {
  event: [32m'officials_loaded_for_fixture'[39m,
  fixture_id: [32m'fix-1'[39m,
  total_assigned: [33m1[39m,
  already_rated: [33m0[39m,
  available_count: [33m0[39m
}

[90mstdout[2m | src/lib/presentation/logic/dynamicFormDataLoader.test.ts[2m > [22m[2mfetch_officials_from_fixture[2m > [22m[2muses empty rater_user_id when auth profile is null
[22m[39m[DataLoader] Loaded officials for fixture {
  event: [32m'officials_loaded_for_fixture'[39m,
  fixture_id: [32m'fix-1'[39m,
  total_assigned: [33m1[39m,
  already_rated: [33m0[39m,
  available_count: [33m1[39m
}

[90mstdout[2m | src/lib/presentation/logic/dynamicFormDataLoader.test.ts[2m > [22m[2mfetch_fixtures_without_setup[2m > [22m[2mreturns fixtures that have no fixturedetailssetup record
[22m[39m[DataLoader] Loaded fixtures without setup {
  event: [32m'fixtures_without_setup_loaded'[39m,
  organization_id: [32m'org-1'[39m,
  total_fixtures: [33m2[39m,
  fixtures_with_setup: [33m1[39m,
  available_count: [33m1[39m
}

[90mstdout[2m | src/lib/presentation/logic/dynamicFormDataLoader.test.ts[2m > [22m[2mfetch_fixtures_without_setup[2m > [22m[2mreturns all fixtures when no setups exist
[22m[39m[DataLoader] Loaded fixtures without setup {
  event: [32m'fixtures_without_setup_loaded'[39m,
  organization_id: [32m'org-1'[39m,
  total_fixtures: [33m2[39m,
  fixtures_with_setup: [33m0[39m,
  available_count: [33m2[39m
}

[90mstdout[2m | src/lib/presentation/logic/dynamicFormDataLoader.test.ts[2m > [22m[2mfetch_fixtures_without_setup[2m > [22m[2mreturns empty when all fixtures already have a setup
[22m[39m[DataLoader] Loaded fixtures without setup {
  event: [32m'fixtures_without_setup_loaded'[39m,
  organization_id: [32m'org-1'[39m,
  total_fixtures: [33m1[39m,
  fixtures_with_setup: [33m1[39m,
  available_count: [33m0[39m
}

[90mstdout[2m | src/lib/presentation/logic/dynamicFormDataLoader.test.ts[2m > [22m[2mfetch_fixtures_without_setup[2m > [22m[2mreturns empty when no fixtures exist
[22m[39m[DataLoader] Loaded fixtures without setup {
  event: [32m'fixtures_without_setup_loaded'[39m,
  organization_id: [32m'org-1'[39m,
  total_fixtures: [33m0[39m,
  fixtures_with_setup: [33m0[39m,
  available_count: [33m0[39m
}

[90mstdout[2m | src/lib/presentation/logic/dynamicFormDataLoader.test.ts[2m > [22m[2mfetch_fixtures_without_setup[2m > [22m[2mdelegates fixtures_without_setup filter_type in fetch_filtered_entities_for_field
[22m[39m[DataLoader] Loaded fixtures without setup {
  event: [32m'fixtures_without_setup_loaded'[39m,
  organization_id: [32m'org-1'[39m,
  total_fixtures: [33m1[39m,
  fixtures_with_setup: [33m0[39m,
  available_count: [33m1[39m
}

 [32m✓[39m src/lib/presentation/logic/dynamicFormDataLoader.test.ts [2m([22m[2m57 tests[22m[2m)[22m[32m 21[2mms[22m[39m
 [32m✓[39m src/lib/core/usecases/AuditLogUseCases.test.ts [2m([22m[2m21 tests[22m[2m)[22m[32m 14[2mms[22m[39m
[90mstdout[2m | src/lib/infrastructure/sync/convexRealtimeSync.test.ts[2m > [22m[2mConvexRealtimeSync[2m > [22m[2mstart[2m > [22m[2mcreates subscriptions for each table
[22m[39m[RealtimeSync] Started watching 2 tables for remote changes

[90mstdout[2m | src/lib/infrastructure/sync/convexRealtimeSync.test.ts[2m > [22m[2mConvexRealtimeSync[2m > [22m[2mstart[2m > [22m[2mcreates subscriptions for each table
[22m[39m[RealtimeSync] Stopped watching tables

[90mstdout[2m | src/lib/infrastructure/sync/convexRealtimeSync.test.ts[2m > [22m[2mConvexRealtimeSync[2m > [22m[2mstart[2m > [22m[2mpasses correct query reference and args for each table
[22m[39m[RealtimeSync] Started watching 2 tables for remote changes

[90mstdout[2m | src/lib/infrastructure/sync/convexRealtimeSync.test.ts[2m > [22m[2mConvexRealtimeSync[2m > [22m[2mstart[2m > [22m[2mpasses correct query reference and args for each table
[22m[39m[RealtimeSync] Stopped watching tables

[90mstdout[2m | src/lib/infrastructure/sync/convexRealtimeSync.test.ts[2m > [22m[2mConvexRealtimeSync[2m > [22m[2mstart[2m > [22m[2mreturns false when already started
[22m[39m[RealtimeSync] Started watching 2 tables for remote changes

[90mstdout[2m | src/lib/infrastructure/sync/convexRealtimeSync.test.ts[2m > [22m[2mConvexRealtimeSync[2m > [22m[2mstart[2m > [22m[2mreturns false when already started
[22m[39m[RealtimeSync] Stopped watching tables

[90mstdout[2m | src/lib/infrastructure/sync/convexRealtimeSync.test.ts[2m > [22m[2mConvexRealtimeSync[2m > [22m[2mstart[2m > [22m[2mreports running after start
[22m[39m[RealtimeSync] Started watching 2 tables for remote changes

[90mstdout[2m | src/lib/infrastructure/sync/convexRealtimeSync.test.ts[2m > [22m[2mConvexRealtimeSync[2m > [22m[2mstart[2m > [22m[2mreports running after start
[22m[39m[RealtimeSync] Stopped watching tables

[90mstdout[2m | src/lib/infrastructure/sync/convexRealtimeSync.test.ts[2m > [22m[2mConvexRealtimeSync[2m > [22m[2mstop[2m > [22m[2munsubscribes from all table subscriptions
[22m[39m[RealtimeSync] Started watching 2 tables for remote changes
[RealtimeSync] Stopped watching tables

[90mstdout[2m | src/lib/infrastructure/sync/convexRealtimeSync.test.ts[2m > [22m[2mConvexRealtimeSync[2m > [22m[2mstop[2m > [22m[2mreports not running after stop
[22m[39m[RealtimeSync] Started watching 2 tables for remote changes
[RealtimeSync] Stopped watching tables

[90mstdout[2m | src/lib/infrastructure/sync/convexRealtimeSync.test.ts[2m > [22m[2mConvexRealtimeSync[2m > [22m[2mchange detection[2m > [22m[2mdoes not trigger pull on first callback (initial snapshot)
[22m[39m[RealtimeSync] Started watching 2 tables for remote changes

[90mstdout[2m | src/lib/infrastructure/sync/convexRealtimeSync.test.ts[2m > [22m[2mConvexRealtimeSync[2m > [22m[2mchange detection[2m > [22m[2mtriggers pull when latest_timestamp changes
[22m[39m[RealtimeSync] Started watching 2 tables for remote changes
[RealtimeSync] teams changed remotely (2024-06-15T12:00:00.000Z → 2024-06-15T13:00:00.000Z), triggering pull

[90mstdout[2m | src/lib/infrastructure/sync/convexRealtimeSync.test.ts[2m > [22m[2mConvexRealtimeSync[2m > [22m[2mchange detection[2m > [22m[2mdoes not trigger pull when latest_timestamp is unchanged
[22m[39m[RealtimeSync] Started watching 2 tables for remote changes

[90mstdout[2m | src/lib/infrastructure/sync/convexRealtimeSync.test.ts[2m > [22m[2mConvexRealtimeSync[2m > [22m[2mchange detection[2m > [22m[2mpasses previous timestamp as since_timestamp to pull_table
[22m[39m[RealtimeSync] Started watching 2 tables for remote changes
[RealtimeSync] teams changed remotely (2024-01-01T00:00:00.000Z → 2024-06-15T12:00:00.000Z), triggering pull

 [32m✓[39m src/lib/core/usecases/ActivityCategoryUseCases.test.ts [2m([22m[2m27 tests[22m[2m)[22m[32m 31[2mms[22m[39m
[90mstdout[2m | src/lib/infrastructure/sync/convexRealtimeSync.test.ts[2m > [22m[2mConvexRealtimeSync[2m > [22m[2mchange detection[2m > [22m[2mtracks each table independently
[22m[39m[RealtimeSync] Started watching 2 tables for remote changes
[RealtimeSync] teams changed remotely (2024-01-01T00:00:00.000Z → 2024-06-15T12:00:00.000Z), triggering pull

[90mstdout[2m | src/lib/infrastructure/sync/convexRealtimeSync.test.ts[2m > [22m[2mConvexRealtimeSync[2m > [22m[2mget_table_status[2m > [22m[2mreturns status for each watched table after receiving data
[22m[39m[RealtimeSync] Started watching 2 tables for remote changes

[90mstdout[2m | src/lib/infrastructure/sync/convexRealtimeSync.test.ts[2m > [22m[2mConvexRealtimeSync[2m > [22m[2mget_table_status[2m > [22m[2mincrements pull_count after each triggered pull
[22m[39m[RealtimeSync] Started watching 2 tables for remote changes
[RealtimeSync] teams changed remotely (2024-01-01T00:00:00.000Z → 2024-02-01T00:00:00.000Z), triggering pull
[RealtimeSync] teams changed remotely (2024-02-01T00:00:00.000Z → 2024-03-01T00:00:00.000Z), triggering pull

[90mstdout[2m | src/lib/infrastructure/sync/convexRealtimeSync.test.ts[2m > [22m[2mConvexRealtimeSync[2m > [22m[2merror handling[2m > [22m[2mcontinues operating when pull_table fails
[22m[39m[RealtimeSync] Started watching 2 tables for remote changes
[RealtimeSync] teams changed remotely (2024-01-01T00:00:00.000Z → 2024-02-01T00:00:00.000Z), triggering pull

 [32m✓[39m src/lib/infrastructure/utils/pdfConstantsAndHelpers.test.ts [2m([22m[2m2 tests[22m[2m)[22m[32m 5[2mms[22m[39m
[90mstderr[2m | src/lib/infrastructure/sync/convexRealtimeSync.test.ts[2m > [22m[2mConvexRealtimeSync[2m > [22m[2merror handling[2m > [22m[2mcontinues operating when pull_table fails
[22m[39m[RealtimeSync] Table pull failed {
  event: [32m'realtime_sync_pull_failed'[39m,
  table_name: [32m'teams'[39m,
  error: [32m'Network error'[39m
}

[90mstdout[2m | src/lib/infrastructure/sync/convexRealtimeSync.test.ts[2m > [22m[2mConvexRealtimeSync[2m > [22m[2mrestart[2m > [22m[2mcan be stopped and restarted cleanly
[22m[39m[RealtimeSync] Started watching 2 tables for remote changes
[RealtimeSync] Stopped watching tables
[RealtimeSync] Started watching 2 tables for remote changes

[90mstdout[2m | src/lib/infrastructure/sync/convexRealtimeSync.test.ts[2m > [22m[2mConvexRealtimeSync[2m > [22m[2mon_table_pulled callback[2m > [22m[2minvokes on_table_pulled with the correct table_name after a successful pull
[22m[39m[RealtimeSync] Started watching 2 tables for remote changes
[RealtimeSync] teams changed remotely (2024-01-01T00:00:00.000Z → 2024-06-01T00:00:00.000Z), triggering pull

[90mstdout[2m | src/lib/infrastructure/sync/convexRealtimeSync.test.ts[2m > [22m[2mConvexRealtimeSync[2m > [22m[2mon_table_pulled callback[2m > [22m[2mdoes not invoke on_table_pulled on the initial snapshot (no pull triggered)
[22m[39m[RealtimeSync] Started watching 2 tables for remote changes

[90mstdout[2m | src/lib/infrastructure/sync/convexRealtimeSync.test.ts[2m > [22m[2mConvexRealtimeSync[2m > [22m[2mon_table_pulled callback[2m > [22m[2mdoes not invoke on_table_pulled when timestamp is unchanged
[22m[39m[RealtimeSync] Started watching 2 tables for remote changes

[90mstdout[2m | src/lib/infrastructure/sync/convexRealtimeSync.test.ts[2m > [22m[2mConvexRealtimeSync[2m > [22m[2mon_table_pulled callback[2m > [22m[2mworks correctly when on_table_pulled is not provided (optional)
[22m[39m[RealtimeSync] Started watching 2 tables for remote changes
[RealtimeSync] teams changed remotely (2024-01-01T00:00:00.000Z → 2024-06-01T00:00:00.000Z), triggering pull

[90mstdout[2m | src/lib/infrastructure/sync/convexRealtimeSync.test.ts[2m > [22m[2mConvexRealtimeSync[2m > [22m[2mon_table_pulled callback[2m > [22m[2mreceives the table_name for the table that actually changed
[22m[39m[RealtimeSync] Started watching 2 tables for remote changes
[RealtimeSync] players changed remotely (2024-01-01T00:00:00.000Z → 2024-06-01T00:00:00.000Z), triggering pull

 [32m✓[39m src/lib/infrastructure/sync/convexRealtimeSync.test.ts [2m([22m[2m23 tests[22m[2m)[22m[32m 22[2mms[22m[39m
 [32m✓[39m src/lib/presentation/logic/entityDisplayFormatter.test.ts [2m([22m[2m26 tests[22m[2m)[22m[32m 8[2mms[22m[39m
 [32m✓[39m src/lib/core/usecases/PlayerTeamMembershipUseCases.test.ts [2m([22m[2m14 tests[22m[2m)[22m[32m 6[2mms[22m[39m
 [32m✓[39m src/lib/presentation/logic/competitionEditWorkspaceControllerDependencies.test.ts [2m([22m[2m1 test[22m[2m)[22m[32m 16[2mms[22m[39m
 [32m✓[39m src/lib/core/usecases/IdentificationUseCases.test.ts [2m([22m[2m12 tests[22m[2m)[22m[32m 15[2mms[22m[39m
 [32m✓[39m src/lib/presentation/logic/competitionCreatePageState.test.ts [2m([22m[2m7 tests[22m[2m)[22m[32m 9[2mms[22m[39m
 [32m✓[39m src/lib/presentation/logic/systemUserFormLogic.test.ts [2m([22m[2m23 tests[22m[2m)[22m[32m 8[2mms[22m[39m
[90mstdout[2m | src/lib/presentation/logic/layoutSessionFlows.test.ts[2m > [22m[2mlayoutSessionFlows[2m > [22m[2mcompletes first-time anonymous setup
[22m[39m[Layout] First-time anonymous user setup complete { event: [32m'anonymous_first_time_setup_complete'[39m }

[90mstdout[2m | src/lib/presentation/logic/layoutSessionFlows.test.ts[2m > [22m[2mlayoutSessionFlows[2m > [22m[2mrestores returning anonymous users without syncing
[22m[39m[Layout] Returning anonymous user session restored { event: [32m'anonymous_returning_session_restored'[39m }

[90mstdout[2m | src/lib/presentation/logic/layoutSessionFlows.test.ts[2m > [22m[2mlayoutSessionFlows[2m > [22m[2mrestores verified users on reload and triggers a full sync
[22m[39m[Layout] Verified user page reload — session restored { event: [32m'verified_user_page_reload_complete'[39m }

[90mstderr[2m | src/lib/presentation/logic/layoutSessionFlows.test.ts[2m > [22m[2mlayoutSessionFlows[2m > [22m[2mfails login sync when no profile is returned and redirects to unauthorized
[22m[39m[Layout] No Convex profile found for signed-in user { event: [32m'login_profile_not_found'[39m, error: [32m'no_profile_data'[39m }

[90mstderr[2m | src/lib/presentation/logic/layoutSessionFlows.test.ts[2m > [22m[2mlayoutSessionFlows[2m > [22m[2mfails login sync when the initial pull sync fails and redirects back to sign-in
[22m[39m[Layout] Login sync failed { event: [32m'login_sync_failed'[39m, error: [32m'Sync failed: network'[39m }

[90mstdout[2m | src/lib/presentation/logic/layoutSessionFlows.test.ts[2m > [22m[2mlayoutSessionFlows[2m > [22m[2mcompletes verified user login sync and restarts background sync
[22m[39m[Layout] Verified user login sync complete { event: [32m'verified_user_login_sync_complete'[39m }

 [32m✓[39m src/lib/presentation/logic/layoutSessionFlows.test.ts [2m([22m[2m6 tests[22m[2m)[22m[32m 15[2mms[22m[39m
[90mstderr[2m | src/lib/core/entities/ProfileLink.test.ts[2m > [22m[2mProfileLink[2m > [22m[2mvalidate_profile_link_input[2m > [22m[2mvalidates url format
[22m[39m[ProfileLink] URL validation failed { event: [32m'url_validation_failed'[39m, error: [32m'TypeError: Invalid URL'[39m }

 [32m✓[39m src/lib/core/entities/ProfileLink.test.ts [2m([22m[2m29 tests[22m[2m)[22m[32m 9[2mms[22m[39m
 [32m✓[39m src/lib/core/entities/PlayerProfile.test.ts [2m([22m[2m19 tests[22m[2m)[22m[32m 5[2mms[22m[39m
 [32m✓[39m src/lib/presentation/logic/layoutLogic.test.ts [2m([22m[2m41 tests[22m[2m)[22m[32m 12[2mms[22m[39m
[90mstdout[2m | src/lib/core/services/fixtureDetailsAutoSetup.test.ts[2m > [22m[2mauto_create_fixture_details_setup[2m > [22m[2mcreates fixture details with populated data
[22m[39m[DEBUG fixtureDetailsAutoSetup] Starting auto-create for fixture: fixture-1

[90mstdout[2m | src/lib/core/services/fixtureDetailsAutoSetup.test.ts[2m > [22m[2mauto_create_fixture_details_setup[2m > [22m[2mcreates fixture details with populated data
[22m[39m[DEBUG fixtureDetailsAutoSetup] Auto-populated data built, creating fixture details setup

[90mstdout[2m | src/lib/core/services/fixtureDetailsAutoSetup.test.ts[2m > [22m[2mauto_create_fixture_details_setup[2m > [22m[2mcreates fixture details with populated data
[22m[39m[DEBUG fixtureDetailsAutoSetup] Successfully created fixture details setup: details-1

[90mstdout[2m | src/lib/core/services/fixtureDetailsAutoSetup.test.ts[2m > [22m[2mauto_create_fixture_details_setup[2m > [22m[2mcreates fixture details with populated data
[22m[39mlist_jerseys_by_entity calls: [
  [ [32m'team'[39m, [32m'home-1'[39m ],
  [ [32m'team'[39m, [32m'away-1'[39m ],
  [ [32m'competition_official'[39m, [32m'comp-1'[39m ]
]
list calls: []

[90mstdout[2m | src/lib/core/services/fixtureDetailsAutoSetup.test.ts[2m > [22m[2mauto_create_fixture_details_setup[2m > [22m[2mreturns failure if create fails
[22m[39m[DEBUG fixtureDetailsAutoSetup] Starting auto-create for fixture: fixture-1

[90mstdout[2m | src/lib/core/services/fixtureDetailsAutoSetup.test.ts[2m > [22m[2mauto_create_fixture_details_setup[2m > [22m[2mreturns failure if create fails
[22m[39m[DEBUG fixtureDetailsAutoSetup] Auto-populated data built, creating fixture details setup

[90mstdout[2m | src/lib/core/services/fixtureDetailsAutoSetup.test.ts[2m > [22m[2mauto_create_fixture_details_setup[2m > [22m[2mreturns failure if create fails
[22m[39m[DEBUG fixtureDetailsAutoSetup] Failed to create fixture details setup: fail

[90mstdout[2m | src/lib/core/services/fixtureDetailsAutoSetup.test.ts[2m > [22m[2mauto_create_fixture_details_setup[2m > [22m[2mreturns failure if create fails
[22m[39mlist_jerseys_by_entity calls: [
  [ [32m'team'[39m, [32m'home-1'[39m ],
  [ [32m'team'[39m, [32m'away-1'[39m ],
  [ [32m'competition_official'[39m, [32m'comp-1'[39m ]
]
list calls: []

[90mstdout[2m | src/lib/core/services/fixtureDetailsAutoSetup.test.ts[2m > [22m[2mauto_create_fixture_details_setup[2m > [22m[2mreturns empty assigned_officials if no officials or roles
[22m[39m[DEBUG fixtureDetailsAutoSetup] Starting auto-create for fixture: fixture-1

[90mstdout[2m | src/lib/core/services/fixtureDetailsAutoSetup.test.ts[2m > [22m[2mauto_create_fixture_details_setup[2m > [22m[2mreturns empty assigned_officials if no officials or roles
[22m[39m[DEBUG fixtureDetailsAutoSetup] Auto-populated data built, creating fixture details setup

[90mstdout[2m | src/lib/core/services/fixtureDetailsAutoSetup.test.ts[2m > [22m[2mauto_create_fixture_details_setup[2m > [22m[2mreturns empty assigned_officials if no officials or roles
[22m[39m[DEBUG fixtureDetailsAutoSetup] Successfully created fixture details setup: details-1

[90mstdout[2m | src/lib/core/services/fixtureDetailsAutoSetup.test.ts[2m > [22m[2mauto_create_fixture_details_setup[2m > [22m[2mreturns empty assigned_officials if no officials or roles
[22m[39mlist_jerseys_by_entity calls: [
  [ [32m'team'[39m, [32m'home-1'[39m ],
  [ [32m'team'[39m, [32m'away-1'[39m ],
  [ [32m'competition_official'[39m, [32m'comp-1'[39m ]
]
list calls: []

 [32m✓[39m src/lib/presentation/logic/bulkPlayerAssignmentPageData.test.ts [2m([22m[2m3 tests[22m[2m)[22m[32m 4[2mms[22m[39m
[90mstdout[2m | src/lib/adapters/iam/ClerkAuthenticationAdapter.test.ts[2m > [22m[2mClerkAuthenticationAdapter[2m > [22m[2mgenerate_token[2m > [22m[2mshould return a token using the clerk session token
[22m[39m[ClerkAuthenticationAdapter] Generated token {
  event: [32m'clerk_token_generated'[39m,
  user_id: [32m'clerk-user-123'[39m,
  role: [32m'team_manager'[39m
}

[90mstdout[2m | src/lib/core/services/fixtureDetailsAutoSetup.test.ts[2m > [22m[2mauto_create_fixture_details_setup[2m > [22m[2mfails if home team jersey is missing
[22m[39m[DEBUG fixtureDetailsAutoSetup] Starting auto-create for fixture: fixture-1

[90mstdout[2m | src/lib/core/services/fixtureDetailsAutoSetup.test.ts[2m > [22m[2mauto_create_fixture_details_setup[2m > [22m[2mfails if home team jersey is missing
[22m[39mlist_jerseys_by_entity calls: [
  [ [32m'team'[39m, [32m'home-1'[39m ],
  [ [32m'team'[39m, [32m'away-1'[39m ],
  [ [32m'competition_official'[39m, [32m'comp-1'[39m ]
]
list calls: []

[90mstdout[2m | src/lib/core/services/fixtureDetailsAutoSetup.test.ts[2m > [22m[2mauto_create_fixture_details_setup[2m > [22m[2mfails if away team jersey is missing
[22m[39m[DEBUG fixtureDetailsAutoSetup] Starting auto-create for fixture: fixture-1

[90mstdout[2m | src/lib/core/services/fixtureDetailsAutoSetup.test.ts[2m > [22m[2mauto_create_fixture_details_setup[2m > [22m[2mfails if away team jersey is missing
[22m[39mlist_jerseys_by_entity calls: [
  [ [32m'team'[39m, [32m'home-1'[39m ],
  [ [32m'team'[39m, [32m'away-1'[39m ],
  [ [32m'competition_official'[39m, [32m'comp-1'[39m ]
]
list calls: []

[90mstdout[2m | src/lib/core/services/fixtureDetailsAutoSetup.test.ts[2m > [22m[2mauto_create_fixture_details_setup[2m > [22m[2mfails if official jersey is missing
[22m[39m[DEBUG fixtureDetailsAutoSetup] Starting auto-create for fixture: fixture-1

[90mstdout[2m | src/lib/adapters/iam/authProfileRouting.test.ts[2m > [22m[2mauthProfileRouting[2m > [22m[2mreturns cached sidebar menus without re-verifying tokens
[22m[39m[LocalAuthorizationAdapter] Cache HIT for sidebar menu

[90mstdout[2m | src/lib/adapters/iam/ClerkAuthenticationAdapter.test.ts[2m > [22m[2mClerkAuthenticationAdapter[2m > [22m[2mgenerate_token[2m > [22m[2mshould populate issued_at and expires_at timestamps
[22m[39m[ClerkAuthenticationAdapter] Generated token {
  event: [32m'clerk_token_generated'[39m,
  user_id: [32m'clerk-user-123'[39m,
  role: [32m'team_manager'[39m
}

[90mstdout[2m | src/lib/core/services/fixtureDetailsAutoSetup.test.ts[2m > [22m[2mauto_create_fixture_details_setup[2m > [22m[2mfails if official jersey is missing
[22m[39mlist_jerseys_by_entity calls: [
  [ [32m'team'[39m, [32m'home-1'[39m ],
  [ [32m'team'[39m, [32m'away-1'[39m ],
  [ [32m'competition_official'[39m, [32m'comp-1'[39m ]
]
list calls: []

[90mstdout[2m | src/lib/core/services/fixtureDetailsAutoSetup.test.ts[2m > [22m[2mauto_create_fixture_details_setup[2m > [22m[2mfails if officials are missing
[22m[39m[DEBUG fixtureDetailsAutoSetup] Starting auto-create for fixture: fixture-1

[90mstdout[2m | src/lib/adapters/iam/ClerkAuthenticationAdapter.test.ts[2m > [22m[2mClerkAuthenticationAdapter[2m > [22m[2mverify_token[2m > [22m[2mshould return valid result when clerk session is active
[22m[39m[ClerkAuthenticationAdapter] Verified token { event: [32m'clerk_token_verified'[39m, user_id: [32m'clerk-user-123'[39m }

[90mstdout[2m | src/lib/adapters/iam/authProfileRouting.test.ts[2m > [22m[2mauthProfileRouting[2m > [22m[2mbuilds and caches sidebar menus for verified profiles
[22m[39m[LocalAuthorizationAdapter] Getting sidebar menu for role: org_admin, returned 8 groups

[90mstdout[2m | src/lib/core/services/fixtureDetailsAutoSetup.test.ts[2m > [22m[2mauto_create_fixture_details_setup[2m > [22m[2mfails if officials are missing
[22m[39mlist_jerseys_by_entity calls: [
  [ [32m'team'[39m, [32m'home-1'[39m ],
  [ [32m'team'[39m, [32m'away-1'[39m ],
  [ [32m'competition_official'[39m, [32m'comp-1'[39m ]
]
list calls: []

[90mstdout[2m | src/lib/core/services/fixtureDetailsAutoSetup.test.ts[2m > [22m[2mauto_create_fixture_details_setup[2m > [22m[2mfails if official roles are missing
[22m[39m[DEBUG fixtureDetailsAutoSetup] Starting auto-create for fixture: fixture-1

[90mstdout[2m | src/lib/core/services/fixtureDetailsAutoSetup.test.ts[2m > [22m[2mauto_create_fixture_details_setup[2m > [22m[2mfails if official roles are missing
[22m[39mlist_jerseys_by_entity calls: [
  [ [32m'team'[39m, [32m'home-1'[39m ],
  [ [32m'team'[39m, [32m'away-1'[39m ],
  [ [32m'competition_official'[39m, [32m'comp-1'[39m ]
]
list calls: []

[90mstdout[2m | src/lib/adapters/iam/ClerkAuthenticationAdapter.test.ts[2m > [22m[2mClerkAuthenticationAdapter[2m > [22m[2mverify_token[2m > [22m[2mshould return invalid result when clerk user is not signed in
[22m[39m[ClerkAuthenticationAdapter] No active Clerk session for verification

[90mstdout[2m | src/lib/adapters/iam/ClerkAuthenticationAdapter.test.ts[2m > [22m[2mClerkAuthenticationAdapter[2m > [22m[2mverify_token[2m > [22m[2mshould return invalid result when clerk user is null
[22m[39m[ClerkAuthenticationAdapter] Clerk session active but no user data available

[90mstdout[2m | src/lib/adapters/iam/ClerkAuthenticationAdapter.test.ts[2m > [22m[2mClerkAuthenticationAdapter[2m > [22m[2mverify_token[2m > [22m[2mshould cache successful verification results
[22m[39m[ClerkAuthenticationAdapter] Verified token { event: [32m'clerk_token_verified'[39m, user_id: [32m'clerk-user-123'[39m }

[90mstdout[2m | src/lib/adapters/iam/ClerkAuthenticationAdapter.test.ts[2m > [22m[2mClerkAuthenticationAdapter[2m > [22m[2mverify_token[2m > [22m[2mshould cache successful verification results
[22m[39m[ClerkAuthenticationAdapter] Cache HIT for token verification

[90mstdout[2m | src/lib/adapters/iam/ClerkAuthenticationAdapter.test.ts[2m > [22m[2mClerkAuthenticationAdapter[2m > [22m[2mverify_token[2m > [22m[2mshould not cache failed verification results
[22m[39m[ClerkAuthenticationAdapter] No active Clerk session for verification

[90mstdout[2m | src/lib/adapters/iam/ClerkAuthenticationAdapter.test.ts[2m > [22m[2mClerkAuthenticationAdapter[2m > [22m[2mverify_token[2m > [22m[2mshould not cache failed verification results
[22m[39m[ClerkAuthenticationAdapter] Verified token { event: [32m'clerk_token_verified'[39m, user_id: [32m'clerk-user-123'[39m }

[90mstdout[2m | src/lib/adapters/iam/ClerkAuthenticationAdapter.test.ts[2m > [22m[2mClerkAuthenticationAdapter[2m > [22m[2mverify_token[2m > [22m[2mshould include user identity in verification payload without a role
[22m[39m[ClerkAuthenticationAdapter] Verified token { event: [32m'clerk_token_verified'[39m, user_id: [32m'clerk-user-123'[39m }

 [32m✓[39m src/lib/core/services/fixtureDetailsAutoSetup.test.ts [2m([22m[2m8 tests[22m[2m)[22m[32m 11[2mms[22m[39m
 [32m✓[39m src/lib/adapters/iam/authProfileRouting.test.ts [2m([22m[2m3 tests[22m[2m)[22m[32m 8[2mms[22m[39m
 [32m✓[39m src/lib/adapters/iam/ClerkAuthenticationAdapter.test.ts [2m([22m[2m10 tests[22m[2m)[22m[32m 12[2mms[22m[39m
 [32m✓[39m src/lib/core/usecases/OfficialUseCases.test.ts [2m([22m[2m13 tests[22m[2m)[22m[32m 14[2mms[22m[39m
 [32m✓[39m src/lib/core/usecases/VenueUseCases.test.ts [2m([22m[2m12 tests[22m[2m)[22m[32m 8[2mms[22m[39m
 [32m✓[39m src/lib/presentation/stores/syncStoreResolveConflict.test.ts [2m([22m[2m3 tests[22m[2m)[22m[32m 9[2mms[22m[39m
 [32m✓[39m src/lib/presentation/logic/dynamicEntityFormInitialization.test.ts [2m([22m[2m5 tests[22m[2m)[22m[32m 4[2mms[22m[39m
 [32m✓[39m src/lib/presentation/logic/dynamicEntityListControllerCrud.test.ts [2m([22m[2m4 tests[22m[2m)[22m[32m 6[2mms[22m[39m
 [32m✓[39m src/lib/core/usecases/CompetitionFormatUseCases.test.ts [2m([22m[2m12 tests[22m[2m)[22m[32m 11[2mms[22m[39m
 [32m✓[39m src/lib/presentation/logic/competitionCreatePageSubmit.test.ts [2m([22m[2m3 tests[22m[2m)[22m[32m 7[2mms[22m[39m
[90mstdout[2m | src/lib/presentation/logic/entityCrudWrapperRuntime.test.ts[2m > [22m[2mentityCrudWrapperRuntime[2m > [22m[2mnavigates special create flows and switches views for normal entities
[22m[39m[EntityCrudWrapper] Create requested for: Fixture Lineup
[EntityCrudWrapper] Create requested for: Fixture Lineup
[EntityCrudWrapper] Create requested for: Fixture Lineup
[EntityCrudWrapper] Switching view: { from: [32m'list'[39m, to: [32m'create'[39m, entity_type: [32m'Fixture Lineup'[39m }

[90mstdout[2m | src/lib/presentation/logic/entityCrudWrapperRuntime.test.ts[2m > [22m[2mentityCrudWrapperRuntime[2m > [22m[2mtracks edit, delete, selection, and list-count events
[22m[39m[EntityCrudWrapper] Edit requested for: Fixture Lineup entity-1
[EntityCrudWrapper] Switching view: { from: [32m'list'[39m, to: [32m'edit'[39m, entity_type: [32m'Fixture Lineup'[39m }
[EntityCrudWrapper] Entity deleted: entity-1
[EntityCrudWrapper] Entities batch deleted: [33m2[39m

[90mstdout[2m | src/lib/presentation/logic/entityCrudWrapperRuntime.test.ts[2m > [22m[2mentityCrudWrapperRuntime[2m > [22m[2mdispatches save events and returns to the list or redirect target
[22m[39m[EntityCrudWrapper] Save completed: { entity_type: [32m'Fixture Lineup'[39m, entity_id: [32m'entity-1'[39m, is_new: [33mtrue[39m }
[EntityCrudWrapper] Switching view: { from: [32m'list'[39m, to: [32m'list'[39m, entity_type: [32m'Fixture Lineup'[39m }
[EntityCrudWrapper] Form cancelled
[EntityCrudWrapper] Switching view: { from: [32m'list'[39m, to: [32m'list'[39m, entity_type: [32m'Fixture Lineup'[39m }
[EntityCrudWrapper] Switching view: { from: [32m'list'[39m, to: [32m'list'[39m, entity_type: [32m'Fixture Lineup'[39m }
[EntityCrudWrapper] Save completed: { entity_type: [32m'Fixture Lineup'[39m, entity_id: [32m'entity-1'[39m, is_new: [33mfalse[39m }

 [32m✓[39m src/lib/core/entities/Activity.test.ts [2m([22m[2m25 tests[22m[2m)[22m[32m 10[2mms[22m[39m
 [32m✓[39m src/lib/presentation/logic/competitionResultsWorkspaceControllerRuntime.test.ts [2m([22m[2m5 tests[22m[2m)[22m[32m 9[2mms[22m[39m
 [32m✓[39m src/lib/presentation/logic/entityCrudWrapperRuntime.test.ts [2m([22m[2m3 tests[22m[2m)[22m[32m 9[2mms[22m[39m
[90mstdout[2m | src/lib/infrastructure/cache/AuthCacheInvalidator.test.ts[2m > [22m[2mAuthCacheInvalidator[2m > [22m[2mstart[2m > [22m[2mshould subscribe to auth-related convex queries
[22m[39m[AuthCacheInvalidator] Started watching 1 auth queries for changes

[90mstdout[2m | src/lib/infrastructure/cache/AuthCacheInvalidator.test.ts[2m > [22m[2mAuthCacheInvalidator[2m > [22m[2mstart[2m > [22m[2mshould return false if already started
[22m[39m[AuthCacheInvalidator] Started watching 1 auth queries for changes

[90mstdout[2m | src/lib/infrastructure/cache/AuthCacheInvalidator.test.ts[2m > [22m[2mAuthCacheInvalidator[2m > [22m[2mcache invalidation on subscription change[2m > [22m[2mshould clear all registered caches when user profile changes
[22m[39m[AuthCacheInvalidator] Started watching 1 auth queries for changes
[AuthCacheInvalidator] Auth data changed, invalidated 2 cached entries

[90mstdout[2m | src/lib/infrastructure/cache/AuthCacheInvalidator.test.ts[2m > [22m[2mAuthCacheInvalidator[2m > [22m[2mstop[2m > [22m[2mshould unsubscribe from all convex queries
[22m[39m[AuthCacheInvalidator] Started watching 1 auth queries for changes
[AuthCacheInvalidator] Stopped watching auth queries

[90mstdout[2m | src/lib/infrastructure/cache/AuthCacheInvalidator.test.ts[2m > [22m[2mAuthCacheInvalidator[2m > [22m[2mstop[2m > [22m[2mshould allow restarting after stop
[22m[39m[AuthCacheInvalidator] Started watching 1 auth queries for changes
[AuthCacheInvalidator] Stopped watching auth queries
[AuthCacheInvalidator] Started watching 1 auth queries for changes

[90mstdout[2m | src/lib/infrastructure/cache/AuthCacheInvalidator.test.ts[2m > [22m[2mAuthCacheInvalidator[2m > [22m[2mis_running[2m > [22m[2mshould return true after start
[22m[39m[AuthCacheInvalidator] Started watching 1 auth queries for changes

 [32m✓[39m src/lib/presentation/logic/dynamicEntityFormSubmitFlow.test.ts [2m([22m[2m4 tests[22m[2m)[22m[32m 7[2mms[22m[39m
[90mstdout[2m | src/lib/infrastructure/cache/AuthCacheInvalidator.test.ts[2m > [22m[2mAuthCacheInvalidator[2m > [22m[2mis_running[2m > [22m[2mshould return false after stop
[22m[39m[AuthCacheInvalidator] Started watching 1 auth queries for changes
[AuthCacheInvalidator] Stopped watching auth queries

 [32m✓[39m src/lib/infrastructure/cache/AuthCacheInvalidator.test.ts [2m([22m[2m9 tests[22m[2m)[22m[32m 8[2mms[22m[39m
[90mstdout[2m | src/lib/presentation/stores/authInitializationHelpers.test.ts[2m > [22m[2mauthInitializationHelpers[2m > [22m[2mwaits for clerk to load before resolving
[22m[39m[AuthStore] Waiting for Clerk to load before initializing...

[90mstderr[2m | src/lib/presentation/stores/authInitializationHelpers.test.ts[2m > [22m[2mauthInitializationHelpers[2m > [22m[2mreturns null and clears storage when anonymous restore fails token validation
[22m[39m[AuthStore] Saved token invalid or profile missing — clearing and defaulting to public viewer { event: [32m'auth_saved_token_invalid_on_anonymous_restore'[39m }

[90mstdout[2m | src/lib/presentation/stores/authInitializationHelpers.test.ts[2m > [22m[2mauthInitializationHelpers[2m > [22m[2mrestores anonymous sessions when the saved token matches an available profile
[22m[39m[AuthStore] Restored switched profile from saved token {
  event: [32m'auth_switched_profile_restored'[39m,
  display_name: [32m'Admin User'[39m,
  role: [32m'org_admin'[39m
}

[90mstdout[2m | src/lib/presentation/stores/authInitializationHelpers.test.ts[2m > [22m[2mauthInitializationHelpers[2m > [22m[2mcreates the default anonymous state from the public viewer profile
[22m[39m[AuthStore] User not signed in, defaulting to public viewer { event: [32m'auth_defaulted_to_public_viewer'[39m }

[90mstderr[2m | src/lib/presentation/stores/authInitializationHelpers.test.ts[2m > [22m[2mauthInitializationHelpers[2m > [22m[2mrejects signed-in restoration when the saved token belongs to a different clerk user
[22m[39m[AuthStore] Saved token belongs to a different user (token: admin@example.com, clerk: other@example.com). Clearing stale token.

[90mstdout[2m | src/lib/presentation/stores/authInitializationHelpers.test.ts[2m > [22m[2mauthInitializationHelpers[2m > [22m[2mrestores signed-in sessions when the token and clerk user match
[22m[39m[AuthStore] Restored session for profile: Admin User

 [32m✓[39m src/lib/presentation/stores/authInitializationHelpers.test.ts [2m([22m[2m8 tests[22m[2m)[22m[32m 10[2mms[22m[39m
[90mstdout[2m | src/lib/presentation/logic/competitionTeamDataFetcher.test.ts[2m > [22m[2mcompetitionTeamDataFetcher[2m > [22m[2mloads and filters competition teams while honoring an exclusion field
[22m[39m[DataLoader] Loaded competition teams {
  competition_id: [32m'competition-1'[39m,
  total: [33m2[39m,
  filtered: [33m1[39m,
  exclude_field: [32m'away_team_id'[39m,
  exclude_value: [32m'team-2'[39m
}

[90mstdout[2m | src/lib/presentation/logic/competitionTeamDataFetcher.test.ts[2m > [22m[2mcompetitionTeamDataFetcher[2m > [22m[2mreturns membership teams and auto-selects the first team when no current value exists
[22m[39m[DataLoader] Loaded player membership teams { player_id: [32m'player-1'[39m, total_memberships: [33m1[39m, team_count: [33m1[39m }

[90mstdout[2m | src/lib/presentation/logic/competitionTeamDataFetcher.test.ts[2m > [22m[2mcompetitionTeamDataFetcher[2m > [22m[2mfilters out current memberships and mismatched genders when loading available teams
[22m[39m[DataLoader] Resolved player gender from cache {
  player_id: [32m'player-1'[39m,
  player_found: [33mtrue[39m,
  player_gender_id: [32m'gender-1'[39m
}
[DataLoader] Loaded teams excluding player memberships {
  player_id: [32m'player-1'[39m,
  player_gender_id: [32m'gender-1'[39m,
  total_memberships: [33m1[39m,
  total_teams: [33m4[39m,
  available_count: [33m1[39m
}

[90mstdout[2m | src/lib/presentation/logic/competitionTeamDataFetcher.test.ts[2m > [22m[2mcompetitionTeamDataFetcher[2m > [22m[2mcomputes exclusions locally and resolves the selected team venue name when available
[22m[39m[DataLoader] Resolved home venue name: National Stadium

[90mstderr[2m | src/lib/presentation/stores/authHelpers.test.ts[2m > [22m[2mauthHelpers[2m > [22m[2mloads the current user profile from convex and surfaces query failures
[22m[39m[AuthStore] Convex profile query failed: query failed

 [32m✓[39m src/lib/presentation/logic/competitionTeamDataFetcher.test.ts [2m([22m[2m5 tests[22m[2m)[22m[32m 8[2mms[22m[39m
 [32m✓[39m src/lib/infrastructure/sync/cspHeaderValidation.test.ts [2m([22m[2m10 tests[22m[2m)[22m[32m 4[2mms[22m[39m
[90mstderr[2m | src/lib/presentation/stores/authHelpers.test.ts[2m > [22m[2mauthHelpers[2m > [22m[2mgenerates tokens for profiles and returns failures when generation fails
[22m[39m[AuthStore] Failed to generate token: token failed

 [32m✓[39m src/lib/presentation/logic/competitionCreatePageControllerRuntime.test.ts [2m([22m[2m4 tests[22m[2m)[22m[32m 8[2mms[22m[39m
[90mstderr[2m | src/lib/presentation/stores/authHelpers.test.ts[2m > [22m[2mauthHelpers[2m > [22m[2msyncs event-bus user context and loads sidebar menus for a role
[22m[39m[AuthStore] Failed to load sidebar menu: menu failed

 [31m❯[39m src/lib/presentation/stores/authHelpers.test.ts [2m([22m[2m8 tests[22m[2m | [22m[31m1 failed[39m[2m)[22m[32m 17[2mms[22m[39m
     [32m✓[39m returns a failure result when the convex client is unavailable[32m 2[2mms[22m[39m
     [32m✓[39m loads the current user profile from convex and surfaces query failures[32m 2[2mms[22m[39m
     [32m✓[39m reads, writes, and clears saved auth storage keys[32m 1[2mms[22m[39m
[31m     [31m×[31m creates a public viewer profile and prepends it only once[39m[32m 9[2mms[22m[39m
     [32m✓[39m generates tokens for profiles and returns failures when generation fails[32m 1[2mms[22m[39m
     [32m✓[39m generates public viewer tokens with anonymous scope values[32m 1[2mms[22m[39m
     [32m✓[39m fails before token generation when the profile identifiers are invalid[32m 0[2mms[22m[39m
     [32m✓[39m syncs event-bus user context and loads sidebar menus for a role[32m 0[2mms[22m[39m
 [32m✓[39m src/lib/core/entities/CompetitionStage.test.ts [2m([22m[2m19 tests[22m[2m)[22m[32m 9[2mms[22m[39m
 [32m✓[39m src/lib/infrastructure/sync/conflictAuditService.test.ts [2m([22m[2m29 tests[22m[2m)[22m[32m 11[2mms[22m[39m
 [32m✓[39m src/lib/presentation/logic/dynamicEntityListControllerRuntimeCrud.test.ts [2m([22m[2m4 tests[22m[2m)[22m[32m 7[2mms[22m[39m
 [32m✓[39m src/lib/presentation/logic/fixtureLineupDetailPageControllerRuntime.test.ts [2m([22m[2m5 tests[22m[2m)[22m[32m 10[2mms[22m[39m
 [32m✓[39m src/lib/core/interfaces/ports/external/iam/permissionSync.test.ts [2m([22m[2m44 tests[22m[2m)[22m[32m 9[2mms[22m[39m
 [32m✓[39m src/lib/presentation/logic/fixtureLineupCreateDataReference.test.ts [2m([22m[2m2 tests[22m[2m)[22m[32m 5[2mms[22m[39m
 [32m✓[39m src/lib/presentation/logic/competitionEditWorkspaceControllerRuntime.test.ts [2m([22m[2m4 tests[22m[2m)[22m[32m 8[2mms[22m[39m
[90mstdout[2m | src/lib/presentation/stores/initialSyncStore.test.ts[2m > [22m[2mclear_session_sync_flag[2m > [22m[2mremoves the session sync flag
[22m[39m[InitialSync] Session sync flag cleared - next login will trigger full sync { event: [32m'session_sync_flag_cleared'[39m }

[90mstdout[2m | src/lib/presentation/stores/initialSyncStore.test.ts[2m > [22m[2mclear_session_sync_flag[2m > [22m[2mafter clearing, has_session_been_synced returns false
[22m[39m[InitialSync] Session sync flag cleared - next login will trigger full sync { event: [32m'session_sync_flag_cleared'[39m }

[90mstdout[2m | src/lib/presentation/stores/initialSyncStore.test.ts[2m > [22m[2mclear_session_sync_flag[2m > [22m[2mcan be called multiple times without error
[22m[39m[InitialSync] Session sync flag cleared - next login will trigger full sync { event: [32m'session_sync_flag_cleared'[39m }

[90mstdout[2m | src/lib/presentation/stores/initialSyncStore.test.ts[2m > [22m[2mclear_session_sync_flag[2m > [22m[2mcan be called multiple times without error
[22m[39m[InitialSync] Session sync flag cleared - next login will trigger full sync { event: [32m'session_sync_flag_cleared'[39m }

[90mstdout[2m | src/lib/presentation/stores/initialSyncStore.test.ts[2m > [22m[2minitial_sync_store[2m > [22m[2mfull reset cycle: complete → clear_flag → has_session_been_synced returns false
[22m[39m[InitialSync] Session sync flag cleared - next login will trigger full sync { event: [32m'session_sync_flag_cleared'[39m }

 [32m✓[39m src/lib/presentation/stores/initialSyncStore.test.ts [2m([22m[2m14 tests[22m[2m)[22m[32m 9[2mms[22m[39m
 [32m✓[39m src/lib/presentation/logic/fixtureLineupCreatePageControllerRuntime.test.ts [2m([22m[2m4 tests[22m[2m)[22m[32m 9[2mms[22m[39m
 [32m✓[39m src/lib/core/usecases/SportUseCases.test.ts [2m([22m[2m12 tests[22m[2m)[22m[32m 11[2mms[22m[39m
 [32m✓[39m src/lib/core/entities/ActivityCategory.test.ts [2m([22m[2m22 tests[22m[2m)[22m[32m 11[2mms[22m[39m
 [32m✓[39m src/lib/presentation/logic/dynamicEntityListControllerInteractions.test.ts [2m([22m[2m3 tests[22m[2m)[22m[32m 11[2mms[22m[39m
 [32m✓[39m src/lib/presentation/logic/fixtureLineupCreatePageFlowHandlers.test.ts [2m([22m[2m6 tests[22m[2m)[22m[32m 6[2mms[22m[39m
 [32m✓[39m src/lib/presentation/logic/liveGameDetailControllerPeriodActions.test.ts [2m([22m[2m3 tests[22m[2m)[22m[32m 7[2mms[22m[39m
[90mstdout[2m | src/lib/infrastructure/sync/syncOrchestratorHelpers.test.ts[2m > [22m[2msyncOrchestratorHelpers[2m > [22m[2mverifies push auth and returns a failure result when unauthenticated
[22m[39m[Sync] Auth verified — Convex client is authenticated

[90mstderr[2m | src/lib/infrastructure/sync/syncOrchestratorHelpers.test.ts[2m > [22m[2msyncOrchestratorHelpers[2m > [22m[2mverifies push auth and returns a failure result when unauthenticated
[22m[39m[Sync] Auth verification failed: token missing

 [32m✓[39m src/lib/presentation/stores/conflictStore.test.ts [2m([22m[2m18 tests[22m[2m)[22m[32m 8[2mms[22m[39m
[90mstderr[2m | src/lib/infrastructure/sync/syncOrchestratorHelpers.test.ts[2m > [22m[2msyncOrchestratorHelpers[2m > [22m[2mloads remote table state and logs summaries
[22m[39m[Sync] Failed to get remote state {
  event: [32m'sync_remote_state_failed'[39m,
  table_name: [32m'teams'[39m,
  error: [32m'network'[39m
}

 [32m✓[39m src/lib/infrastructure/sync/syncOrchestratorHelpers.test.ts [2m([22m[2m3 tests[22m[2m)[22m[32m 9[2mms[22m[39m
 [32m✓[39m src/lib/presentation/logic/gameManageActions.test.ts [2m([22m[2m4 tests[22m[2m)[22m[32m 10[2mms[22m[39m
 [32m✓[39m src/lib/core/entities/Fixture.test.ts [2m([22m[2m20 tests[22m[2m)[22m[32m 6[2mms[22m[39m
 [32m✓[39m src/lib/presentation/logic/fixtureLineupCreateDataSubmit.test.ts [2m([22m[2m4 tests[22m[2m)[22m[32m 10[2mms[22m[39m
 [32m✓[39m src/lib/presentation/logic/dynamicEntityFormControllerFactory.test.ts [2m([22m[2m4 tests[22m[2m)[22m[32m 6[2mms[22m[39m
 [32m✓[39m src/lib/presentation/logic/managedGamePageControllerClock.test.ts [2m([22m[2m3 tests[22m[2m)[22m[32m 7[2mms[22m[39m
[90mstderr[2m | src/lib/infrastructure/sync/syncInlineFileRemediation.test.ts[2m > [22m[2msyncInlineFileRemediation[2m > [22m[2mpersists remediated records and restores hook suppression state
[22m[39m[Sync:Push] Remediated oversized inline file data {
  event: [32m'sync_inline_file_remediated'[39m,
  table_name: [32m'teams'[39m,
  record_ids: [ [32m'team-3'[39m ]
}

 [32m✓[39m src/lib/infrastructure/sync/syncInlineFileRemediation.test.ts [2m([22m[2m3 tests[22m[2m)[22m[32m 8[2mms[22m[39m
[90mstdout[2m | src/lib/presentation/logic/fixtureJerseyDataFetcher.test.ts[2m > [22m[2mfixtureJerseyDataFetcher[2m > [22m[2mfilters out fixtures that already have setup records
[22m[39m[DataLoader] Loaded fixtures without setup {
  event: [32m'fixtures_without_setup_loaded'[39m,
  organization_id: [32m'organization-1'[39m,
  total_fixtures: [33m2[39m,
  fixtures_with_setup: [33m1[39m,
  available_count: [33m1[39m
}

[90mstdout[2m | src/lib/presentation/logic/fixtureJerseyDataFetcher.test.ts[2m > [22m[2mfixtureJerseyDataFetcher[2m > [22m[2mreturns only completed fixtures for the current team when loading rating options
[22m[39m[DataLoader] Loaded fixtures for rating {
  event: [32m'fixtures_loaded_for_rating'[39m,
  organization_id: [32m'organization-1'[39m,
  team_id: [32m'team-home'[39m,
  total_fixtures: [33m3[39m,
  available_count: [33m1[39m
}

[90mstderr[2m | src/lib/presentation/logic/fixtureJerseyDataFetcher.test.ts[2m > [22m[2mfixtureJerseyDataFetcher[2m > [22m[2mreturns empty jersey options when the field has no filter config or required use cases are missing
[22m[39m[DataLoader] Missing use cases for filtered jersey options

[90mstdout[2m | src/lib/presentation/logic/fixtureJerseyDataFetcher.test.ts[2m > [22m[2mfixtureJerseyDataFetcher[2m > [22m[2mloads filtered jersey options from the resolved fixture holder
[22m[39m[DataLoader] Loaded filtered jersey options {
  field: [32m'home_jersey_id'[39m,
  filter_type: [32m'team_jersey_from_fixture'[39m,
  holder_type: [32m'team'[39m,
  count: [33m1[39m
}

 [32m✓[39m src/lib/presentation/logic/fixtureJerseyDataFetcher.test.ts [2m([22m[2m4 tests[22m[2m)[22m[32m 7[2mms[22m[39m
 [32m✓[39m src/lib/core/usecases/PlayerPositionUseCases.test.ts [2m([22m[2m11 tests[22m[2m)[22m[32m 9[2mms[22m[39m
[90mstderr[2m | src/lib/adapters/iam/authProfilePermissions.test.ts[2m > [22m[2mauthProfilePermissions[2m > [22m[2mresolves active user roles and rejects missing or inactive users
[22m[39m[LocalAuthorizationAdapter] User not found for email: missing@example.com

[90mstderr[2m | src/lib/adapters/iam/authProfilePermissions.test.ts[2m > [22m[2mauthProfilePermissions[2m > [22m[2mresolves active user roles and rejects missing or inactive users
[22m[39m[LocalAuthorizationAdapter] User account is inactive: inactive@example.com

 [32m✓[39m src/lib/presentation/logic/liveGameDetailActions.test.ts [2m([22m[2m3 tests[22m[2m)[22m[32m 8[2mms[22m[39m
[90mstdout[2m | src/lib/adapters/iam/authProfilePermissions.test.ts[2m > [22m[2mauthProfilePermissions[2m > [22m[2mreturns cached permissions without re-verifying the token
[22m[39m[LocalAuthorizationAdapter] Cache HIT for profile permissions

[90mstdout[2m | src/lib/adapters/iam/authProfilePermissions.test.ts[2m > [22m[2mauthProfilePermissions[2m > [22m[2mderives permissions from a verified token and caches the result
[22m[39m[LocalAuthorizationAdapter] Retrieved permissions for role: org_admin

 [32m✓[39m src/lib/presentation/logic/liveGameDetailLineupActions.test.ts [2m([22m[2m4 tests[22m[2m)[22m[32m 11[2mms[22m[39m
 [32m✓[39m src/lib/adapters/iam/authProfilePermissions.test.ts [2m([22m[2m4 tests[22m[2m)[22m[32m 7[2mms[22m[39m
 [32m✓[39m src/lib/presentation/logic/competitionEditWorkspaceActions.test.ts [2m([22m[2m3 tests[22m[2m)[22m[32m 10[2mms[22m[39m
[90mstderr[2m | src/lib/presentation/logic/matchReportPageDownload.test.ts[2m > [22m[2mmatchReportPageDownload[2m > [22m[2mreturns a failure result when report generation throws
[22m[39m[MatchReport] Download failed {
  event: [32m'match_report_download_failed'[39m,
  fixture_id: [32m'fixture-1'[39m,
  error: [32m'Error: boom'[39m
}

 [32m✓[39m src/lib/presentation/logic/matchReportPageDownload.test.ts [2m([22m[2m2 tests[22m[2m)[22m[32m 9[2mms[22m[39m
 [32m✓[39m src/lib/presentation/logic/liveGameDetailPageSessionActions.test.ts [2m([22m[2m3 tests[22m[2m)[22m[32m 8[2mms[22m[39m
 [32m✓[39m src/lib/adapters/repositories/InBrowserSystemUserRepository.test.ts [2m([22m[2m7 tests[22m[2m)[22m[32m 5[2mms[22m[39m
[90mstdout[2m | src/lib/presentation/logic/officialLeaderboardPageState.test.ts[2m > [22m[2mofficialLeaderboardPageState[2m > [22m[2mrebuilds entries and preselects the scoped official
[22m[39m[OfficialLeaderboard] Entries rebuilt {
  event: [32m'official_leaderboard_rebuilt'[39m,
  entry_count: [33m1[39m,
  organization_id: [32m'org_1'[39m
}
[OfficialLeaderboard] Official selected {
  event: [32m'official_leaderboard_entry_selected'[39m,
  official_id: [32m'official_1'[39m,
  rating_count: [33m1[39m
}

 [32m✓[39m src/lib/presentation/logic/officialLeaderboardLogic.test.ts [2m([22m[2m14 tests[22m[2m)[22m[32m 7[2mms[22m[39m
[90mstderr[2m | src/lib/presentation/logic/officialLeaderboardPageState.test.ts[2m > [22m[2mofficialLeaderboardPageState[2m > [22m[2mreturns a failure result when leaderboard data loading fails
[22m[39m[OfficialLeaderboard] Data load failed {
  event: [32m'official_leaderboard_load_failed'[39m,
  ratings_ok: [33mfalse[39m,
  officials_ok: [33mtrue[39m,
  fixtures_ok: [33mtrue[39m,
  stages_ok: [33mtrue[39m
}

[90mstdout[2m | src/lib/presentation/logic/officialLeaderboardPageState.test.ts[2m > [22m[2mofficialLeaderboardPageState[2m > [22m[2mloads leaderboard page state with resolved organizations and entries
[22m[39m[OfficialLeaderboard] Entries rebuilt {
  event: [32m'official_leaderboard_rebuilt'[39m,
  entry_count: [33m1[39m,
  organization_id: [32m'org_1'[39m
}
[OfficialLeaderboard] Official selected {
  event: [32m'official_leaderboard_entry_selected'[39m,
  official_id: [32m'official_1'[39m,
  rating_count: [33m1[39m
}

 [32m✓[39m src/lib/presentation/logic/officialLeaderboardPageState.test.ts [2m([22m[2m5 tests[22m[2m)[22m[32m 11[2mms[22m[39m
 [32m✓[39m src/lib/core/usecases/IdentificationTypeUseCases.test.ts [2m([22m[2m11 tests[22m[2m)[22m[32m 8[2mms[22m[39m
 [32m✓[39m src/lib/core/entities/ActivityHelpers.test.ts [2m([22m[2m3 tests[22m[2m)[22m[32m 8[2mms[22m[39m
 [32m✓[39m src/lib/presentation/logic/officialAssignmentLogic.test.ts [2m([22m[2m21 tests[22m[2m)[22m[32m 7[2mms[22m[39m
 [32m✓[39m src/lib/presentation/logic/bulkPlayerAssignmentPageControllerRuntime.test.ts [2m([22m[2m4 tests[22m[2m)[22m[32m 8[2mms[22m[39m
[90mstderr[2m | src/lib/infrastructure/sync/authMiddlewareSecurity.test.ts[2m > [22m[2mrequire_auth uniform failure responses (R38)[2m > [22m[2mreturns generic access denied when identity is missing
[22m[39m[Auth] Authentication failed { event: [32m'auth_failed'[39m, reason: [32m'no_identity'[39m }

[90mstderr[2m | src/lib/infrastructure/sync/authMiddlewareSecurity.test.ts[2m > [22m[2mrequire_auth uniform failure responses (R38)[2m > [22m[2mreturns generic access denied when email claim is missing
[22m[39m[Auth] Authentication failed { event: [32m'auth_failed'[39m, reason: [32m'no_email_claim'[39m }

[90mstderr[2m | src/lib/infrastructure/sync/authMiddlewareSecurity.test.ts[2m > [22m[2mrequire_auth uniform failure responses (R38)[2m > [22m[2mreturns generic access denied when user not found in system
[22m[39m[Auth] Authentication failed { event: [32m'auth_failed'[39m, reason: [32m'user_not_found'[39m }

[90mstderr[2m | src/lib/infrastructure/sync/authMiddlewareSecurity.test.ts[2m > [22m[2mrequire_auth uniform failure responses (R38)[2m > [22m[2mreturns generic access denied when user account is inactive
[22m[39m[Auth] Authentication failed { event: [32m'auth_failed'[39m, reason: [32m'account_inactive'[39m, user_id: [32m'user_1'[39m }

 [32m✓[39m src/lib/infrastructure/sync/authMiddlewareSecurity.test.ts [2m([22m[2m5 tests[22m[2m)[22m[32m 6[2mms[22m[39m
 [32m✓[39m src/lib/presentation/logic/managedGamePageActions.test.ts [2m([22m[2m3 tests[22m[2m)[22m[32m 5[2mms[22m[39m
 [32m✓[39m src/lib/presentation/logic/liveGameDetailControllerClock.test.ts [2m([22m[2m4 tests[22m[2m)[22m[32m 10[2mms[22m[39m
 [32m✓[39m src/lib/infrastructure/RepositoryContainerFactory.test.ts [2m([22m[2m1 test[22m[2m)[22m[32m 3[2mms[22m[39m
 [32m✓[39m src/lib/core/entities/OfficialPerformanceRating.test.ts [2m([22m[2m28 tests[22m[2m)[22m[32m 6[2mms[22m[39m
 [32m✓[39m src/lib/presentation/logic/dynamicEntityListControllerRuntime.test.ts [2m([22m[2m3 tests[22m[2m)[22m[32m 7[2mms[22m[39m
[90mstderr[2m | src/lib/presentation/logic/officialLeaderboardPageLoad.test.ts[2m > [22m[2mofficialLeaderboardPageLoad[2m > [22m[2mreturns a generic load error when any required leaderboard dataset fails
[22m[39m[OfficialLeaderboard] Data load failed {
  event: [32m'official_leaderboard_load_failed'[39m,
  ratings_ok: [33mfalse[39m,
  officials_ok: [33mtrue[39m,
  fixtures_ok: [33mtrue[39m,
  stages_ok: [33mtrue[39m
}

 [32m✓[39m src/lib/presentation/logic/officialLeaderboardPageLoad.test.ts [2m([22m[2m2 tests[22m[2m)[22m[32m 12[2mms[22m[39m
 [32m✓[39m src/lib/presentation/logic/liveGameDetailControllerRuntime.test.ts [2m([22m[2m1 test[22m[2m)[22m[32m 5[2mms[22m[39m
 [32m✓[39m src/lib/presentation/components/settings/settingsThemePatternSettingsLogic.test.ts [2m([22m[2m4 tests[22m[2m)[22m[32m 5[2mms[22m[39m
 [32m✓[39m src/lib/core/entities/TeamProfile.test.ts [2m([22m[2m18 tests[22m[2m)[22m[32m 5[2mms[22m[39m
[90mstderr[2m | src/lib/presentation/stores/authPermissions.test.ts[2m > [22m[2mauthPermissions[2m > [22m[2mreturns empty authorization metadata when no profile is available
[22m[39m[AuthStore] No profile available for authorization level check
[AuthStore] No profile available for authorization check

 [32m✓[39m src/lib/presentation/stores/authPermissions.test.ts [2m([22m[2m5 tests[22m[2m)[22m[32m 5[2mms[22m[39m
 [32m✓[39m src/lib/presentation/logic/dynamicEntityListRecords.test.ts [2m([22m[2m6 tests[22m[2m)[22m[32m 6[2mms[22m[39m
 [32m✓[39m src/lib/presentation/logic/settingsPageShellControllerRuntime.test.ts [2m([22m[2m4 tests[22m[2m)[22m[32m 7[2mms[22m[39m
 [32m✓[39m src/lib/presentation/logic/calendarPageActions.test.ts [2m([22m[2m4 tests[22m[2m)[22m[32m 6[2mms[22m[39m
 [32m✓[39m src/lib/presentation/logic/calendarPageShellControllerData.test.ts [2m([22m[2m4 tests[22m[2m)[22m[32m 5[2mms[22m[39m
 [32m✓[39m src/lib/core/usecases/GameOfficialRoleUseCases.test.ts [2m([22m[2m10 tests[22m[2m)[22m[32m 6[2mms[22m[39m
 [32m✓[39m src/lib/presentation/logic/managedGamePageControllerGameActions.test.ts [2m([22m[2m5 tests[22m[2m)[22m[32m 6[2mms[22m[39m
 [32m✓[39m src/lib/presentation/logic/dashboardStatsLogic.test.ts [2m([22m[2m12 tests[22m[2m)[22m[32m 7[2mms[22m[39m
 [32m✓[39m src/lib/presentation/logic/liveGamesPageFlow.test.ts [2m([22m[2m4 tests[22m[2m)[22m[32m 7[2mms[22m[39m
 [32m✓[39m src/lib/presentation/logic/dynamicEntityListControllerRuntimeView.test.ts [2m([22m[2m4 tests[22m[2m)[22m[32m 6[2mms[22m[39m
 [32m✓[39m src/lib/presentation/logic/sportFormEditorState.test.ts [2m([22m[2m6 tests[22m[2m)[22m[32m 6[2mms[22m[39m
 [32m✓[39m src/lib/presentation/logic/dynamicEntityListMutations.test.ts [2m([22m[2m5 tests[22m[2m)[22m[32m 7[2mms[22m[39m
 [32m✓[39m src/lib/core/services/fixtureLineupWizard.test.ts [2m([22m[2m15 tests[22m[2m)[22m[32m 6[2mms[22m[39m
 [32m✓[39m src/lib/presentation/logic/fixtureLineupCreateState.test.ts [2m([22m[2m6 tests[22m[2m)[22m[32m 5[2mms[22m[39m
 [32m✓[39m src/lib/core/services/genderMismatchCheck.test.ts [2m([22m[2m15 tests[22m[2m)[22m[32m 6[2mms[22m[39m
 [32m✓[39m src/lib/presentation/logic/dynamicEntityFormFieldCallbacks.test.ts [2m([22m[2m5 tests[22m[2m)[22m[32m 6[2mms[22m[39m
 [32m✓[39m src/lib/presentation/logic/calendarPageShellControllerRuntimeActivity.test.ts [2m([22m[2m4 tests[22m[2m)[22m[32m 8[2mms[22m[39m
 [32m✓[39m src/lib/presentation/logic/liveGameDetailPageGameActions.test.ts [2m([22m[2m3 tests[22m[2m)[22m[32m 7[2mms[22m[39m
 [32m✓[39m src/lib/presentation/logic/fixtureLineupDetailPageActions.test.ts [2m([22m[2m5 tests[22m[2m)[22m[32m 6[2mms[22m[39m
 [32m✓[39m src/lib/presentation/logic/helpPageContent.test.ts [2m([22m[2m5 tests[22m[2m)[22m[32m 5[2mms[22m[39m
 [32m✓[39m src/lib/presentation/stores/syncStoreDerived.test.ts [2m([22m[2m2 tests[22m[2m)[22m[32m 4[2mms[22m[39m
 [32m✓[39m src/lib/presentation/logic/liveGamesPageState.test.ts [2m([22m[2m6 tests[22m[2m)[22m[32m 9[2mms[22m[39m
 [32m✓[39m src/lib/core/usecases/TeamStaffRoleUseCases.test.ts [2m([22m[2m10 tests[22m[2m)[22m[32m 9[2mms[22m[39m
 [32m✓[39m src/lib/presentation/logic/calendarPageState.test.ts [2m([22m[2m5 tests[22m[2m)[22m[32m 7[2mms[22m[39m
 [32m✓[39m src/lib/presentation/logic/liveGameDetailPageActions.test.ts [2m([22m[2m3 tests[22m[2m)[22m[32m 7[2mms[22m[39m
 [32m✓[39m src/lib/presentation/logic/competitionStandingsTiebreakers.test.ts [2m([22m[2m2 tests[22m[2m)[22m[32m 3[2mms[22m[39m
 [32m✓[39m src/lib/presentation/logic/fixtureLineupCreatePageControllerUpdates.test.ts [2m([22m[2m3 tests[22m[2m)[22m[32m 4[2mms[22m[39m
 [32m✓[39m src/lib/presentation/logic/bulkImportCsv.test.ts [2m([22m[2m5 tests[22m[2m)[22m[32m 5[2mms[22m[39m
 [32m✓[39m src/lib/presentation/logic/liveGamesAutoSetupFlow.test.ts [2m([22m[2m4 tests[22m[2m)[22m[32m 6[2mms[22m[39m
 [32m✓[39m src/lib/core/usecases/GenderUseCases.test.ts [2m([22m[2m9 tests[22m[2m)[22m[32m 6[2mms[22m[39m
 [32m✓[39m src/lib/presentation/logic/fixtureLineupCreateDataTeam.test.ts [2m([22m[2m3 tests[22m[2m)[22m[32m 5[2mms[22m[39m
 [32m✓[39m src/lib/presentation/logic/teamPublicProfileDataLoaderSupport.test.ts [2m([22m[2m3 tests[22m[2m)[22m[32m 4[2mms[22m[39m
 [32m✓[39m src/lib/core/entities/GameEventLogHelpers.test.ts [2m([22m[2m3 tests[22m[2m)[22m[32m 4[2mms[22m[39m
 [32m✓[39m src/lib/presentation/logic/liveGamesStartFlowShared.test.ts [2m([22m[2m4 tests[22m[2m)[22m[32m 7[2mms[22m[39m
 [32m✓[39m src/lib/presentation/logic/competitionEditWorkspaceControllerState.test.ts [2m([22m[2m2 tests[22m[2m)[22m[32m 5[2mms[22m[39m
 [32m✓[39m src/lib/presentation/logic/fixtureLineupDetailPageState.test.ts [2m([22m[2m4 tests[22m[2m)[22m[32m 4[2mms[22m[39m
 [32m✓[39m src/lib/presentation/logic/liveGameDetailEventActions.test.ts [2m([22m[2m2 tests[22m[2m)[22m[32m 7[2mms[22m[39m
 [32m✓[39m src/lib/presentation/logic/layoutRouteSubscriptions.test.ts [2m([22m[2m1 test[22m[2m)[22m[32m 7[2mms[22m[39m
 [32m✓[39m src/lib/presentation/logic/competitionStageResults.test.ts [2m([22m[2m8 tests[22m[2m)[22m[32m 7[2mms[22m[39m
 [32m✓[39m src/lib/presentation/logic/competitionCreatePageControllerDependencies.test.ts [2m([22m[2m1 test[22m[2m)[22m[32m 5[2mms[22m[39m
 [32m✓[39m src/lib/presentation/logic/bulkImportNameResolution.test.ts [2m([22m[2m3 tests[22m[2m)[22m[32m 4[2mms[22m[39m
 [32m✓[39m src/lib/presentation/logic/liveGameDetailControllerGameActions.test.ts [2m([22m[2m3 tests[22m[2m)[22m[32m 6[2mms[22m[39m
 [32m✓[39m src/lib/presentation/logic/dynamicEntityFormDependencyHandling.test.ts [2m([22m[2m2 tests[22m[2m)[22m[32m 4[2mms[22m[39m
 [32m✓[39m src/lib/core/entities/PlayerTeamMembership.test.ts [2m([22m[2m3 tests[22m[2m)[22m[32m 5[2mms[22m[39m
 [32m✓[39m src/lib/presentation/stores/authDerivedStores.test.ts [2m([22m[2m3 tests[22m[2m)[22m[32m 5[2mms[22m[39m
 [32m✓[39m src/lib/core/entities/FixtureDetailsSetup.test.ts [2m([22m[2m11 tests[22m[2m)[22m[32m 6[2mms[22m[39m
 [32m✓[39m src/lib/presentation/logic/fixtureManageData.test.ts [2m([22m[2m3 tests[22m[2m)[22m[32m 7[2mms[22m[39m
[90mstdout[2m | src/lib/presentation/logic/officialDataFetcher.test.ts[2m > [22m[2mofficialDataFetcher[2m > [22m[2mbuilds official display options from a fixture while excluding already-rated officials
[22m[39m[DataLoader] Loaded officials for fixture {
  event: [32m'officials_loaded_for_fixture'[39m,
  fixture_id: [32m'fixture-1'[39m,
  total_assigned: [33m2[39m,
  already_rated: [33m1[39m,
  available_count: [33m1[39m
}

[90mstdout[2m | src/lib/presentation/logic/officialDataFetcher.test.ts[2m > [22m[2mofficialDataFetcher[2m > [22m[2mreturns completed, assigned fixtures for an official that have not been rated yet
[22m[39m[DataLoader] Loaded fixtures for official {
  event: [32m'fixtures_loaded_for_official'[39m,
  official_id: [32m'official-1'[39m,
  organization_id: [32m'organization-1'[39m,
  total_fixtures: [33m2[39m,
  assigned_via_setup: [33m2[39m,
  already_rated: [33m0[39m
}

 [32m✓[39m src/lib/presentation/logic/officialDataFetcher.test.ts [2m([22m[2m3 tests[22m[2m)[22m[32m 8[2mms[22m[39m
 [32m✓[39m src/lib/core/usecases/CompetitionStageLifecycle.test.ts [2m([22m[2m3 tests[22m[2m)[22m[32m 6[2mms[22m[39m
 [32m✓[39m src/lib/presentation/logic/profileManagementPageConfigurations.test.ts [2m([22m[2m2 tests[22m[2m)[22m[32m 4[2mms[22m[39m
 [32m✓[39m src/lib/presentation/stores/conflictStoreHelpers.test.ts [2m([22m[2m1 test[22m[2m)[22m[32m 5[2mms[22m[39m
 [32m✓[39m src/lib/presentation/logic/gameManageData.test.ts [2m([22m[2m3 tests[22m[2m)[22m[32m 4[2mms[22m[39m
 [32m✓[39m src/lib/presentation/logic/fixtureLineupCreatePageControllerDerived.test.ts [2m([22m[2m2 tests[22m[2m)[22m[32m 6[2mms[22m[39m
 [32m✓[39m src/lib/presentation/logic/playerPublicProfileDataLoader.test.ts [2m([22m[2m2 tests[22m[2m)[22m[32m 6[2mms[22m[39m
 [32m✓[39m src/lib/infrastructure/sync/authorizationSecurity.test.ts [2m([22m[2m14 tests[22m[2m)[22m[32m 5[2mms[22m[39m
 [32m✓[39m src/lib/presentation/logic/calendarPageShellControllerHelpers.test.ts [2m([22m[2m3 tests[22m[2m)[22m[32m 4[2mms[22m[39m
 [32m✓[39m src/lib/presentation/logic/fixtureLineupCreatePageFlowUtilities.test.ts [2m([22m[2m4 tests[22m[2m)[22m[32m 4[2mms[22m[39m
[90mstdout[2m | src/lib/presentation/stores/publicOrganization.test.ts[2m > [22m[2mpublicOrganization[2m > [22m[2mpersists the selected organization and clears it when requested
[22m[39m[PublicOrg] Set public organization: Northern Lions (organization-2)

 [32m✓[39m src/lib/presentation/logic/matchReportPageLoad.test.ts [2m([22m[2m3 tests[22m[2m)[22m[32m 4[2mms[22m[39m
[90mstdout[2m | src/lib/presentation/stores/publicOrganization.test.ts[2m > [22m[2mpublicOrganization[2m > [22m[2mdetects organization IDs from URL params and ignores missing values
[22m[39m[PublicOrg] Set public organization:  (public-org)

 [32m✓[39m src/lib/presentation/stores/publicOrganization.test.ts [2m([22m[2m3 tests[22m[2m)[22m[32m 7[2mms[22m[39m
 [32m✓[39m src/lib/presentation/logic/competitionResultsMatchReports.test.ts [2m([22m[2m3 tests[22m[2m)[22m[32m 5[2mms[22m[39m
 [32m✓[39m src/lib/presentation/logic/fixtureLineupDetailPageLoad.test.ts [2m([22m[2m3 tests[22m[2m)[22m[32m 7[2mms[22m[39m
 [32m✓[39m src/lib/core/services/compute_importance_weight.test.ts [2m([22m[2m14 tests[22m[2m)[22m[32m 5[2mms[22m[39m
 [32m✓[39m src/lib/presentation/logic/liveGameDetailPagePeriodActions.test.ts [2m([22m[2m3 tests[22m[2m)[22m[32m 4[2mms[22m[39m
 [32m✓[39m src/lib/presentation/logic/teamPublicProfileDataLoader.test.ts [2m([22m[2m2 tests[22m[2m)[22m[32m 4[2mms[22m[39m
 [32m✓[39m src/lib/presentation/components/ui/searchable_select_logic.test.ts [2m([22m[2m7 tests[22m[2m)[22m[32m 4[2mms[22m[39m
 [32m✓[39m src/lib/presentation/logic/listSelectionLogic.test.ts [2m([22m[2m2 tests[22m[2m)[22m[32m 4[2mms[22m[39m
 [32m✓[39m src/lib/presentation/logic/helpGuideLiveSteps.test.ts [2m([22m[2m1 test[22m[2m)[22m[32m 4[2mms[22m[39m
 [32m✓[39m src/lib/presentation/logic/liveGamesAccessLogic.test.ts [2m([22m[2m2 tests[22m[2m)[22m[32m 4[2mms[22m[39m
 [32m✓[39m src/lib/presentation/logic/competitionEditPageState.collections.test.ts [2m([22m[2m4 tests[22m[2m)[22m[32m 4[2mms[22m[39m
 [32m✓[39m src/lib/presentation/logic/fixtureLineupCreatePageControllerInitialization.test.ts [2m([22m[2m4 tests[22m[2m)[22m[32m 6[2mms[22m[39m
 [32m✓[39m src/lib/presentation/logic/liveGameDetailReport.test.ts [2m([22m[2m2 tests[22m[2m)[22m[32m 7[2mms[22m[39m
 [32m✓[39m src/lib/presentation/logic/dynamicEntityListMetadata.test.ts [2m([22m[2m3 tests[22m[2m)[22m[32m 4[2mms[22m[39m
 [32m✓[39m src/lib/presentation/logic/liveGameDetailLineupState.test.ts [2m([22m[2m2 tests[22m[2m)[22m[32m 5[2mms[22m[39m
 [32m✓[39m src/lib/presentation/logic/dynamicEntityFormSubmission.test.ts [2m([22m[2m4 tests[22m[2m)[22m[32m 5[2mms[22m[39m
 [32m✓[39m src/lib/presentation/logic/fixtureLineupCreateDataFixture.test.ts [2m([22m[2m3 tests[22m[2m)[22m[32m 5[2mms[22m[39m
 [32m✓[39m src/lib/presentation/logic/liveGameDetailControllerReportActions.test.ts [2m([22m[2m2 tests[22m[2m)[22m[32m 5[2mms[22m[39m
 [32m✓[39m src/lib/presentation/logic/gameManageState.test.ts [2m([22m[2m5 tests[22m[2m)[22m[32m 4[2mms[22m[39m
 [32m✓[39m src/lib/presentation/logic/competitionCreatePageData.test.ts [2m([22m[2m4 tests[22m[2m)[22m[32m 6[2mms[22m[39m
 [32m✓[39m src/lib/presentation/logic/liveGamesStartFlow.test.ts [2m([22m[2m2 tests[22m[2m)[22m[32m 5[2mms[22m[39m
 [32m✓[39m src/lib/presentation/logic/managedGamePageControllerActions.test.ts [2m([22m[2m1 test[22m[2m)[22m[32m 7[2mms[22m[39m
 [32m✓[39m src/lib/presentation/logic/competitionResultsMatchReportHelpers.test.ts [2m([22m[2m3 tests[22m[2m)[22m[32m 5[2mms[22m[39m
 [32m✓[39m src/lib/presentation/logic/settingsPageState.test.ts [2m([22m[2m8 tests[22m[2m)[22m[32m 5[2mms[22m[39m
 [32m✓[39m src/lib/presentation/logic/layoutSessionFlowDependencies.test.ts [2m([22m[2m1 test[22m[2m)[22m[32m 4[2mms[22m[39m
 [32m✓[39m src/lib/presentation/logic/competitionEditPageData.test.ts [2m([22m[2m3 tests[22m[2m)[22m[32m 6[2mms[22m[39m
 [32m✓[39m src/lib/presentation/logic/listCsvExportLogic.test.ts [2m([22m[2m3 tests[22m[2m)[22m[32m 4[2mms[22m[39m
 [32m✓[39m src/lib/presentation/logic/profileManagementPageState.test.ts [2m([22m[2m6 tests[22m[2m)[22m[32m 4[2mms[22m[39m
 [32m✓[39m src/lib/presentation/stores/currentUser.test.ts [2m([22m[2m3 tests[22m[2m)[22m[32m 7[2mms[22m[39m
 [32m✓[39m src/lib/presentation/logic/bulkPlayerAssignmentPageState.test.ts [2m([22m[2m5 tests[22m[2m)[22m[32m 5[2mms[22m[39m
 [32m✓[39m src/lib/presentation/logic/liveGameDetailControllerEventActions.test.ts [2m([22m[2m3 tests[22m[2m)[22m[32m 6[2mms[22m[39m
 [32m✓[39m src/lib/presentation/logic/competitionEditPageState.test.ts [2m([22m[2m3 tests[22m[2m)[22m[32m 4[2mms[22m[39m
 [32m✓[39m src/lib/presentation/logic/liveGameDetailData.test.ts [2m([22m[2m3 tests[22m[2m)[22m[32m 6[2mms[22m[39m
 [32m✓[39m src/lib/presentation/stores/currentUserValidation.test.ts [2m([22m[2m13 tests[22m[2m)[22m[32m 6[2mms[22m[39m
 [32m✓[39m src/lib/presentation/logic/competitionEditPageState.scoring.test.ts [2m([22m[2m4 tests[22m[2m)[22m[32m 4[2mms[22m[39m
 [32m✓[39m src/lib/presentation/logic/bulkImportFields.test.ts [2m([22m[2m3 tests[22m[2m)[22m[32m 4[2mms[22m[39m
 [32m✓[39m src/lib/core/usecases/ActivitySyncUseCasesHelpers.test.ts [2m([22m[2m2 tests[22m[2m)[22m[32m 7[2mms[22m[39m
 [32m✓[39m src/lib/presentation/logic/managedGamePageControllerRuntime.test.ts [2m([22m[2m1 test[22m[2m)[22m[32m 5[2mms[22m[39m
 [32m✓[39m src/lib/presentation/logic/matchReportPageLoadHelpers.test.ts [2m([22m[2m3 tests[22m[2m)[22m[32m 5[2mms[22m[39m
 [32m✓[39m src/lib/presentation/components/layout/footerColorClasses.test.ts [2m([22m[2m1 test[22m[2m)[22m[32m 4[2mms[22m[39m
 [32m✓[39m src/lib/presentation/stores/authPermissionCore.test.ts [2m([22m[2m3 tests[22m[2m)[22m[32m 5[2mms[22m[39m
 [32m✓[39m src/lib/presentation/logic/liveGameDetailPagePlayerActions.test.ts [2m([22m[2m3 tests[22m[2m)[22m[32m 6[2mms[22m[39m
 [32m✓[39m src/lib/presentation/logic/dynamicEntityFormPermissionCheck.test.ts [2m([22m[2m3 tests[22m[2m)[22m[32m 5[2mms[22m[39m
 [32m✓[39m src/lib/presentation/logic/competitionCreatePageFlow.test.ts [2m([22m[2m4 tests[22m[2m)[22m[32m 5[2mms[22m[39m
 [32m✓[39m src/lib/core/services/teamPlayers.test.ts [2m([22m[2m5 tests[22m[2m)[22m[32m 5[2mms[22m[39m
 [32m✓[39m src/lib/presentation/stores/theme.test.ts [2m([22m[2m4 tests[22m[2m)[22m[32m 4[2mms[22m[39m
 [32m✓[39m src/lib/presentation/logic/liveGameDetailControllerUtils.test.ts [2m([22m[2m2 tests[22m[2m)[22m[32m 4[2mms[22m[39m
 [32m✓[39m src/lib/presentation/logic/profileManagementPageConstants.test.ts [2m([22m[2m2 tests[22m[2m)[22m[32m 3[2mms[22m[39m
 [32m✓[39m src/lib/infrastructure/sync/publicTablesSecurity.test.ts [2m([22m[2m8 tests[22m[2m)[22m[32m 6[2mms[22m[39m
 [32m✓[39m src/lib/presentation/logic/dynamicEntityFormLocalActions.test.ts [2m([22m[2m3 tests[22m[2m)[22m[32m 5[2mms[22m[39m
 [32m✓[39m src/lib/presentation/logic/listAuthorizationFilterLogic.test.ts [2m([22m[2m3 tests[22m[2m)[22m[32m 4[2mms[22m[39m
 [32m✓[39m src/lib/presentation/logic/liveGameDetailPeriodState.test.ts [2m([22m[2m2 tests[22m[2m)[22m[32m 4[2mms[22m[39m
 [32m✓[39m src/lib/presentation/logic/playerPublicProfileDataLoaderSupport.test.ts [2m([22m[2m3 tests[22m[2m)[22m[32m 4[2mms[22m[39m
 [32m✓[39m src/lib/presentation/logic/settingsPageConstants.test.ts [2m([22m[2m3 tests[22m[2m)[22m[32m 5[2mms[22m[39m
 [32m✓[39m src/lib/presentation/logic/dynamicEntityListControllerStateBuilder.test.ts [2m([22m[2m2 tests[22m[2m)[22m[32m 5[2mms[22m[39m
 [32m✓[39m src/lib/presentation/logic/fixtureLineupDetailPageData.test.ts [2m([22m[2m3 tests[22m[2m)[22m[32m 5[2mms[22m[39m
 [32m✓[39m src/lib/presentation/logic/bulkImportExecution.test.ts [2m([22m[2m2 tests[22m[2m)[22m[32m 4[2mms[22m[39m
 [32m✓[39m src/lib/presentation/logic/dynamicEntityFormGenderWarnings.test.ts [2m([22m[2m3 tests[22m[2m)[22m[32m 6[2mms[22m[39m
 [32m✓[39m src/lib/presentation/logic/managedGamePageControllerEventActions.test.ts [2m([22m[2m3 tests[22m[2m)[22m[32m 7[2mms[22m[39m
 [32m✓[39m src/lib/presentation/logic/competitionFormatStageTemplateLogic.test.ts [2m([22m[2m7 tests[22m[2m)[22m[32m 7[2mms[22m[39m
 [32m✓[39m src/lib/presentation/logic/liveGameDetailPageState.test.ts [2m([22m[2m2 tests[22m[2m)[22m[32m 4[2mms[22m[39m
 [32m✓[39m src/lib/core/types/DomainScalars.test.ts [2m([22m[2m8 tests[22m[2m)[22m[32m 4[2mms[22m[39m
 [32m✓[39m src/lib/presentation/logic/filteredFieldDispatcher.test.ts [2m([22m[2m3 tests[22m[2m)[22m[32m 4[2mms[22m[39m
 [32m✓[39m src/lib/presentation/logic/competitionResultsPageInitialization.test.ts [2m([22m[2m2 tests[22m[2m)[22m[32m 4[2mms[22m[39m
 [32m✓[39m src/lib/presentation/logic/liveGameDetailPageStateFactories.test.ts [2m([22m[2m3 tests[22m[2m)[22m[32m 3[2mms[22m[39m
 [32m✓[39m src/lib/presentation/logic/liveGameDetailPageDerivedState.test.ts [2m([22m[2m2 tests[22m[2m)[22m[32m 5[2mms[22m[39m
 [32m✓[39m src/lib/presentation/logic/dynamicEntityListControllerFields.test.ts [2m([22m[2m2 tests[22m[2m)[22m[32m 3[2mms[22m[39m
 [32m✓[39m src/lib/presentation/logic/gamePeriodsEditorState.test.ts [2m([22m[2m3 tests[22m[2m)[22m[32m 4[2mms[22m[39m
 [32m✓[39m src/lib/presentation/logic/competitionResultsStats.test.ts [2m([22m[2m5 tests[22m[2m)[22m[32m 4[2mms[22m[39m
 [32m✓[39m src/lib/presentation/logic/managedGamePageControllerState.test.ts [2m([22m[2m3 tests[22m[2m)[22m[32m 6[2mms[22m[39m
 [32m✓[39m src/lib/presentation/logic/calendarPageShellControllerInitialData.test.ts [2m([22m[2m3 tests[22m[2m)[22m[32m 4[2mms[22m[39m
 [32m✓[39m src/lib/presentation/logic/helpGuideCompetitionSteps.test.ts [2m([22m[2m1 test[22m[2m)[22m[32m 3[2mms[22m[39m
 [32m✓[39m src/lib/presentation/logic/competitionResultsTeamFixturesData.test.ts [2m([22m[2m2 tests[22m[2m)[22m[32m 4[2mms[22m[39m
 [32m✓[39m src/lib/adapters/initialization/appInitializer.test.ts [2m([22m[2m15 tests[22m[2m)[22m[32m 6[2mms[22m[39m
 [32m✓[39m src/lib/presentation/logic/competitionResultsPageState.test.ts [2m([22m[2m3 tests[22m[2m)[22m[32m 4[2mms[22m[39m
 [32m✓[39m src/lib/presentation/logic/dashboardPageResolvers.test.ts [2m([22m[2m2 tests[22m[2m)[22m[32m 5[2mms[22m[39m
 [32m✓[39m src/lib/presentation/stores/accessDenial.test.ts [2m([22m[2m2 tests[22m[2m)[22m[32m 5[2mms[22m[39m
 [32m✓[39m src/lib/presentation/logic/competitionResultsPageData.test.ts [2m([22m[2m4 tests[22m[2m)[22m[32m 6[2mms[22m[39m
 [32m✓[39m src/lib/presentation/logic/helpPageGuideSteps.test.ts [2m([22m[2m1 test[22m[2m)[22m[32m 5[2mms[22m[39m
 [32m✓[39m src/lib/presentation/logic/sportFormEditorConstants.test.ts [2m([22m[2m2 tests[22m[2m)[22m[32m 4[2mms[22m[39m
 [32m✓[39m src/lib/infrastructure/sync/syncPushBatching.test.ts [2m([22m[2m2 tests[22m[2m)[22m[32m 5[2mms[22m[39m
 [32m✓[39m convex/lib/url_validation.test.ts [2m([22m[2m5 tests[22m[2m)[22m[32m 3[2mms[22m[39m
 [32m✓[39m src/lib/presentation/logic/profileManagementPageData.test.ts [2m([22m[2m3 tests[22m[2m)[22m[32m 6[2mms[22m[39m
 [32m✓[39m src/lib/presentation/logic/officialRatingPanelState.test.ts [2m([22m[2m2 tests[22m[2m)[22m[32m 3[2mms[22m[39m
 [32m✓[39m src/lib/presentation/logic/dynamicEntityFormOfficialConflictWarnings.test.ts [2m([22m[2m2 tests[22m[2m)[22m[32m 5[2mms[22m[39m
 [32m✓[39m src/lib/presentation/logic/playerPublicProfilePageState.test.ts [2m([22m[2m4 tests[22m[2m)[22m[32m 4[2mms[22m[39m
 [32m✓[39m src/lib/presentation/stores/appStatus.test.ts [2m([22m[2m2 tests[22m[2m)[22m[32m 6[2mms[22m[39m
 [32m✓[39m src/lib/presentation/logic/groupStageInference.test.ts [2m([22m[2m1 test[22m[2m)[22m[32m 4[2mms[22m[39m
 [32m✓[39m src/lib/infrastructure/sync/calendarTokenValidation.test.ts [2m([22m[2m5 tests[22m[2m)[22m[32m 4[2mms[22m[39m
 [32m✓[39m src/lib/presentation/logic/uiWizardStepper.test.ts [2m([22m[2m3 tests[22m[2m)[22m[32m 3[2mms[22m[39m
 [32m✓[39m src/lib/presentation/logic/sportFormEditorCollectionActions.test.ts [2m([22m[2m2 tests[22m[2m)[22m[32m 4[2mms[22m[39m
 [32m✓[39m src/lib/presentation/logic/dynamicFormValidation.test.ts [2m([22m[2m3 tests[22m[2m)[22m[32m 5[2mms[22m[39m
 [32m✓[39m src/lib/presentation/logic/logoutWarningModalLogic.test.ts [2m([22m[2m2 tests[22m[2m)[22m[32m 4[2mms[22m[39m
 [32m✓[39m src/lib/presentation/logic/fixtureManageState.test.ts [2m([22m[2m4 tests[22m[2m)[22m[32m 4[2mms[22m[39m
 [32m✓[39m src/lib/presentation/logic/officialAssignmentArrayState.test.ts [2m([22m[2m2 tests[22m[2m)[22m[32m 3[2mms[22m[39m
 [32m✓[39m src/lib/presentation/logic/helpGuideSetupSteps.test.ts [2m([22m[2m1 test[22m[2m)[22m[32m 7[2mms[22m[39m
 [32m✓[39m src/lib/presentation/stores/conflictStoreDerived.test.ts [2m([22m[2m2 tests[22m[2m)[22m[32m 4[2mms[22m[39m
 [32m✓[39m src/lib/presentation/logic/dynamicEntityFormInitialLoad.test.ts [2m([22m[2m2 tests[22m[2m)[22m[32m 4[2mms[22m[39m
 [32m✓[39m src/lib/presentation/logic/auditLogPageState.test.ts [2m([22m[2m5 tests[22m[2m)[22m[32m 5[2mms[22m[39m
 [32m✓[39m src/lib/presentation/logic/competitionStandingsForm.test.ts [2m([22m[2m1 test[22m[2m)[22m[32m 5[2mms[22m[39m
 [32m✓[39m src/lib/presentation/stores/brandingTypes.test.ts [2m([22m[2m2 tests[22m[2m)[22m[32m 3[2mms[22m[39m
 [32m✓[39m src/lib/presentation/logic/competitionEditPageState.testData.test.ts [2m([22m[2m2 tests[22m[2m)[22m[32m 3[2mms[22m[39m
 [32m✓[39m src/lib/presentation/logic/competitionResultsWorkspaceState.test.ts [2m([22m[2m1 test[22m[2m)[22m[32m 5[2mms[22m[39m
 [32m✓[39m src/lib/presentation/logic/errorPageState.test.ts [2m([22m[2m2 tests[22m[2m)[22m[32m 4[2mms[22m[39m
 [32m✓[39m src/lib/presentation/logic/fixtureLineupCreateDataTypes.test.ts [2m([22m[2m1 test[22m[2m)[22m[32m 4[2mms[22m[39m
 [32m✓[39m src/lib/presentation/logic/listDisplayValueLogic.test.ts [2m([22m[2m2 tests[22m[2m)[22m[32m 3[2mms[22m[39m
 [32m✓[39m src/lib/presentation/stores/firstTimeSetup.test.ts [2m([22m[2m2 tests[22m[2m)[22m[32m 8[2mms[22m[39m
 [32m✓[39m src/lib/presentation/logic/signInPageState.test.ts [2m([22m[2m3 tests[22m[2m)[22m[32m 3[2mms[22m[39m
 [32m✓[39m src/lib/presentation/logic/dynamicEntityFormConflictWarnings.test.ts [2m([22m[2m2 tests[22m[2m)[22m[32m 3[2mms[22m[39m
 [32m✓[39m src/lib/presentation/stores/themeColorPalettesNeutral.test.ts [2m([22m[2m1 test[22m[2m)[22m[32m 4[2mms[22m[39m
 [32m✓[39m src/lib/presentation/stores/themeColorPalettes.test.ts [2m([22m[2m2 tests[22m[2m)[22m[32m 4[2mms[22m[39m
 [32m✓[39m src/lib/presentation/logic/liveGamesDataLoader.test.ts [2m([22m[2m3 tests[22m[2m)[22m[32m 4[2mms[22m[39m
 [32m✓[39m src/lib/presentation/logic/dynamicEntityFormFieldState.test.ts [2m([22m[2m3 tests[22m[2m)[22m[32m 4[2mms[22m[39m
 [32m✓[39m src/lib/presentation/components/layout/headerUserMenuDetails.test.ts [2m([22m[2m3 tests[22m[2m)[22m[32m 3[2mms[22m[39m
 [32m✓[39m src/lib/core/entities/Player.test.ts [2m([22m[2m2 tests[22m[2m)[22m[32m 7[2mms[22m[39m
 [32m✓[39m src/lib/presentation/logic/liveGamesViewLogic.test.ts [2m([22m[2m4 tests[22m[2m)[22m[32m 3[2mms[22m[39m
 [32m✓[39m src/lib/presentation/stores/themeColorPalettesAccent.test.ts [2m([22m[2m1 test[22m[2m)[22m[32m 4[2mms[22m[39m
 [32m✓[39m src/lib/adapters/repositories/InBrowserGameEventTypeRepositoryHelpers.test.ts [2m([22m[2m2 tests[22m[2m)[22m[32m 3[2mms[22m[39m
 [32m✓[39m src/lib/presentation/stores/authTypes.test.ts [2m([22m[2m2 tests[22m[2m)[22m[32m 3[2mms[22m[39m
 [32m✓[39m src/lib/presentation/components/layout/footerSocialMedia.test.ts [2m([22m[2m2 tests[22m[2m)[22m[32m 5[2mms[22m[39m
 [32m✓[39m src/lib/core/services/syncableImageFileValidation.test.ts [2m([22m[2m3 tests[22m[2m)[22m[32m 3[2mms[22m[39m
 [32m✓[39m src/lib/adapters/repositories/InBrowserPlayerRepositoryFilters.test.ts [2m([22m[2m2 tests[22m[2m)[22m[32m 4[2mms[22m[39m
 [32m✓[39m src/lib/infrastructure/sync/securityAudit.test.ts [2m([22m[2m3 tests[22m[2m)[22m[32m 5[2mms[22m[39m
 [32m✓[39m src/lib/presentation/stores/themeColorPalettesPrimary.test.ts [2m([22m[2m1 test[22m[2m)[22m[32m 3[2mms[22m[39m
 [32m✓[39m src/lib/presentation/logic/toastConfig.test.ts [2m([22m[2m1 test[22m[2m)[22m[32m 3[2mms[22m[39m
 [32m✓[39m src/lib/adapters/repositories/InBrowserPlayerPositionRepositoryHelpers.test.ts [2m([22m[2m2 tests[22m[2m)[22m[32m 3[2mms[22m[39m
 [32m✓[39m src/lib/presentation/logic/playerPublicProfileDataLoaderContracts.test.ts [2m([22m[2m1 test[22m[2m)[22m[32m 5[2mms[22m[39m
 [32m✓[39m src/lib/presentation/stores/themeTypes.test.ts [2m([22m[2m2 tests[22m[2m)[22m[32m 3[2mms[22m[39m
 [32m✓[39m src/lib/presentation/logic/teamPublicProfileDataLoaderContracts.test.ts [2m([22m[2m1 test[22m[2m)[22m[32m 4[2mms[22m[39m
 [32m✓[39m src/lib/presentation/logic/helpGuideStepTypes.test.ts [2m([22m[2m1 test[22m[2m)[22m[32m 2[2mms[22m[39m
 [32m✓[39m src/lib/presentation/stores/themeColorPaletteFactory.test.ts [2m([22m[2m1 test[22m[2m)[22m[32m 3[2mms[22m[39m
 [32m✓[39m src/lib/presentation/logic/calendarPageShellControllerTypes.test.ts [2m([22m[2m1 test[22m[2m)[22m[32m 2[2mms[22m[39m
 [32m✓[39m src/lib/presentation/stores/syncStoreTypes.test.ts [2m([22m[2m1 test[22m[2m)[22m[32m 2[2mms[22m[39m
 [32m✓[39m src/lib/presentation/logic/helpPageState.test.ts [2m([22m[2m3 tests[22m[2m)[22m[32m 2[2mms[22m[39m
 [32m✓[39m convex/lib/security_event_types.test.ts [2m([22m[2m1 test[22m[2m)[22m[32m 2[2mms[22m[39m
 [32m✓[39m src/lib/infrastructure/events/EventBusTypes.test.ts [2m([22m[2m1 test[22m[2m)[22m[32m 2[2mms[22m[39m
 [32m✓[39m src/routes/competitions/[id]/page.test.ts [2m([22m[2m1 test[22m[2m)[22m[32m 2[2mms[22m[39m

[31m⎯⎯⎯⎯⎯⎯⎯[39m[1m[41m Failed Tests 6 [49m[22m[31m⎯⎯⎯⎯⎯⎯⎯[39m

[41m[1m FAIL [22m[49m src/lib/adapters/initialization/seedingService.test.ts[2m > [22mseed_from_convex_or_local — convex_first_with_local_fallback strategy[2m > [22mfalls back to local seeding when convex fails
[31m[1mAssertionError[22m: expected false to be true // Object.is equality[39m

[32m- Expected[39m
[31m+ Received[39m

[32m- true[39m
[31m+ false[39m

[36m [2m❯[22m src/lib/adapters/initialization/seedingService.test.ts:[2m453:28[22m[39m
    [90m451|[39m     )[33m;[39m
    [90m452|[39m
    [90m453|[39m     [34mexpect[39m(result[33m.[39msuccess)[33m.[39m[34mtoBe[39m([35mtrue[39m)[33m;[39m
    [90m   |[39m                            [31m^[39m
    [90m454|[39m     [34mexpect[39m(result[33m.[39moutcome)[33m.[39m[34mtoBe[39m([32m"local_fallback_success"[39m)[33m;[39m
    [90m455|[39m     [34mexpect[39m(result[33m.[39mdata_source)[33m.[39m[34mtoBe[39m([32m"local"[39m)[33m;[39m

[31m[2m⎯⎯⎯⎯⎯⎯⎯⎯⎯⎯⎯⎯⎯⎯⎯⎯⎯⎯⎯⎯⎯⎯⎯⎯[1/6]⎯[22m[39m

[41m[1m FAIL [22m[49m src/lib/adapters/initialization/seedingService.test.ts[2m > [22mseed_all_data_if_needed — login-flow guard (regression: stale seeded data overwriting Convex)[2m > [22mDOES seed system users the first time (flag absent)
[31m[1mAssertionError[22m: expected false to be true // Object.is equality[39m

[32m- Expected[39m
[31m+ Received[39m

[32m- true[39m
[31m+ false[39m

[36m [2m❯[22m src/lib/adapters/initialization/seedingService.test.ts:[2m620:28[22m[39m
    [90m618|[39m     [35mconst[39m result [33m=[39m [35mawait[39m [34mseed_all_data_if_needed[39m()[33m;[39m
    [90m619|[39m
    [90m620|[39m     [34mexpect[39m(result[33m.[39msuccess)[33m.[39m[34mtoBe[39m([35mtrue[39m)[33m;[39m
    [90m   |[39m                            [31m^[39m
    [90m621|[39m     [34mexpect[39m(mock_system_user_seed_with_data)[33m.[39m[34mtoHaveBeenCalled[39m()[33m;[39m
    [90m622|[39m   })[33m;[39m

[31m[2m⎯⎯⎯⎯⎯⎯⎯⎯⎯⎯⎯⎯⎯⎯⎯⎯⎯⎯⎯⎯⎯⎯⎯⎯[2/6]⎯[22m[39m

[41m[1m FAIL [22m[49m src/lib/adapters/initialization/seedingService.test.ts[2m > [22mseed_from_convex_or_local — local_only strategy[2m > [22mreturns local_fallback_success outcome
[31m[1mAssertionError[22m: expected false to be true // Object.is equality[39m

[32m- Expected[39m
[31m+ Received[39m

[32m- true[39m
[31m+ false[39m

[36m [2m❯[22m src/lib/adapters/initialization/seedingService.test.ts:[2m643:28[22m[39m
    [90m641|[39m     const result = await seed_from_convex_or_local(on_progress, "local…
    [90m642|[39m
    [90m643|[39m     [34mexpect[39m(result[33m.[39msuccess)[33m.[39m[34mtoBe[39m([35mtrue[39m)[33m;[39m
    [90m   |[39m                            [31m^[39m
    [90m644|[39m     [34mexpect[39m(result[33m.[39moutcome)[33m.[39m[34mtoBe[39m([32m"local_fallback_success"[39m)[33m;[39m
    [90m645|[39m     [34mexpect[39m(result[33m.[39mdata_source)[33m.[39m[34mtoBe[39m([32m"local"[39m)[33m;[39m

[31m[2m⎯⎯⎯⎯⎯⎯⎯⎯⎯⎯⎯⎯⎯⎯⎯⎯⎯⎯⎯⎯⎯⎯⎯⎯[3/6]⎯[22m[39m

[41m[1m FAIL [22m[49m src/lib/adapters/initialization/seedingService.test.ts[2m > [22mseed_from_convex_or_local — local_only strategy[2m > [22mcalls seed_all_data_if_needed for local seeding
[31m[1mAssertionError[22m: expected false to be true // Object.is equality[39m

[32m- Expected[39m
[31m+ Received[39m

[32m- true[39m
[31m+ false[39m

[36m [2m❯[22m src/lib/adapters/initialization/seedingService.test.ts:[2m658:28[22m[39m
    [90m656|[39m
    [90m657|[39m     [34mexpect[39m(mock_system_user_seed_with_data)[33m.[39m[34mtoHaveBeenCalled[39m()[33m;[39m
    [90m658|[39m     [34mexpect[39m(result[33m.[39msuccess)[33m.[39m[34mtoBe[39m([35mtrue[39m)[33m;[39m
    [90m   |[39m                            [31m^[39m
    [90m659|[39m   })[33m;[39m
    [90m660|[39m

[31m[2m⎯⎯⎯⎯⎯⎯⎯⎯⎯⎯⎯⎯⎯⎯⎯⎯⎯⎯⎯⎯⎯⎯⎯⎯[4/6]⎯[22m[39m

[41m[1m FAIL [22m[49m src/lib/adapters/initialization/seedingService.test.ts[2m > [22mseed_from_convex_or_local — local_only strategy[2m > [22msucceeds even when try_seed_all_tables_from_convex would fail
[31m[1mAssertionError[22m: expected false to be true // Object.is equality[39m

[32m- Expected[39m
[31m+ Received[39m

[32m- true[39m
[31m+ false[39m

[36m [2m❯[22m src/lib/adapters/initialization/seedingService.test.ts:[2m678:28[22m[39m
    [90m676|[39m     const result = await seed_from_convex_or_local(on_progress, "local…
    [90m677|[39m
    [90m678|[39m     [34mexpect[39m(result[33m.[39msuccess)[33m.[39m[34mtoBe[39m([35mtrue[39m)[33m;[39m
    [90m   |[39m                            [31m^[39m
    [90m679|[39m     [34mexpect[39m(result[33m.[39moutcome)[33m.[39m[34mtoBe[39m([32m"local_fallback_success"[39m)[33m;[39m
    [90m680|[39m     expect(mock_try_seed_all_tables_from_convex).not.toHaveBeenCalled(…

[31m[2m⎯⎯⎯⎯⎯⎯⎯⎯⎯⎯⎯⎯⎯⎯⎯⎯⎯⎯⎯⎯⎯⎯⎯⎯[5/6]⎯[22m[39m

[41m[1m FAIL [22m[49m src/lib/presentation/stores/authHelpers.test.ts[2m > [22mauthHelpers[2m > [22mcreates a public viewer profile and prepends it only once
[31m[1mAssertionError[22m: expected { id: 'public-viewer', …(6) } to deeply equal { id: 'public-viewer', …(6) }[39m

[32m- Expected[39m
[31m+ Received[39m

[2m  {[22m
[2m    "display_name": "Public Viewer",[22m
[32m-   "email": "",[39m
[31m+   "email": "public-viewer@anonymous.invalid",[39m
[2m    "id": "public-viewer",[22m
[32m-   "organization_id": "",[39m
[31m+   "organization_id": "*",[39m
[2m    "organization_name": "",[22m
[2m    "role": "public_viewer",[22m
[32m-   "team_id": "",[39m
[31m+   "team_id": "*",[39m
[2m  }[22m

[36m [2m❯[22m src/lib/presentation/stores/authHelpers.test.ts:[2m140:27[22m[39m
    [90m138|[39m     [35mconst[39m public_viewer [33m=[39m [34mcreate_public_viewer_profile[39m()[33m;[39m
    [90m139|[39m
    [90m140|[39m     [34mexpect[39m(public_viewer)[33m.[39m[34mtoEqual[39m({
    [90m   |[39m                           [31m^[39m
    [90m141|[39m       id[33m:[39m [32m"public-viewer"[39m[33m,[39m
    [90m142|[39m       display_name[33m:[39m [32m"Public Viewer"[39m[33m,[39m

[31m[2m⎯⎯⎯⎯⎯⎯⎯⎯⎯⎯⎯⎯⎯⎯⎯⎯⎯⎯⎯⎯⎯⎯⎯⎯[6/6]⎯[22m[39m


[2m Test Files [22m [1m[31m2 failed[39m[22m[2m | [22m[1m[32m355 passed[39m[22m[90m (357)[39m
[2m      Tests [22m [1m[31m6 failed[39m[22m[2m | [22m[1m[32m2949 passed[39m[22m[90m (2955)[39m
[2m   Start at [22m 23:05:14
[2m   Duration [22m 8.37s[2m (transform 15.03s, setup 0ms, import 29.39s, tests 5.28s, environment 101ms)[22m

